
 Start         Length     Name                   Class
 0001:00000000 0004C38CH .text                   CODE
 0002:00000000 00001124H .data                   DATA
 0002:00001124 00000BD9H .bss                    BSS


Detailed map of segments

 0001:00000000 00004F9F C=CODE     S=.text    G=(none)   M=System   ACBP=A9
 0001:00004FA0 00000140 C=CODE     S=.text    G=(none)   M=SysInit  ACBP=A9
 0001:000050E0 00000078 C=CODE     S=.text    G=(none)   M=Types    ACBP=A9
 0001:00005158 00000BF4 C=CODE     S=.text    G=(none)   M=Windows  ACBP=A9
 0001:00005D4C 00000038 C=CODE     S=.text    G=(none)   M=Messages ACBP=A9
 0001:00005D84 00000310 C=CODE     S=.text    G=(none)   M=SysConst ACBP=A9
 0001:00006094 0000653C C=CODE     S=.text    G=(none)   M=SysUtils ACBP=A9
 0001:0000C5D0 000007FB C=CODE     S=.text    G=(none)   M=VarUtils ACBP=A9
 0001:0000CDCC 00002A42 C=CODE     S=.text    G=(none)   M=Variants ACBP=A9
 0001:0000F810 00000120 C=CODE     S=.text    G=(none)   M=RTLConsts ACBP=A9
 0001:0000F930 000007E8 C=CODE     S=.text    G=(none)   M=TypInfo  ACBP=A9
 0001:00010118 00000038 C=CODE     S=.text    G=(none)   M=ActiveX  ACBP=A9
 0001:00010150 0000973E C=CODE     S=.text    G=(none)   M=Classes  ACBP=A9
 0001:00019890 00000290 C=CODE     S=.text    G=(none)   M=Consts   ACBP=A9
 0001:00019B20 000072D7 C=CODE     S=.text    G=(none)   M=Graphics ACBP=A9
 0001:00020DF8 00000048 C=CODE     S=.text    G=(none)   M=Math     ACBP=A9
 0001:00020E40 000002B8 C=CODE     S=.text    G=(none)   M=Contnrs  ACBP=A9
 0001:000210F8 000000F4 C=CODE     S=.text    G=(none)   M=CommCtrl ACBP=A9
 0001:000211EC 00000787 C=CODE     S=.text    G=(none)   M=MultiMon ACBP=A9
 0001:00021974 00000038 C=CODE     S=.text    G=(none)   M=Imm      ACBP=A9
 0001:000219AC 00000FF8 C=CODE     S=.text    G=(none)   M=HelpIntfs ACBP=A9
 0001:000229A4 00000038 C=CODE     S=.text    G=(none)   M=WinSpool ACBP=A9
 0001:000229DC 00000044 C=CODE     S=.text    G=(none)   M=Printers ACBP=A9
 0001:00022A20 0000031F C=CODE     S=.text    G=(none)   M=FlatSB   ACBP=A9
 0001:00022D40 000001A4 C=CODE     S=.text    G=(none)   M=SyncObjs ACBP=A9
 0001:00022EE4 000009BB C=CODE     S=.text    G=(none)   M=UxTheme  ACBP=A9
 0001:000238A0 00000038 C=CODE     S=.text    G=(none)   M=RichEdit ACBP=A9
 0001:000238D8 00000038 C=CODE     S=.text    G=(none)   M=ToolWin  ACBP=A9
 0001:00023910 00000038 C=CODE     S=.text    G=(none)   M=ShellAPI ACBP=A9
 0001:00023948 00000038 C=CODE     S=.text    G=(none)   M=RegStr   ACBP=A9
 0001:00023980 00000038 C=CODE     S=.text    G=(none)   M=WinInet  ACBP=A9
 0001:000239B8 00000038 C=CODE     S=.text    G=(none)   M=UrlMon   ACBP=A9
 0001:000239F0 00000038 C=CODE     S=.text    G=(none)   M=ShlObj   ACBP=A9
 0001:00023A28 00000038 C=CODE     S=.text    G=(none)   M=CommDlg  ACBP=A9
 0001:00023A60 00000038 C=CODE     S=.text    G=(none)   M=Dlgs     ACBP=A9
 0001:00023A98 0000066D C=CODE     S=.text    G=(none)   M=Dialogs  ACBP=A9
 0001:00024108 00000652 C=CODE     S=.text    G=(none)   M=ExtCtrls ACBP=A9
 0001:0002475C 00000038 C=CODE     S=.text    G=(none)   M=ComStrs  ACBP=A9
 0001:00024794 00000094 C=CODE     S=.text    G=(none)   M=Clipbrd  ACBP=A9
 0001:00024828 00000038 C=CODE     S=.text    G=(none)   M=StrUtils ACBP=A9
 0001:00024860 000000F5 C=CODE     S=.text    G=(none)   M=Buttons  ACBP=A9
 0001:00024958 00000038 C=CODE     S=.text    G=(none)   M=ExtDlgs  ACBP=A9
 0001:00024990 00000068 C=CODE     S=.text    G=(none)   M=IniFiles ACBP=A9
 0001:000249F8 00000068 C=CODE     S=.text    G=(none)   M=Registry ACBP=A9
 0001:00024A60 0000006C C=CODE     S=.text    G=(none)   M=Mapi     ACBP=A9
 0001:00024ACC 00000058 C=CODE     S=.text    G=(none)   M=ExtActns ACBP=A9
 0001:00024B24 00000038 C=CODE     S=.text    G=(none)   M=ListActns ACBP=A9
 0001:00024B5C 00000180 C=CODE     S=.text    G=(none)   M=ComCtrls ACBP=A9
 0001:00024CDC 00000A0C C=CODE     S=.text    G=(none)   M=Themes   ACBP=A9
 0001:000256E8 00000038 C=CODE     S=.text    G=(none)   M=StdCtrls ACBP=A9
 0001:00025720 00000168 C=CODE     S=.text    G=(none)   M=StdActns ACBP=A9
 0001:00025888 00000D1F C=CODE     S=.text    G=(none)   M=WinHelpViewer ACBP=A9
 0001:000265A8 00010467 C=CODE     S=.text    G=(none)   M=Controls ACBP=A9
 0001:00036A10 00001292 C=CODE     S=.text    G=(none)   M=ActnList ACBP=A9
 0001:00037CA4 000016E4 C=CODE     S=.text    G=(none)   M=ImgList  ACBP=A9
 0001:00039388 000066AD C=CODE     S=.text    G=(none)   M=Menus    ACBP=A9
 0001:0003FA38 0000C540 C=CODE     S=.text    G=(none)   M=Forms    ACBP=A9
 0001:0004BF78 000001C4 C=CODE     S=.text    G=(none)   M=DummyUnit ACBP=A9
 0001:0004C13C 0000024D C=CODE     S=.text    G=(none)   M=Dummy    ACBP=A9
 0002:00000000 0000009C C=DATA     S=.data    G=DGROUP   M=System   ACBP=A9
 0002:0000009C 00000020 C=DATA     S=.data    G=DGROUP   M=SysInit  ACBP=A9
 0002:000000BC 00000254 C=DATA     S=.data    G=DGROUP   M=SysUtils ACBP=A9
 0002:00000310 00000008 C=DATA     S=.data    G=DGROUP   M=VarUtils ACBP=A9
 0002:00000318 0000008E C=DATA     S=.data    G=DGROUP   M=Variants ACBP=A9
 0002:000003A8 0000000C C=DATA     S=.data    G=DGROUP   M=TypInfo  ACBP=A9
 0002:000003B4 00000064 C=DATA     S=.data    G=DGROUP   M=Classes  ACBP=A9
 0002:00000418 00000304 C=DATA     S=.data    G=DGROUP   M=Graphics ACBP=A9
 0002:0000071C 00000004 C=DATA     S=.data    G=DGROUP   M=Printers ACBP=A9
 0002:00000720 00000074 C=DATA     S=.data    G=DGROUP   M=Dialogs  ACBP=A9
 0002:00000794 00000178 C=DATA     S=.data    G=DGROUP   M=ExtCtrls ACBP=A9
 0002:0000090C 0000002C C=DATA     S=.data    G=DGROUP   M=Buttons  ACBP=A9
 0002:00000938 00000008 C=DATA     S=.data    G=DGROUP   M=IniFiles ACBP=A9
 0002:00000940 00000008 C=DATA     S=.data    G=DGROUP   M=Registry ACBP=A9
 0002:00000948 00000008 C=DATA     S=.data    G=DGROUP   M=Mapi     ACBP=A9
 0002:00000950 00000018 C=DATA     S=.data    G=DGROUP   M=ComCtrls ACBP=A9
 0002:00000968 00000068 C=DATA     S=.data    G=DGROUP   M=Themes   ACBP=A9
 0002:000009D0 0000013C C=DATA     S=.data    G=DGROUP   M=Controls ACBP=A9
 0002:00000B0C 00000020 C=DATA     S=.data    G=DGROUP   M=ImgList  ACBP=A9
 0002:00000B2C 000000EC C=DATA     S=.data    G=DGROUP   M=Menus    ACBP=A9
 0002:00000C18 0000011C C=DATA     S=.data    G=DGROUP   M=Forms    ACBP=A9
 0002:00002000 00000660 C=BSS      S=.bss     G=DGROUP   M=System   ACBP=A9
 0002:00002660 00000010 C=BSS      S=.bss     G=DGROUP   M=SysInit  ACBP=A9
 0002:00002670 00000004 C=BSS      S=.bss     G=DGROUP   M=Types    ACBP=A9
 0002:00002674 00000004 C=BSS      S=.bss     G=DGROUP   M=Windows  ACBP=A9
 0002:00002678 00000004 C=BSS      S=.bss     G=DGROUP   M=Messages ACBP=A9
 0002:0000267C 00000004 C=BSS      S=.bss     G=DGROUP   M=SysConst ACBP=A9
 0002:00002680 00000120 C=BSS      S=.bss     G=DGROUP   M=SysUtils ACBP=A9
 0002:000027A0 0000005C C=BSS      S=.bss     G=DGROUP   M=VarUtils ACBP=A9
 0002:000027FC 00000040 C=BSS      S=.bss     G=DGROUP   M=Variants ACBP=A9
 0002:0000283C 00000004 C=BSS      S=.bss     G=DGROUP   M=RTLConsts ACBP=A9
 0002:00002840 00000004 C=BSS      S=.bss     G=DGROUP   M=TypInfo  ACBP=A9
 0002:00002844 00000004 C=BSS      S=.bss     G=DGROUP   M=ActiveX  ACBP=A9
 0002:00002848 00000040 C=BSS      S=.bss     G=DGROUP   M=Classes  ACBP=A9
 0002:00002888 00000004 C=BSS      S=.bss     G=DGROUP   M=Consts   ACBP=A9
 0002:0000288C 00000060 C=BSS      S=.bss     G=DGROUP   M=Graphics ACBP=A9
 0002:000028EC 00000004 C=BSS      S=.bss     G=DGROUP   M=Math     ACBP=A9
 0002:000028F0 00000004 C=BSS      S=.bss     G=DGROUP   M=Contnrs  ACBP=A9
 0002:000028F4 00000004 C=BSS      S=.bss     G=DGROUP   M=CommCtrl ACBP=A9
 0002:000028F8 00000031 C=BSS      S=.bss     G=DGROUP   M=MultiMon ACBP=A9
 0002:0000292C 00000004 C=BSS      S=.bss     G=DGROUP   M=Imm      ACBP=A9
 0002:00002930 00000008 C=BSS      S=.bss     G=DGROUP   M=HelpIntfs ACBP=A9
 0002:00002938 00000004 C=BSS      S=.bss     G=DGROUP   M=WinSpool ACBP=A9
 0002:0000293C 00000004 C=BSS      S=.bss     G=DGROUP   M=Printers ACBP=A9
 0002:00002940 00000034 C=BSS      S=.bss     G=DGROUP   M=FlatSB   ACBP=A9
 0002:00002974 00000004 C=BSS      S=.bss     G=DGROUP   M=SyncObjs ACBP=A9
 0002:00002978 000000CC C=BSS      S=.bss     G=DGROUP   M=UxTheme  ACBP=A9
 0002:00002A44 00000004 C=BSS      S=.bss     G=DGROUP   M=RichEdit ACBP=A9
 0002:00002A48 00000004 C=BSS      S=.bss     G=DGROUP   M=ToolWin  ACBP=A9
 0002:00002A4C 00000004 C=BSS      S=.bss     G=DGROUP   M=ShellAPI ACBP=A9
 0002:00002A50 00000004 C=BSS      S=.bss     G=DGROUP   M=RegStr   ACBP=A9
 0002:00002A54 00000004 C=BSS      S=.bss     G=DGROUP   M=WinInet  ACBP=A9
 0002:00002A58 00000004 C=BSS      S=.bss     G=DGROUP   M=UrlMon   ACBP=A9
 0002:00002A5C 00000004 C=BSS      S=.bss     G=DGROUP   M=ShlObj   ACBP=A9
 0002:00002A60 00000004 C=BSS      S=.bss     G=DGROUP   M=CommDlg  ACBP=A9
 0002:00002A64 00000004 C=BSS      S=.bss     G=DGROUP   M=Dlgs     ACBP=A9
 0002:00002A68 0000000C C=BSS      S=.bss     G=DGROUP   M=Dialogs  ACBP=A9
 0002:00002A74 00000004 C=BSS      S=.bss     G=DGROUP   M=ExtCtrls ACBP=A9
 0002:00002A78 00000004 C=BSS      S=.bss     G=DGROUP   M=ComStrs  ACBP=A9
 0002:00002A7C 0000000C C=BSS      S=.bss     G=DGROUP   M=Clipbrd  ACBP=A9
 0002:00002A88 00000004 C=BSS      S=.bss     G=DGROUP   M=StrUtils ACBP=A9
 0002:00002A8C 00000030 C=BSS      S=.bss     G=DGROUP   M=Buttons  ACBP=A9
 0002:00002ABC 00000004 C=BSS      S=.bss     G=DGROUP   M=ExtDlgs  ACBP=A9
 0002:00002AC0 00000004 C=BSS      S=.bss     G=DGROUP   M=IniFiles ACBP=A9
 0002:00002AC4 00000004 C=BSS      S=.bss     G=DGROUP   M=Registry ACBP=A9
 0002:00002AC8 00000004 C=BSS      S=.bss     G=DGROUP   M=Mapi     ACBP=A9
 0002:00002ACC 00000009 C=BSS      S=.bss     G=DGROUP   M=ExtActns ACBP=A9
 0002:00002AD8 00000004 C=BSS      S=.bss     G=DGROUP   M=ListActns ACBP=A9
 0002:00002ADC 00000010 C=BSS      S=.bss     G=DGROUP   M=ComCtrls ACBP=A9
 0002:00002AEC 00000008 C=BSS      S=.bss     G=DGROUP   M=Themes   ACBP=A9
 0002:00002AF4 00000004 C=BSS      S=.bss     G=DGROUP   M=StdCtrls ACBP=A9
 0002:00002AF8 00000004 C=BSS      S=.bss     G=DGROUP   M=StdActns ACBP=A9
 0002:00002AFC 00000014 C=BSS      S=.bss     G=DGROUP   M=WinHelpViewer ACBP=A9
 0002:00002B10 00000080 C=BSS      S=.bss     G=DGROUP   M=Controls ACBP=A9
 0002:00002B90 00000004 C=BSS      S=.bss     G=DGROUP   M=ActnList ACBP=A9
 0002:00002B94 0000000C C=BSS      S=.bss     G=DGROUP   M=ImgList  ACBP=A9
 0002:00002BA0 00000010 C=BSS      S=.bss     G=DGROUP   M=Menus    ACBP=A9
 0002:00002BB0 00000020 C=BSS      S=.bss     G=DGROUP   M=Forms    ACBP=A9
 0002:00002BD0 00000008 C=BSS      S=.bss     G=DGROUP   M=DummyUnit ACBP=A9


  Address         Publics by Name

 0002:00002A44       .1
 0002:00002A64       .1
 0002:00002B04       .1
 0002:00002678       .1
 0002:0000267C       .1
 0002:000028F4       .1
 0002:00002A60       .1
 0002:00002918       .1
 0002:0000283C       .1
 0002:00002A88       .1
 0002:0000292C       .1
 0002:00002960       .1
 0002:00002A4C       .1
 0002:00002A78       .1
 0002:00002670       .1
 0002:00002A5C       .1
 0002:00002A58       .1
 0002:00002A54       .1
 0002:00002668       .1
 0002:00002A34       .1
 0002:00002888       .1
 0002:00002A50       .1
 0002:00002AC8       .1
 0002:00002A68       .11
 0002:00002890       .12
 0002:00002A74       .12
 0002:000028EC       .2
 0002:00002A80       .2
 0002:00002AEC       .2
 0002:00002BD4       .2
 0002:00002930       .2
 0002:000028F0       .21
 0002:00002938       .3
 0002:00002844       .3
 0002:00002674       .3
 0002:00002ABC       .3
 0002:00002B94       .3
 0002:0000293C       .3
 0002:00002790       .35
 0002:00002ADC       .36
 0002:00002A48       .4
 0002:00002A8C       .4
 0002:00002BB8       .41
 0002:00002AF4       .42
 0002:00002854       .45
 0002:000027F8       .5
 0002:000025B8       .5
 0002:00002AC4       .5
 0002:00002840       .6
 0002:00002974       .6
 0002:00002ACC       .72
 0002:00002B18       .72
 0002:00002AF8       .73
 0002:00002AD8       .8
 0002:00002AC0       .8
 0002:00002B90       .8
 0002:0000281C       .81
 0002:00002BA8       .9
 0001:00001CAC       @AbstractError
 0001:000027E4       @AfterConstruction
 0001:00002628       @AsClass
 0001:00001E14       @AStrCmp
 0001:000027F4       @BeforeDestruction
 0001:00002674       @CallDynaInst
 0001:0000278C       @ClassCreate
 0001:000027DC       @ClassDestroy
 0001:00001D1C       @Close
 0001:00001BE4       @Copy
 0001:00003E8C       @CopyArray
 0001:00003D70       @CopyRecord
 0001:00003F80       @DispCallByIDError
 0001:0000D86C       @DispInvokeError
 0001:00002C70       @DoneExcept
 0001:000041D0       @DynArrayAsg
 0001:00004194       @DynArrayClear
 0001:00003FB4       @DynArrayHigh
 0001:00003FAC       @DynArrayLength
 0001:00004188       @DynArraySetLength
 0001:00002D58       @ExceptionHandler
 0001:00001E84       @FillChar
 0001:00003D4C       @Finalize
 0001:00003C60       @FinalizeArray
 0001:00003C14       @FinalizeRecord
 0001:000023A4       @FpuInit
 0001:000022E0       @FpuMaskInit
 0001:00001A58       @FreeMem
 0001:00001A28       @GetMem
 0001:00005018       @GetTls
 0001:000031C8       @Halt
 0001:000030E8       @Halt0
 0001:00002908       @HandleAnyException
 0001:00002BBC       @HandleFinally
 0001:00002A34       @HandleOnException
 0001:00005064       @InitExe
 0001:00003B80       @InitializeArray
 0001:00003B50       @InitializeRecord
 0001:00002FAC       @InitImports
 0001:00002F84       @InitResStringImports
 0001:00002F60       @InitResStrings
 0001:0000495C       @IntfAddRef
 0001:0000492C       @IntfCast
 0001:000048E8       @IntfClear
 0001:00004900       @IntfCopy
 0001:00002604       @IsClass
 0001:000022B0       @isNECWindows
 0001:00003690       @LStrAddRef
 0001:00003204       @LStrArrayClr
 0001:00003234       @LStrAsg
 0001:000034A8       @LStrCat
 0001:000034EC       @LStrCat3
 0001:00003560       @LStrCatN
 0001:000031E0       @LStrClr
 0001:000035EC       @LStrCmp
 0001:00003700       @LStrCopy
 0001:00003740       @LStrDelete
 0001:00003450       @LStrFromArray
 0001:000033C8       @LStrFromChar
 0001:000033D8       @LStrFromPChar
 0001:000032D0       @LStrFromPCharLen
 0001:00003408       @LStrFromPWChar
 0001:0000333C       @LStrFromPWCharLen
 0001:00003444       @LStrFromString
 0001:00003468       @LStrFromWStr
 0001:00003788       @LStrInsert
 0001:00003278       @LStrLAsg
 0001:000034A0       @LStrLen
 0001:000037E4       @LStrPos
 0001:0000382C       @LStrSetLength
 0001:000036A0       @LStrToPChar
 0001:0000347C       @LStrToString
 0001:000032A4       @NewAnsiString
 0001:00003898       @NewWideString
 0001:00001FC4       @Pow10
 0001:00001D90       @PStrCmp
 0001:00001D74       @PStrNCpy
 0001:00002C1C       @RaiseAgain
 0001:00002BF4       @RaiseExcept
 0001:00001A78       @ReallocMem
 0001:00001CA0       @ROUND
 0001:000031D4       @RunError
 0001:00001FA8       @SetEq
 0001:00002F20       @StartExe
 0001:0000029C       @strlen
 0001:00002CA0       @TryFinallyExit
 0001:000036F8       @UniqueStringA
 0001:00001EA4       @ValLong
 0001:0000EF64       @VarAddRef
 0001:0000DB58       @VarClear
 0001:0000DB6C       @VarClr
 0001:00003C48       @VarClr
 0001:0000DE94       @VarCopy
 0001:00003D58       @VarCopy
 0001:0000EE9C       @VarFromBool
 0001:0000EEEC       @VarFromCurr
 0001:0000EE34       @VarFromInt
 0001:0000EE70       @VarFromInt64
 0001:0000EF00       @VarFromLStr
 0001:0000EEC4       @VarFromReal
 0001:0000EED8       @VarFromTDateTime
 0001:0000EF2C       @VarFromWStr
 0001:0000D8C0       @VarNull
 0001:0000E1C0       @VarToLStr
 0001:0000E8E0       @VarToWStr
 0001:000038D8       @WStrArrayClr
 0001:000038FC       @WStrAsg
 0001:000038C0       @WStrClr
 0001:00003A38       @WStrCmp
 0001:00003ABC       @WStrCopy
 0001:00003A0C       @WStrFromLStr
 0001:00003920       @WStrFromPCharLen
 0001:000039D0       @WStrFromPWChar
 0001:000039AC       @WStrFromPWCharLen
 0001:00003A2C       @WStrLen
 0001:00003B08       @WStrSetLength
 0001:00003A1C       @WStrToPWChar
 0001:00001F84       @_CLenToPasStr
 0001:00001F78       @_CToPasStr
 0001:00001BB4       @_IOTest
 0001:00003F88       @_llmul
 0001:00028DCC       AbsMin
 0001:0000A950       AbstractErrorHandler
 0002:00002028       AbstractErrorProc
 0002:00000140       AccessMode
 0001:00001B14       AcquireExceptionObject
 0001:00012460       ActivateClassGroup
 0001:000055F4       ActivateKeyboardLayout
 0002:00002B4C       ActiveDrag
 0001:00010148       ActiveX
 0001:00037C78       ActnList
 0001:000003FC       AddBlockAfter
 0002:000003B4       AddDataModule
 0001:00006CCC       AddExitProc
 0001:00015520       AddFinished
 0001:0003AFBC       AddIn
 0001:00004740       AddModuleUnloadProc
 0001:00004750       AddModuleUnloadProc
 0001:00015558       AddNotFinished
 0001:00015F7C       AddSubComponentsToLoaded
 0001:0001D180       AdjustColor
 0001:00042038       Adjustment
 0001:000055FC       AdjustWindowRectEx
 0002:00000BF0       Alignments
 0002:00000C00       Alignments
 0001:0002E370       AlignWork
 0001:00048F7C       AlignWork
 0001:00019670       AllocateHWnd
 0001:00006C70       AllocMem
 0002:000025B0       AllocMemCount
 0002:000025B4       AllocMemSize
 0001:00020BF0       AllocPatternBitmap
 0001:00004FC0       AllocTlsBuffer
 0002:000009DC       AnchorAlign
 0002:000009D0       AnimateWindowProc
 0002:00000AD8       AnimationStyle
 0001:00006E6C       AnsiCompareStr
 0001:00006EA4       AnsiCompareText
 0001:00007494       AnsiLastChar
 0001:00005604       AnsiLower
 0001:0000B268       AnsiPos
 0001:0003F844       AnsiSameCaption
 0001:00006EDC       AnsiSameText
 0001:00006EF4       AnsiStrLIComp
 0001:0000B2A4       AnsiStrPos
 0001:0000B364       AnsiStrRScan
 0001:0000B3AC       AnsiStrScan
 0001:00004D5C       AnsiToUtf8
 0001:00008908       AppendChars
 0001:00008CD4       AppendFormat
 0001:0000896C       AppendNumber
 0001:0000894C       AppendString
 0002:00002BB0       Application
 0002:000003C4       ApplicationHandleException
 0002:000003CC       ApplicationShowException
 0002:00000D2C       AppVisible
 0001:0000A934       AssertErrorHandler
 0002:00002020       AssertErrorProc
 0001:0000FBE0       AssignLongStr
 0001:0000FF84       AssignVariant
 0002:00002608       avail
 0001:00007590       BackfillGetDiskFreeSpaceEx
 0001:0002B924       BackgroundClipped
 0001:0000C860       BackupVarBoolFromStr
 0001:0000C9C0       BackupVarBStrFromBool
 0001:0000C8E0       BackupVarBStrFromCy
 0001:0000C950       BackupVarBStrFromDate
 0001:0000C7F4       BackupVarCyFromStr
 0001:0000C788       BackupVarDateFromStr
 0001:0000C644       BackupVarI4FromStr
 0001:0000C5F0       BackupVariantChangeTypeEx
 0001:0000C6B0       BackupVarR4FromStr
 0001:0000C71C       BackupVarR8FromStr
 0001:000127B8       BeginGlobalLoading
 0001:0000560C       BeginPaint
 0001:0001D18C       BetterSize
 0001:0003BE50       BiDiDraw
 0001:00005444       BitBlt
 0002:0000090C       BitBtnCaptions
 0002:00002A90       BitBtnGlyphs
 0002:000006D0       BitmapCanvasList
 0002:000028A8       BitmapImageLock
 0001:0000C62C       BiUnimplemented
 0002:000003EC       BlockCode
 0002:000025E0       blockDescBlockList
 0002:000025E4       blockDescFreeList
 0002:000003A8       BooleanIdents
 0002:00000324       BooleanToStringRule
 0001:0000732C       BoolToStr
 0001:0000DF48       BoolToWStrViaOS
 0001:00005104       Bounds
 0001:00011778       Bounds
 0002:00000B98       Breaks
 0002:000028E0       BrushManager
 0001:0003E624       BuildImage
 0002:00000768       ButtonCaptions
 0002:0000073C       ButtonNames
 0002:00000C14       Buttons
 0001:00024930       Buttons
 0001:0001C958       BytesPerScanline
 0001:0001CCBC       ByteSwapColors
 0001:0000B00C       ByteToCharIndex
 0001:0000AFE4       ByteToCharLen
 0001:0000AFA8       ByteType
 0001:0000AF30       ByteTypeTest
 0002:00002B98       CachedComCtrlVer
 0001:000195AC       CalcJmpOffset
 0001:00035D00       CalcSplitterPos
 0001:00005614       CallNextHookEx
 0001:0000BA84       CallTerminateProcs
 0001:0000561C       CallWindowProc
 0001:00029E04       CancelDrag
 0002:000028E4       CanvasList
 0002:00002B60       CanvasList
 0002:00000728       Captions
 0002:00000A94       CaptureControl
 0002:00000B38       cBooleanToItemAutoFlag
 0002:00002A7E       CF_COMPONENT
 0002:00002A7C       CF_PICTURE
 0002:00002814       ChangeAnyProc
 0001:00003300       CharFromWChar
 0001:0000B1F0       CharLength
 0001:0000021C       CharNext
 0001:00005624       CharNext
 0001:0001B2DC       CharsetToIdent
 0001:0000B0F8       CharToByteIndex
 0001:0000B15C       CharToByteLen
 0001:0000562C       CharToOemA
 0001:0001D748       CheckBool
 0001:00002884       CheckJmp
 0001:00005634       CheckMenuItem
 0002:00000B88       Checks
 0001:00015FB8       CheckSubComponents
 0001:00018384       CheckSynchronize
 0001:00041A74       CheckTaskWindow
 0001:00029AB8       CheckUndock
 0001:0000AE24       CheckWin32Version
 0002:00000328       CInvalidCustomVariantType
 0002:00000B3C       cItemAutoFlagToBoolean
 0002:00000B34       cItemAutoFlagToMenu
 0001:000197FC       Classes
 0001:00012224       ClassNotFound
 0002:00002810       ClearAnyProc
 0001:0001AB5C       ClearColor
 0001:0000F2A0       ClearVariantTypeList
 0001:0000563C       ClientToScreen
 0001:000332E8       ClientToWindow
 0002:000006C8       ClipboardFormats
 0001:000247D0       Clipbrd
 0001:0000523C       CloseHandle
 0002:0000297C       CloseThemeData
 0002:0000203C       CmdLine
 0002:00002038       CmdShow
 0002:00000B30       cMenuAutoFlagToItem
 0001:0000C638       CmpUnimplemented
 0002:00000448       Colors
 0001:0001B0D4       ColorToIdent
 0002:00000794       ColorToPretyName
 0001:0001B0C4       ColorToRGB
 0002:00002AE8       ComCtlVersion
 0001:00024CD4       ComCtrls
 0002:00002BAC       CommandPool
 0001:000211E4       CommCtrl
 0001:00023A58       CommDlg
 0001:0000077C       Commit
 0002:00002624       committedRoot
 0001:0003A5A0       CompareFront
 0001:00006DD4       CompareMem
 0001:00006DA4       CompareStr
 0001:00005244       CompareString
 0001:00006DF4       CompareText
 0001:00007254       CompareWith
 0001:00016098       ComponentCreated
 0001:0002478C       ComStrs
 0001:00019B18       Consts
 0001:000210F0       Contnrs
 0002:00002B1E       ControlAtom
 0002:00002B24       ControlAtomString
 0001:00046820       ControlHasHelp
 0001:00036980       Controls
 0001:0000A380       ConvertAddr
 0001:00008A60       ConvertEraString
 0001:00006C4C       ConvertErrorFmt
 0001:00008BCC       ConvertYearString
 0001:00003FBC       CopyArray
 0001:0001E220       CopyBitmap
 0001:0001E8E8       CopyBitmapAsMask
 0001:0001E884       CopyPalette
 0002:0000096C       Copyright
 0001:0003D6D0       CopyToBest
 0001:0000B068       CountChars
 0002:000028C0       CounterLock
 0002:0000032C       CRangeToType
 0001:0000A878       CreateAssertException
 0001:0000AA00       CreateAVObject
 0001:0000544C       CreateBitmap
 0001:00005454       CreateBrushIndirect
 0001:0000545C       CreateCompatibleBitmap
 0001:00005464       CreateCompatibleDC
 0001:00016118       CreateComponent
 0001:00005474       CreateDIBitmap
 0001:0000546C       CreateDIBSection
 0001:0000524C       CreateEvent
 0001:00005254       CreateFile
 0001:0000547C       CreateFontIndirect
 0001:00005484       CreateHalftonePalette
 0001:00005644       CreateIcon
 0001:0000A7A4       CreateInOutError
 0001:0000564C       CreateMenu
 0001:0000548C       CreatePalette
 0001:00005494       CreatePenIndirect
 0001:00005654       CreatePopupMenu
 0001:0000549C       CreateSolidBrush
 0001:0001CD14       CreateSystemPalette
 0001:0000525C       CreateThread
 0001:00005BC4       CreateWindow
 0001:00005B6C       CreateWindowEx
 0002:000009D4       CreationControl
 0002:00000720       CreationControl
 0002:00000394       CRelationshipToBoolean
 0002:00000310       CResult
 0002:00000138       cSimpleBoolStrs
 0002:00000340       CText
 0002:00000AD0       Ctl3DStyles
 0002:0000261C       curAlloc
 0002:00002688       CurrencyDecimals
 0002:00002684       CurrencyFormat
 0002:00002680       CurrencyString
 0001:000088F4       CurrentYear
 0001:00008480       CurrToStr
 0001:0000DED8       CurrToWStrViaOS
 0002:00000CB0       CursorMap
 0002:000009E4       Cursors
 0001:000286A4       CursorToIdent
 0002:00000CA0       cUseAlpha
 0002:00000CA8       cUseColorKey
 0001:00006FC8       CvtInt
 0001:00007034       CvtInt64
 0002:00000178       CWNear
 0002:00002689       DateSeparator
 0001:00009508       DateTimeToStr
 0001:000094AC       DateTimeToString
 0001:00008540       DateTimeToTimeStamp
 0001:0000DF10       DateToWStrViaOS
 0001:000088CC       DayOfWeek
 0002:00000174       DCon10
 0002:00000444       DDBsOnly
 0001:00019724       DeallocateHWnd
 0002:00000028       DebugHook
 0002:00002687       DecimalSeparator
 0001:000088AC       DecodeDate
 0001:0000875C       DecodeDateFully
 0001:000085F4       DecodeTime
 0001:0000083C       Decommit
 0001:00000F68       DecommitFree
 0002:000025F8       decommittedRoot
 0001:000444A0       Default
 0001:00049BB8       Default
 0002:00000020       Default8087CW
 0002:000009D8       DefaultDockTreeClass
 0002:000025BC       DefaultUserCodePage
 0002:00000698       DefBrushData
 0002:00000418       DefFontData
 0001:0000565C       DefFrameProc
 0002:00000204       DefLongDayNames
 0002:000001B8       DefLongMonthNames
 0001:00005664       DefMDIChildProc
 0002:00000678       DefPenData
 0002:000001E8       DefShortDayNames
 0002:00000188       DefShortMonthNames
 0001:0000566C       DefWindowProc
 0001:00004228       DelayLoadResourceModule
 0001:00000458       DeleteBlock
 0001:00000368       DeleteCriticalSection
 0001:00005264       DeleteCriticalSection
 0001:000054A4       DeleteDC
 0001:00000D50       DeleteFree
 0001:00005674       DeleteMenu
 0001:000054AC       DeleteObject
 0001:0001DDDC       DeselectBitmap
 0001:0000567C       DestroyCursor
 0001:00005684       DestroyIcon
 0001:00024860       DestroyLocals
 0001:0000568C       DestroyMenu
 0001:00005694       DestroyWindow
 0001:0002625C       DialogEnumerationTester
 0001:000240C8       Dialogs
 0002:000006D4       DIBPalSizes
 0002:0000008C       dig
 0001:000418B0       DisableTaskWindows
 0001:0000569C       DispatchMessage
 0001:00047B00       DispatchShortCut
 0002:00002000       DispCallByIDProc
 0001:00006C30       DivMod
 0001:00023A90       Dlgs
 0001:0002E200       DoAlign
 0001:00048E30       DoAlign
 0001:000321A4       DoCalcConstraints
 0002:00002B54       DockSiteList
 0001:0003E2F0       DoClick
 0001:0002F8D8       DoControlMsg
 0001:00041860       DoDisableWindow
 0001:000293E4       DoDragOver
 0001:00006C90       DoExitProc
 0001:00033FD4       DoFindControlZone
 0001:000419B4       DoFindWindow
 0001:00034560       DoFindZone
 0001:00034058       DoForEach
 0001:00035964       DoGetNextLimit
 0001:00041828       DoneApplication
 0001:000366C4       DoneControls
 0001:0000AD34       DoneExceptions
 0001:00045E7C       DoNestedActivation
 0001:00018344       DoneThreadSynchronization
 0001:0004AED4       DoOnHelp
 0001:0002DDC0       DoPosition
 0001:00048C80       DoPosition
 0001:00034F8C       DoPrune
 0001:00035464       DoSaveZone
 0001:00035668       DoSetNewBounds
 0002:000003B0       DotSep
 0001:000135EC       DoWrite
 0001:0001D9A0       DoWrite
 0001:00038C00       DoWrite
 0001:0002EEC0       DoWriteDesignSize
 0001:0002CA18       DoWriteIsControl
 0002:00002B38       DragCapture
 0002:00002B2C       DragControl
 0001:00029B2C       DragDone
 0001:00029394       DragFindTarget
 0001:00029368       DragFindWindow
 0002:00002B50       DragImageList
 0001:00029784       DragInit
 0001:000298F4       DragInitControl
 0002:00002B34       DragInternalObject
 0001:000292B0       DragMessage
 0002:00002B30       DragObject
 0002:00002B5C       DragSave
 0002:00002B44       DragSaveCursor
 0002:00002B3C       DragStartPos
 0002:00002B48       DragThreshold
 0001:000294B4       DragTo
 0001:00049BF4       DrawAppIcon
 0001:00034AF8       DrawCloseButton
 0001:000056A4       DrawEdge
 0001:000056AC       DrawFrameControl
 0001:00034B50       DrawGrabberLine
 0001:000056B4       DrawIcon
 0001:000056BC       DrawIconEx
 0002:00000B0C       DrawingStyles
 0001:000056C4       DrawMenuBar
 0001:0003F660       DrawMenuItem
 0001:000056CC       DrawText
 0002:00002980       DrawThemeBackground
 0002:000029A4       DrawThemeEdge
 0002:000029A8       DrawThemeIcon
 0002:00002A2C       DrawThemeParentBackground
 0002:00002984       DrawThemeText
 0001:0004C344       Dummy
 0001:0004C134       DummyUnit
 0001:0001C7D8       DupBits
 0001:00003FD4       DynArrayClear
 0001:00003FDC       DynArraySetLength
 0002:00000BF8       EdgeStyle
 0002:00000AC0       EdgeStyles
 0001:0000A778       EHeapException.FreeInstance
 0002:000027FC       EmptyParam
 0002:000000BC       EmptyStr
 0002:000000C0       EmptyWideStr
 0001:000056D4       EnableMenuItem
 0002:00000B90       Enables
 0001:000056DC       EnableScrollBar
 0001:00041964       EnableTaskWindows
 0002:00002A14       EnableThemeDialogTexture
 0002:00002A30       EnableTheming
 0001:000056E4       EnableWindow
 0001:00012840       EndGlobalLoading
 0001:000056EC       EndPaint
 0001:00000358       EnterCriticalSection
 0001:0000526C       EnterCriticalSection
 0001:00005274       EnumCalendarInfoA
 0002:00002914       EnumDisplayMonitors
 0001:00009FF4       EnumEraNames
 0001:0000A030       EnumEraYearOffsets
 0001:00044A64       EnumMonitorsProc
 0001:000056F4       EnumThreadWindows
 0001:000158C8       EnumValue
 0001:000056FC       EnumWindows
 0001:00005704       EqualRect
 0002:00002750       EraNames
 0001:00009780       EraToYear
 0002:0000276C       EraYearOffsets
 0002:00000064       errCaption
 0001:00001BA8       Error
 0001:000150AC       Error
 0001:0003A2F0       Error
 0001:00011DC8       Error
 0002:00000004       ErrorAddr
 0001:00001B5C       ErrorAt
 0001:0000A824       ErrorHandler
 0002:00000220       ErrorMap
 0002:00002008       ErrorProc
 0002:000023E4       ErrOutput
 0001:00001AE8       ExceptAddr
 0002:0000200C       ExceptClsProc
 0001:0000ACA0       ExceptHandler
 0001:0000A5EC       Exception.Create
 0001:0000A628       Exception.CreateFmt
 0001:0000A6A8       Exception.CreateRes
 0001:0000A6E4       Exception.CreateResFmt
 0002:0000201C       ExceptionClass
 0001:0000A38C       ExceptionErrorMessage
 0002:00000258       ExceptMap
 0001:00001AC8       ExceptObject
 0002:00002010       ExceptObjProc
 0002:00002004       ExceptProc
 0001:000054B4       ExcludeClipRect
 0002:00000000       ExitCode
 0001:0000302C       ExitDll
 0002:00002044       ExitProc
 0001:00000224       ExitProcess
 0002:00002024       ExitProcessProc
 0002:00000134       ExitProcList
 0001:00007554       ExpandFileName
 0001:00024B1C       ExtActns
 0001:0002472C       ExtCtrls
 0001:00024988       ExtDlgs
 0001:0000751C       ExtractFileName
 0002:0000278C       FalseBoolStrs
 0002:00002A84       FClipboard
 0002:00000168       FCon1E18
 0001:0000748C       FileClose
 0001:000073D0       FileCreate
 0001:000073F4       FileCreate
 0002:000006CC       FileFormats
 0002:00000008       FileMode
 0001:00007378       FileOpen
 0001:000073FC       FileRead
 0002:000003DC       FilerSignature
 0001:00007454       FileSeek
 0001:00007428       FileWrite
 0001:00000E88       FillAfterGap
 0001:00000E28       FillBeforeGap
 0001:00000F28       FillerSizeAfterGap
 0001:00000EB0       FillerSizeBeforeGap
 0001:0000570C       FillRect
 0001:000229A4       Finalization
 0001:0002295C       Finalization
 0001:000229DC       Finalization
 0001:00039350       Finalization
 0001:00022D00       Finalization
 0001:00037C48       Finalization
 0001:00022EAC       Finalization
 0001:0000CD8C       Finalization
 0001:00036918       Finalization
 0001:00024A74       Finalization
 0001:0000F6EC       Finalization
 0001:00024ACC       Finalization
 0001:0003F940       Finalization
 0001:00023830       Finalization
 0001:000238A0       Finalization
 0001:000238D8       Finalization
 0001:00023910       Finalization
 0001:00023948       Finalization
 0001:00023980       Finalization
 0001:00021974       Finalization
 0001:0000F8F8       Finalization
 0001:000239B8       Finalization
 0001:000100C0       Finalization
 0001:00024B24       Finalization
 0001:000239F0       Finalization
 0001:00023A28       Finalization
 0001:00021934       Finalization
 0001:000211B4       Finalization
 0001:000210C0       Finalization
 0001:00020E08       Finalization
 0001:0004BED8       Finalization
 0001:00020C28       Finalization
 0001:00010118       Finalization
 0001:00023A60       Finalization
 0001:00005D14       Finalization
 0001:00005120       Finalization
 0001:0002406C       Finalization
 0001:00005D4C       Finalization
 0001:000246E4       Finalization
 0001:0004C104       Finalization
 0001:0000605C       Finalization
 0001:0002475C       Finalization
 0001:0004C13C       Finalization
 0001:000050A8       Finalization
 0001:00024C5C       Finalization
 0001:0002569C       Finalization
 0001:000256E8       Finalization
 0001:00024794       Finalization
 0001:00024828       Finalization
 0001:000248F8       Finalization
 0001:00024958       Finalization
 0001:00019AE8       Finalization
 0001:00004E78       Finalization
 0001:000249A8       Finalization
 0001:0001974C       Finalization
 0001:00025850       Finalization
 0001:0000C3D0       Finalization
 0001:000264D4       Finalization
 0001:00024A10       Finalization
 0001:00003FCC       FinalizeArray
 0001:00002E40       FinalizeUnits
 0001:0003E0B0       Find
 0001:000042B8       FindBS
 0001:000122E4       FindClass
 0001:00004220       FindClassHInstance
 0001:00000234       FindClose
 0001:00000DE4       FindCommitted
 0001:00028484       FindControl
 0001:0003478C       FindControlAtPos
 0001:0000F544       FindCustomVariantType
 0001:0000F5FC       FindCustomVariantType
 0001:00029E50       FindDragTarget
 0001:000162C8       FindExistingComponent
 0001:0000023C       FindFirstFile
 0001:00041AC0       FindGlobalComponent
 0001:000126D0       FindGlobalComponent
 0002:00002860       FindGlobalComponentProcs
 0001:000041F8       FindHInstance
 0001:00012578       FindIdentToInt
 0002:00002A70       FindMsg
 0001:00015458       FindNestedComponent
 0001:0003A2B8       FindPopupControl
 0001:0000CA54       FindProc
 0001:0000527C       FindResource
 0001:00004270       FindResourceHInstance
 0001:0004B708       FindScanline
 0001:00041A18       FindTopMostWindow
 0001:000171AC       FindUniqueName
 0001:00029E1C       FindVCLWindow
 0001:00005714       FindWindow
 0001:000262B4       FindWinHelp
 0001:0001E1D4       FixupBitFields
 0002:00000C08       Flags
 0002:0000279C       FLanguages
 0001:00022D30       FlatSB
 0002:00002940       FlatSB_EnableScrollBar
 0002:0000294C       FlatSB_GetScrollInfo
 0002:00002950       FlatSB_GetScrollPos
 0002:00002948       FlatSB_GetScrollRange
 0002:00002958       FlatSB_SetScrollInfo
 0002:00002954       FlatSB_SetScrollPos
 0001:00022A20       FlatSB_SetScrollProp
 0002:0000295C       FlatSB_SetScrollRange
 0002:00002944       FlatSB_ShowScrollBar
 0001:00008110       FloatToDecimal
 0001:00008450       FloatToStr
 0001:00007E3C       FloatToText
 0001:00001D10       Flush
 0002:0000017C       FMSecsPerDay
 0001:00007D30       FmtStr
 0002:00000C24       FocusCount
 0002:00000C20       FocusMessages
 0002:000005E8       FontCharsets
 0002:000028D8       FontManager
 0001:00041A94       ForegroundTask
 0002:00002BD0       Form1
 0001:00007D1C       Format
 0002:00000184       Format
 0001:0000790C       FormatBuf
 0001:00007900       FormatClearStr
 0001:00007884       FormatError
 0002:00000160       FormatErrorStrs
 0001:00005284       FormatMessage
 0001:000078DC       FormatVarToStr
 0001:0004BF34       Forms
 0001:00001FBC       FPower10
 0002:0000071C       FPrinter
 0001:0000571C       FrameRect
 0001:0000BFB0       FreeAndNil
 0001:00000AE4       FreeCommitted
 0001:0000111C       FreeCurAlloc
 0001:00029F10       FreeDeviceContext
 0001:00029FCC       FreeDeviceContexts
 0001:00019518       FreeIntConstList
 0001:0000528C       FreeLibrary
 0001:00000244       FreeLibrary
 0001:0001DD30       FreeMemoryContexts
 0001:0001964C       FreeObjectInstance
 0001:0000529C       FreeResource
 0001:000006B4       FreeSpace
 0001:0000BAB0       FreeTerminateProcs
 0001:00022EE4       FreeThemeLibrary
 0002:00002AE4       FRichEditModule
 0001:0001C7C8       GDICheck
 0001:0001C720       GDIError
 0001:00001C98       Get8087CW
 0001:000052A4       GetACP
 0001:00005724       GetActiveWindow
 0001:0004930C       GetAnimation
 0001:000054BC       GetBitmapBits
 0001:00000370       GetBlockDesc
 0001:000054C4       GetBrushOrgEx
 0001:0000572C       GetCapture
 0001:0002874C       GetCaptureControl
 0001:00012290       GetClass
 0001:00005734       GetClassInfo
 0001:0000573C       GetClassName
 0001:00005744       GetClientRect
 0001:000054CC       GetClipBox
 0001:0000030C       GetCmdShow
 0001:00037E18       GetColor
 0001:00024BFC       GetComCtlVersion
 0001:0000024C       GetCommandLine
 0001:000008F8       GetCommitted
 0001:000009A0       GetCommittedAt
 0001:0002F48C       GetControlAtPos
 0001:000089B8       GetCount
 0001:000052AC       GetCPInfo
 0001:000054D4       GetCurrentPositionEx
 0001:000052B4       GetCurrentProcessId
 0002:00002A24       GetCurrentThemeName
 0001:000002FC       GetCurrentThreadId
 0001:000052BC       GetCurrentThreadId
 0001:00005AD8       GetCurrentTime
 0001:0000574C       GetCursor
 0001:0004B718       GetCursorHeightMargin
 0001:00005754       GetCursorPos
 0001:000089E8       GetDate
 0001:000052C4       GetDateFormat
 0001:00009698       GetDateOrder
 0001:0000575C       GetDC
 0001:00005764       GetDCEx
 0001:000054DC       GetDCOrgEx
 0001:00020830       GetDefFontCharSet
 0001:0000576C       GetDesktopWindow
 0001:000054F4       GetDeviceCaps
 0001:0001D730       GetDIB
 0001:000054E4       GetDIBColorTable
 0001:000054EC       GetDIBits
 0001:0001D678       GetDIBSizes
 0001:0001C938       GetDInColors
 0001:000052CC       GetDiskFreeSpaceA
 0002:00000130       GetDiskFreeSpaceEx
 0001:00035A44       GetDockAlign
 0001:000290F4       GetDockSiteAtPos
 0001:00029420       GetDropCtl
 0001:00002644       GetDynaMethod
 0001:0000F968       GetEnumNameValue
 0001:0000F9B4       GetEnumValue
 0001:0000A0A8       GetEraNamesAndYearOffsets
 0001:0000972C       GetEraYearOffset
 0001:0000A9E8       GetExceptionClass
 0001:0000ABD4       GetExceptionObject
 0001:00012218       GetFieldClassTable
 0001:0000AE44       GetFileVersion
 0001:0000542C       GetFileVersionInfo
 0001:00005434       GetFileVersionInfoSize
 0001:00005774       GetFocus
 0001:0001B2FC       GetFontData
 0001:0000577C       GetForegroundWindow
 0001:0000B658       GetFormatSettings
 0001:000052D4       GetFullPathName
 0001:0001A844       GetHashCode
 0001:00046858       GetHelpInfo
 0001:00021DF4       GetHelpSystem
 0001:000490F0       GetHint
 0001:00049128       GetHintControl
 0001:0003F7E0       GetHotkey
 0001:00005784       GetIconInfo
 0001:0000579C       GetKeyboardLayout
 0001:000057A4       GetKeyboardLayoutList
 0001:000057AC       GetKeyboardState
 0001:000022A8       GetKeyboardType
 0001:0000578C       GetKeyNameText
 0001:00005794       GetKeyState
 0001:000057B4       GetLastActivePopup
 0001:00033D0C       GetLastChildZone
 0001:000052DC       GetLastError
 0001:00009E6C       GetLocaleChar
 0001:000052EC       GetLocaleInfo
 0001:00000254       GetLocaleInfo
 0001:00009E20       GetLocaleStr
 0001:000052E4       GetLocalTime
 0001:00028708       GetLongHint
 0001:000057BC       GetMenu
 0001:000467E0       GetMenuHelpContext
 0001:000057C4       GetMenuItemCount
 0001:000057CC       GetMenuItemID
 0001:000057D4       GetMenuItemInfo
 0001:0003C8FC       GetMenuSize
 0001:000057DC       GetMenuState
 0001:000057E4       GetMenuString
 0001:0000025C       GetModuleFileName
 0001:000052F4       GetModuleFileName
 0001:00004FA0       GetModuleHandle
 0001:00000264       GetModuleHandle
 0001:000052FC       GetModuleHandle
 0002:00002908       GetMonitorInfo
 0002:0000290C       GetMonitorInfoA
 0002:00002910       GetMonitorInfoW
 0001:00009ED0       GetMonthDayNames
 0001:000057EC       GetNextWindow
 0001:000054FC       GetObject
 0001:0000FA88       GetOrdProp
 0001:00005504       GetPaletteEntries
 0001:000057F4       GetParent
 0001:00041C8C       GetParentForm
 0001:0000550C       GetPixel
 0001:00005304       GetProcAddress
 0001:0000026C       GetProcAddress
 0001:000057FC       GetProp
 0001:0000FA18       GetPropInfo
 0001:0004214C       GetRealScrollPosition
 0001:00037DF8       GetRGBColor
 0001:00005804       GetScrollInfo
 0001:0000580C       GetScrollPos
 0001:00005814       GetScrollRange
 0001:000286C4       GetShortHint
 0001:000005D8       GetSpace
 0001:0000063C       GetSpaceAt
 0001:0003A348       GetSpecialName
 0001:00000274       GetStartupInfo
 0001:000001F4       GetStdHandle
 0001:0000530C       GetStdHandle
 0001:00005514       GetStockObject
 0001:00005314       GetStringTypeEx
 0001:0000581C       GetSubMenu
 0001:00005824       GetSysColor
 0001:0000582C       GetSysColorBrush
 0001:0000531C       GetSystemInfo
 0001:00005834       GetSystemMenu
 0001:0000583C       GetSystemMetrics
 0002:000028F8       GetSystemMetrics
 0001:0000551C       GetSystemPaletteEntries
 0001:00005524       GetTextExtentPoint32
 0001:0000552C       GetTextMetrics
 0002:00002A1C       GetThemeAppProperties
 0002:00002988       GetThemeBackgroundContentRect
 0002:0000298C       GetThemeBackgroundExtent
 0002:0000299C       GetThemeBackgroundRegion
 0002:000029C0       GetThemeBool
 0002:000029B4       GetThemeColor
 0002:00002A28       GetThemeDocumentationProperty
 0002:000029C8       GetThemeEnumValue
 0002:000029E8       GetThemeFilename
 0002:000029D0       GetThemeFont
 0002:000029C4       GetThemeInt
 0002:000029DC       GetThemeIntList
 0002:000029D8       GetThemeMargins
 0002:000029B8       GetThemeMetric
 0002:00002990       GetThemePartSize
 0002:000029CC       GetThemePosition
 0002:000029E0       GetThemePropertyOrigin
 0002:000029D4       GetThemeRect
 0002:000029BC       GetThemeString
 0002:000029F4       GetThemeSysBool
 0002:000029EC       GetThemeSysColor
 0002:000029F0       GetThemeSysColorBrush
 0002:000029FC       GetThemeSysFont
 0002:00002A04       GetThemeSysInt
 0002:000029F8       GetThemeSysSize
 0002:00002A00       GetThemeSysString
 0002:00002994       GetThemeTextExtent
 0002:00002998       GetThemeTextMetrics
 0001:00005324       GetThreadLocale
 0001:0000027C       GetThreadLocale
 0001:0000532C       GetTickCount
 0001:00008A20       GetTime
 0001:00004FCC       GetTlsSize
 0001:000498D0       GetTopMostWindows
 0001:00028854       GetTopParent
 0001:00005844       GetTopWindow
 0001:0000F95C       GetTypeData
 0001:00000304       GetVersion
 0001:00005334       GetVersion
 0001:0000533C       GetVersionEx
 0001:0000584C       GetWindow
 0001:00005854       GetWindowDC
 0001:0000585C       GetWindowLong
 0001:00005534       GetWindowOrgEx
 0001:00005864       GetWindowPlacement
 0001:0000586C       GetWindowRect
 0001:00005874       GetWindowText
 0002:00002A10       GetWindowTheme
 0001:00005884       GetWindowThreadProcessId
 0001:0000587C       GetWindowThreadProcessId
 0001:00005344       GlobalAddAtom
 0001:0000534C       GlobalAlloc
 0001:00005AE4       GlobalAllocPtr
 0001:00005354       GlobalDeleteAtom
 0001:0000535C       GlobalFindAtom
 0002:00002864       GlobalFixupList
 0001:000155A0       GlobalFixupReferences
 0001:00005364       GlobalFree
 0001:00005B10       GlobalFreePtr
 0001:00005374       GlobalHandle
 0001:0000536C       GlobalLock
 0002:00002848       GlobalNameSpace
 0001:0000537C       GlobalReAlloc
 0001:00005AF4       GlobalReAllocPtr
 0001:00005384       GlobalUnlock
 0001:00020CFC       Graphics
 0001:0001240C       GroupDescendentsWith
 0001:00046A60       HandleEdge
 0001:00016A04       HandleException
 0002:00000024       HeapAllocFlags
 0002:000025C4       heapErrorCode
 0002:000025C8       heapLock
 0001:0002299C       HelpIntfs
 0002:00002934       HelpManager
 0002:00002A6C       HelpMsg
 0002:00002B08       HelpViewer
 0002:00002B0C       HelpViewerIntf
 0002:0000012C       HexDisplayPrefix
 0001:00035AC0       HideZone
 0002:00002664       HInstance
 0002:00002BC4       HintDoneEvent
 0001:000491F8       HintGetMsgHook
 0002:00002BC8       HintHook
 0001:0004919C       HintMouseThread
 0002:00002BCC       HintThread
 0002:00002BC0       HintThreadID
 0001:00049148       HintTimerProc
 0002:00000C18       HintWindowClass
 0002:000029A0       HitTestThemeBackground
 0001:0004923C       HookHintHooks
 0001:00005C1C       HwndMSWheel
 0002:00000BAC       IBreaks
 0002:00000BB8       IChecks
 0002:00000BC0       IDefaults
 0001:0001B2EC       IdentToCharset
 0001:0001B0E4       IdentToColor
 0001:000286B4       IdentToCursor
 0001:000125F4       IdentToInt
 0002:00000BC8       IEnables
 0001:0003D6A0       IfHotkeyAvailable
 0002:00002B9C       ImageListWriteExProc
 0001:00021110       ImageList_Add
 0001:00021130       ImageList_AddIcon
 0001:00021154       ImageList_BeginDrag
 0001:000210F8       ImageList_Create
 0001:00021100       ImageList_Destroy
 0001:00021164       ImageList_DragEnter
 0001:0002116C       ImageList_DragLeave
 0001:00021174       ImageList_DragMove
 0001:00021184       ImageList_DragShowNolock
 0001:0002113C       ImageList_Draw
 0001:00021144       ImageList_DrawEx
 0001:0002115C       ImageList_EndDrag
 0001:00021128       ImageList_GetBkColor
 0001:0002118C       ImageList_GetDragImage
 0001:000211A4       ImageList_GetIconSize
 0001:00021108       ImageList_GetImageCount
 0001:00021194       ImageList_Read
 0001:0002114C       ImageList_Remove
 0001:00021118       ImageList_ReplaceIcon
 0001:00021120       ImageList_SetBkColor
 0001:0002117C       ImageList_SetDragCursorImage
 0001:000211AC       ImageList_SetIconSize
 0001:0002119C       ImageList_Write
 0002:00000B1C       Images
 0001:00039380       ImgList
 0001:000219A4       Imm
 0002:00000B00       IMM32DLL
 0001:000366B0       Imm32IsIME
 0002:00000180       IMSecsPerDay
 0001:0000D8D4       InBounds
 0001:0000DB74       InBounds
 0001:0000DBA4       Increment
 0001:0000D904       Increment
 0001:0000588C       InflateRect
 0001:000249F0       IniFiles
 0001:00000B78       InitAllocator
 0001:000211EC       InitAnApi
 0002:00002920       InitApis
 0001:0001289C       InitComponent
 0002:00002634       InitContext
 0001:0003674C       InitControls
 0001:00020874       InitDefFontData
 0001:0000BADC       InitDriveSpacePtr
 0001:0000ACB0       InitExceptions
 0001:00022A7C       InitFlatSB
 0001:00023F18       InitGlobals
 0001:0001D530       InitializeBitmapInfoHeader
 0001:00000350       InitializeCriticalSection
 0001:0000538C       InitializeCriticalSection
 0002:000025C0       initialized
 0001:00022A54       InitializeFlatSB
 0001:00005058       InitializeModule
 0001:0000CA80       InitializeVarUtils
 0001:00036350       InitIMM32
 0001:00012944       InitInheritedComponent
 0001:0000B468       InitLeadBytes
 0001:000218C8       InitMultiMonStubs
 0001:0000ADB4       InitPlatformId
 0002:00002040       InitProc
 0001:0004BE4C       InitProcs
 0001:000207F8       InitScreenLogPixels
 0001:0000B4E0       InitSysLocale
 0001:000230A4       InitThemeLibrary
 0001:00018310       InitThreadSynchronization
 0001:00004FD4       InitThreadTLS
 0001:00002EB0       InitUnits
 0001:00028398       InitWndProc
 0002:00000AA0       InnerStyles
 0002:0000204C       Input
 0001:0002DD34       InsertBefore
 0001:00048C20       InsertBefore
 0001:00001024       InsertFree
 0001:0003D754       InsertHotkeyFarEastFormat
 0001:00005894       InsertMenu
 0001:0000589C       InsertMenuItem
 0002:00002880       InstBlockList
 0002:00002884       InstFreeList
 0002:00002858       IntConstList
 0001:0000BB44       InterlockedDecrement
 0001:000002F4       InterlockedDecrement
 0001:00005294       InterlockedExchange
 0001:0000BB50       InterlockedExchange
 0001:0000BB58       InterlockedExchangeAdd
 0001:000002EC       InterlockedIncrement
 0001:0000BB38       InterlockedIncrement
 0001:0001A7D0       InternalDeletePalette
 0001:00001CC8       InternalFlush
 0001:00000E64       InternalFreeMem
 0001:0001D680       InternalGetDIB
 0001:0001D614       InternalGetDIBSizes
 0001:00012734       InternalReadComponentRes
 0002:00002AF0       InternalServices
 0001:000036AC       InternalUniqueString
 0001:0000553C       IntersectClipRect
 0001:000058A4       IntersectRect
 0001:00007128       IntToHex
 0001:00012634       IntToIdent
 0001:00007100       IntToStr
 0001:00007014       IntToStr
 0001:000058AC       InvalidateRect
 0001:0001C6B4       InvalidBitmap
 0001:0001C69C       InvalidGraphic
 0001:0001C6C0       InvalidIcon
 0001:0001C684       InvalidOperation
 0001:000117A0       InvalidPoint
 0002:00002798       InvalidPointer
 0001:000024F0       InvokeImplGetter
 0001:00001C28       IOResult
 0002:00000BE8       IOwnerDraw
 0002:00000BD0       IRadios
 0002:00000BE0       IRTL
 0001:00041C1C       IsAccel
 0001:0003E934       IsAccelChar
 0002:00002A0C       IsAppThemed
 0001:00028EAC       IsBeforeTargetWindow
 0001:000058B4       IsChild
 0002:00002048       IsConsole
 0001:00029308       IsDelphiHandle
 0001:000058BC       IsDialogMessage
 0002:00000BD8       ISeparators
 0001:000058C4       IsIconic
 0001:0003E990       IsInitialChar
 0001:00008650       IsLeapYear
 0002:00002034       IsLibrary
 0002:00002049       IsMultiThread
 0001:00033770       IsOrientationSet
 0001:000058CC       IsRectEmpty
 0001:000290B0       IsSiteChildOfClient
 0002:00002A08       IsThemeActive
 0002:000029B0       IsThemeBackgroundPartiallyTransparent
 0002:00002A18       IsThemeDialogTextureEnabled
 0002:000029AC       IsThemePartDefined
 0001:00012710       IsUniqueGlobalComponentName
 0002:0000284C       IsUniqueGlobalComponentNameProc
 0001:00006F64       IsValidIdent
 0001:0000B4C8       IsWesternGroup
 0001:000058D4       IsWindow
 0001:000058DC       IsWindowEnabled
 0001:000058E4       IsWindowVisible
 0001:000058EC       IsZoomed
 0001:0003A714       Iterate
 0001:0003A774       IterateMenus
 0002:0000002C       JITEnable
 0001:00041BD0       KeyboardStateToShiftState
 0001:00041B94       KeyDataToShiftState
 0001:00041B40       KeysToShiftState
 0001:000058F4       KillTimer
 0001:000074CC       LastDelimiter
 0001:00004E04       LCIDToCodePage
 0001:0000B3F4       LCIDToCodePage
 0002:0000010C       LeadBytes
 0001:00000360       LeaveCriticalSection
 0001:00005394       LeaveCriticalSection
 0002:00000034       LibModuleList
 0001:00005544       LineTo
 0001:00024B54       ListActns
 0001:00029E98       ListAdd
 0001:00029EC0       ListRemove
 0002:0000274E       ListSeparator
 0001:000058FC       LoadBitmap
 0001:00005904       LoadCursor
 0001:0000590C       LoadIcon
 0001:00005914       LoadKeyboardLayout
 0001:0000539C       LoadLibrary
 0001:00000284       LoadLibraryEx
 0001:000053A4       LoadResource
 0001:000044BC       LoadResourceModule
 0001:00004DAC       LoadResString
 0001:0000028C       LoadString
 0001:0000591C       LoadString
 0001:00000330       LocalAlloc
 0001:00004FA8       LocalAlloc
 0001:00000338       LocalFree
 0001:00009E94       LocalGetLocaleStr
 0002:00002A40       Lock
 0001:000053AC       LockResource
 0002:00002690       LongDateFormat
 0002:00002724       LongDayNames
 0002:000026D8       LongMonthNames
 0002:000026A4       LongTimeFormat
 0001:00006D54       LowerCase
 0001:00005424       lstrcpy
 0001:00000294       lstrcpyn
 0002:00002820       LVarTypes
 0002:00002824       LVarTypeSync
 0002:0000202C       MainInstance
 0002:00002030       MainThreadID
 0001:000003F4       MakeEmpty
 0001:00002FD0       MakeErrorMessage
 0002:00000AEC       MakeLast
 0001:00005ACC       MakeLong
 0001:000195B4       MakeObjectInstance
 0001:00005B24       MakeROP4
 0001:00005B5C       MakeWParam
 0001:0000A968       MapException
 0001:00024AC4       Mapi
 0002:00000948       MAPIDLL
 0002:0000094C       MAPIModule
 0001:00002CB8       MapToRunError
 0001:00005924       MapVirtualKey
 0001:0000592C       MapWindowPoints
 0002:00000B24       Mask
 0001:0000554C       MaskBlt
 0001:00020E38       Math
 0001:00020E00       Max
 0001:000444EC       MaximizedChildren
 0002:0000003C       MemoryManager
 0002:00000B40       MenuKeyCaps
 0001:0003F9B0       Menus
 0001:0000048C       MergeBlockAfter
 0001:00001168       MergeCommit
 0001:0000022C       MessageBox
 0001:00005934       MessageBox
 0001:00005D7C       Messages
 0001:00020DF8       Min
 0001:00012FA8       Min
 0001:0002D6BC       MinVar
 0002:00002928       MMAvailable
 0002:00000B04       ModeMap
 0001:000461EC       ModifySystemMenu
 0002:000000A4       Module
 0002:00002661       ModuleIsCpp
 0002:00002660       ModuleIsLib
 0001:00019584       ModuleUnload
 0002:00000038       ModuleUnloadList
 0002:00002904       MonitorFromPoint
 0002:00002900       MonitorFromRect
 0002:000028FC       MonitorFromWindow
 0002:000000DC       MonthDays
 0002:00002B10       Mouse
 0001:00001C48       Move
 0001:00005554       MoveToEx
 0001:00029EE0       MoveWindowOrg
 0001:000053B4       MulDiv
 0001:000002A4       MultiByteToWideChar
 0001:0004B8D8       MultiLineWidth
 0001:00021964       MultiMon
 0002:00002685       NegCurrFormat
 0001:000011F4       NewCommit
 0001:00001220       NewCommitAt
 0002:00002B14       NewStyleControls
 0001:0000B22C       NextCharIndex
 0001:00033754       NextVisibleZone
 0002:000003E0       NilMethod
 0002:00000030       NoErrMsg
 0001:0003B528       NormalDraw
 0001:00002870       NotifyAnyExcept
 0001:00002844       NotifyExcept
 0001:000028A4       NotifyExceptFinally
 0001:00012810       NotifyGlobalLoading
 0001:000047F8       NotifyModuleUnload
 0001:00002820       NotifyNonDelphiException
 0001:0000285C       NotifyOnExcept
 0001:00002804       NotifyReRaise
 0001:000028CC       NotifyTerminate
 0001:000028E8       NotifyUnhandled
 0001:0003E2E0       NthParentOf
 0001:0000F6E4       Null
 0002:0000031C       NullAsStringValue
 0002:00000318       NullStrictConvert
 0001:00028450       ObjectFromHWnd
 0001:0000593C       OemToAnsi
 0001:00005944       OffsetRect
 0002:00002978       OpenThemeData
 0002:00000AE4       OrientArray
 0002:00000AB0       OuterStyles
 0002:00002794       OutOfMemory
 0001:0001C6CC       OutOfResources
 0002:00002218       Output
 0002:00000320       PackVarCreation
 0002:000006DC       Pal16
 0001:0001ABD8       PaletteChanged
 0001:0001CEC4       PaletteFromDIBColorTable
 0001:0001CF68       PaletteToDIBColorTable
 0002:000006D8       PalSize
 0001:00033B38       ParentNotLast
 0001:0000555C       PatBlt
 0002:000028E8       PatternManager
 0001:0000594C       PeekMessage
 0002:000028DC       PenManager
 0002:000006A8       PenModes
 0002:00000688       PenStyles
 0001:00011728       Point
 0001:000050FC       Point
 0001:00011B60       PointerInModule
 0001:0002EEAC       PointsEqual
 0001:00005B44       PointToSmallPoint
 0002:00002BA0       PopupList
 0001:00005954       PostMessage
 0001:0000595C       PostQuitMessage
 0001:00022A18       Printers
 0001:00047900       ProcessExecute
 0001:00041E4C       ProcessHorz
 0001:00047A00       ProcessUpdate
 0001:00041EB8       ProcessVert
 0001:0001589C       PropertyNotFound
 0001:00016B04       PropPathError
 0002:00000C48       Props
 0001:00015890       PropValueError
 0001:00005964       PtInRect
 0002:000000A0       PtrToNil
 0001:00007DF8       PutExponent
 0002:00002B58       QualifyingSites
 0001:0000A924       RaiseAssertException
 0001:000001FC       RaiseException
 0001:000148B0       RaiseException
 0002:00002014       RaiseExceptionProc
 0001:0000B9D8       RaiseLastOSError
 0001:000348A8       ReadControlName
 0001:00017D44       ReadCustomVariant
 0001:00015878       ReadError
 0001:000053BC       ReadFile
 0001:0001D21C       ReadIcon
 0001:00005564       RealizePalette
 0001:000160B8       Recover
 0001:000050E0       Rect
 0001:00011750       Rect
 0001:0000556C       RectVisible
 0001:0000596C       RedrawWindow
 0002:00002818       RefAnyProc
 0002:00002A3C       ReferenceCount
 0001:00005224       RegCloseKey
 0001:000002AC       RegCloseKey
 0002:0000285C       RegGroups
 0001:00012304       RegisterClass
 0001:00005974       RegisterClass
 0001:0000597C       RegisterClipboardFormat
 0001:00029250       RegisterDockSite
 0001:00012678       RegisterFindGlobalComponentProc
 0001:0001254C       RegisterIntegerConsts
 0001:00004854       RegisterModule
 0001:00021D70       RegisterViewer
 0001:00005984       RegisterWindowMessage
 0001:00024A58       Registry
 0001:0000522C       RegOpenKeyEx
 0001:000002B4       RegOpenKeyEx
 0001:00005234       RegQueryValueEx
 0001:000002BC       RegQueryValueEx
 0001:00023978       RegStr
 0001:0000598C       ReleaseCapture
 0001:00005994       ReleaseDC
 0002:00000048       reMap
 0002:00002618       remBytes
 0001:00000514       RemoveBlock
 0002:000003BC       RemoveDataModule
 0001:00015748       RemoveFixupReferences
 0001:000157F4       RemoveFixups
 0001:00015AEC       RemoveGlobalFixup
 0001:0000599C       RemoveMenu
 0001:00004770       RemoveModuleUnloadProc
 0001:00004748       RemoveModuleUnloadProc
 0001:000059A4       RemoveProp
 0001:000053C4       ResetEvent
 0001:0001835C       ResetSyncEvent
 0001:00001758       ResizeInPlace
 0001:00005574       RestoreDC
 0001:000417D4       RestoreFocusState
 0001:0001374C       ReturnAddr
 0001:0003A2E8       ReturnAddr
 0001:00012AD4       ReturnAddr
 0001:0001CC48       RGBQuadToTriple
 0001:0001CC00       RGBTripleToQuad
 0001:000238D0       RichEdit
 0002:00002B28       RM_GetObjectInstance
 0002:00002BBC       RM_TaskbarCreated
 0002:00002614       rover
 0002:00000950       RTFConversionFormat
 0001:0000F928       RTLConsts
 0001:00000204       RtlUnwind
 0002:00002018       RTLUnwindProc
 0002:0000006C       runErrMsg
 0001:00001B50       RunErrorAt
 0001:0000CA34       SafeArrayCreate
 0001:0000CA3C       SafeArrayGetLBound
 0001:0000CA44       SafeArrayGetUBound
 0001:0000CA4C       SafeArrayPtrOfIndex
 0001:0000C07C       SafeLoadLibrary
 0001:00006E48       SameText
 0001:0000557C       SaveDC
 0001:000417C4       SaveFocusState
 0001:0000951C       ScanBlanks
 0001:00009660       ScanChar
 0001:000097DC       ScanDate
 0001:00009540       ScanNumber
 0001:000095D4       ScanString
 0001:00009B20       ScanTime
 0001:000096E4       ScanToNumber
 0002:00002BB4       Screen
 0002:00002894       ScreenLogPixels
 0001:000059AC       ScreenToClient
 0001:00042004       ScrollBarVisible
 0001:000059B4       ScrollWindow
 0001:00001254       SearchSmallBlocks
 0001:00005584       SelectObject
 0001:0000558C       SelectPalette
 0001:000284E0       SendAppMessage
 0001:00041A54       SendFocusMessage
 0001:000059BC       SendMessage
 0002:00000BA4       Separators
 0001:00001C88       Set8087CW
 0001:000059C4       SetActiveWindow
 0001:0004933C       SetAnimation
 0001:00005594       SetBkColor
 0001:0000559C       SetBkMode
 0001:000055A4       SetBrushOrgEx
 0001:000059CC       SetCapture
 0001:00028774       SetCaptureControl
 0001:000059D4       SetClassLong
 0001:0000F270       SetClearVarToEmptyParam
 0001:00016228       SetCompName
 0001:000059DC       SetCursor
 0001:000055AC       SetDIBColorTable
 0001:000053CC       SetEndOfFile
 0001:000053D4       SetErrorMode
 0001:000053DC       SetEvent
 0001:00002DF8       SetExceptionHandler
 0001:000053E4       SetFilePointer
 0001:0000FD8C       SetFloatProp
 0001:000059E4       SetFocus
 0001:000059EC       SetForegroundWindow
 0001:000365D4       SetImeMode
 0001:00001BD4       SetInOutRes
 0001:00010010       SetInt64Prop
 0001:0001004C       SetInterfaceProp
 0001:00016DE4       SetInterfaceReference
 0001:00016D00       SetIntIdent
 0002:00000C1C       SetLayeredWindowAttributes
 0001:0000FBF4       SetLongStrProp
 0001:000059F4       SetMenu
 0001:000059FC       SetMenuItemInfo
 0001:0000FFD8       SetMethodProp
 0001:00016D48       SetObjectIdent
 0001:0000FAFC       SetOrdProp
 0001:00005A04       SetParent
 0001:000055B4       SetPixel
 0001:00005A0C       SetProp
 0001:00005A14       SetRect
 0001:000055BC       SetROP2
 0001:00005A1C       SetScrollInfo
 0001:00005A24       SetScrollPos
 0001:00005A2C       SetScrollRange
 0001:0000FB58       SetShortStrProp
 0001:0000FBAC       SetShortStrPropAsLongStr
 0001:000055C4       SetStretchBltMode
 0001:0000FC8C       SetStrProp
 0001:00016030       SetSubComponentState
 0001:000055CC       SetTextColor
 0002:00002A20       SetThemeAppProperties
 0001:000053EC       SetThreadLocale
 0001:00005A34       SetTimer
 0001:0000F258       SetVarAsError
 0001:0000FF98       SetVariantProp
 0001:00016D88       SetVariantReference
 0001:000055D4       SetViewportOrgEx
 0001:0004B3DC       SetVisible
 0001:0000FCB8       SetWideStrProp
 0001:0000FC34       SetWideStrPropAsLongStr
 0001:00005A3C       SetWindowLong
 0001:000055DC       SetWindowOrgEx
 0001:00005A44       SetWindowPlacement
 0001:00005A4C       SetWindowPos
 0001:00005A54       SetWindowsHookEx
 0002:000029E4       SetWindowTheme
 0002:0000014C       ShareMode
 0001:00023940       ShellAPI
 0002:00002AE0       ShellModule
 0001:00023A20       ShlObj
 0001:0003A310       ShortCut
 0002:00002BA4       ShortCutItems
 0001:0003A39C       ShortCutToText
 0002:0000268C       ShortDateFormat
 0002:00002708       ShortDayNames
 0002:000026A8       ShortMonthNames
 0002:000026A0       ShortTimeFormat
 0002:00000C88       ShowCommands
 0002:00000C7C       ShowCommands
 0002:00000C94       ShowCommands
 0001:00005A5C       ShowCursor
 0001:0000A524       ShowException
 0002:00000A98       ShowFlags
 0002:00000D30       ShowFlags
 0001:000417DC       ShowMDIClientEdge
 0001:00005A64       ShowOwnedPopups
 0001:00005A6C       ShowScrollBar
 0001:00005A74       ShowWindow
 0001:00049364       ShowWinNoAnimate
 0001:00035B40       ShowZone
 0002:00000AF8       SizeCursors
 0001:000053F4       SizeofResource
 0001:00017878       SkipBinary
 0001:000178A8       SkipCollection
 0001:00017850       SkipList
 0001:0000B9D0       Sleep
 0001:000053FC       Sleep
 0001:00011740       SmallPoint
 0001:00005B30       SmallPointToPoint
 0002:00002620       smallTab
 0002:000025E8       spaceRoot
 0001:000123C0       StartClassGroup
 0001:00025880       StdActns
 0001:00025718       StdCtrls
 0001:0001958C       StdWndProc
 0002:0000289C       StockBrush
 0002:000028A0       StockFont
 0002:000028A4       StockIcon
 0002:00002898       StockPen
 0001:00007818       StrAlloc
 0001:0000782C       StrBufSize
 0001:0000AFCC       StrByteType
 0001:0000B1BC       StrCharLength
 0001:000076FC       StrComp
 0001:0000764C       StrCopy
 0001:00007874       StrDispose
 0001:00038ACC       StreamsEqual
 0001:00007628       StrEnd
 0001:000055E4       StretchBlt
 0001:00007C84       StrFmt
 0001:00007720       StrIComp
 0001:0001474C       StringListCompareStrings
 0001:0003F748       StripHotkey
 0001:00007674       StrLCopy
 0001:00007610       StrLen
 0001:00007CD0       StrLFmt
 0001:00007760       StrLIComp
 0001:0000763C       StrMove
 0001:00007840       StrNew
 0001:0000B1DC       StrNextChar
 0001:000076A8       StrPCopy
 0001:000076D4       StrPLCopy
 0001:000077C4       StrPos
 0001:000077A4       StrScan
 0001:00007150       StrToInt
 0001:0000718C       StrToIntDef
 0001:00024858       StrUtils
 0002:00000C70       Styles
 0001:0000BFE4       Supports
 0001:0000BFC0       Supports
 0002:00002850       SyncEvent
 0002:000003E8       SyncList
 0001:00022EDC       SyncObjs
 0001:000002D4       SysAllocStringLen
 0001:0000608C       SysConst
 0002:00000C40       SysConsts
 0002:00000C38       SysConsts
 0001:00009DD4       SysErrorMessage
 0001:00001580       SysFreeMem
 0001:000002E4       SysFreeString
 0001:000013D4       SysGetMem
 0001:000050D8       SysInit
 0002:00002740       SysLocale
 0001:0000195C       SysReallocMem
 0001:000002DC       SysReAllocStringLen
 0001:00004ECC       System
 0002:0000288C       SystemPalette16
 0001:0001CE2C       SystemPaletteOverride
 0001:00005A7C       SystemParametersInfo
 0001:0000C550       SysUtils
 0001:00037468       TActionLink.IsCaptionLinked
 0001:0003747C       TActionLink.IsCheckedLinked
 0001:00037490       TActionLink.IsEnabledLinked
 0001:000374A4       TActionLink.IsGroupIndexLinked
 0001:000374B8       TActionLink.IsHelpContextLinked
 0001:000374CC       TActionLink.IsHelpLinked
 0001:000374E0       TActionLink.IsHintLinked
 0001:000374F4       TActionLink.IsImageIndexLinked
 0001:00037508       TActionLink.IsShortCutLinked
 0001:0003751C       TActionLink.IsVisibleLinked
 0001:00037530       TActionLink.SetAutoCheck
 0001:00037534       TActionLink.SetCaption
 0001:00037538       TActionLink.SetChecked
 0001:0003753C       TActionLink.SetEnabled
 0001:00037540       TActionLink.SetGroupIndex
 0001:00037544       TActionLink.SetHelpContext
 0001:00037548       TActionLink.SetHelpKeyword
 0001:0003754C       TActionLink.SetHelpType
 0001:00037550       TActionLink.SetHint
 0001:00037554       TActionLink.SetImageIndex
 0001:00037558       TActionLink.SetShortCut
 0001:0003755C       TActionLink.SetVisible
 0001:0004B99C       TApplication.ActivateHint
 0001:0004A50C       TApplication.BringToFront
 0001:0004B6E0       TApplication.CancelHint
 0001:00049AF4       TApplication.CheckIniChange
 0001:00049870       TApplication.ControlDestroyed
 0001:000493A4       TApplication.Create
 0001:0004A91C       TApplication.CreateForm
 0001:000496C0       TApplication.CreateHandle
 0001:000495A4       TApplication.Destroy
 0001:0004BD6C       TApplication.DispatchAction
 0001:0004B0AC       TApplication.DoActionIdle
 0001:0004B110       TApplication.DoMouseIdle
 0001:00049940       TApplication.DoNormalizeTopMosts
 0001:0004BDFC       TApplication.ExecuteAction
 0001:0004BD30       TApplication.GetCurrentHelpFile
 0001:0004A340       TApplication.GetIconHandle
 0001:0004A548       TApplication.GetTitle
 0001:0004AA9C       TApplication.HandleException
 0001:0004A7F8       TApplication.HandleMessage
 0001:0004B054       TApplication.HelpCommand
 0001:0004AFCC       TApplication.HelpContext
 0001:0004AF3C       TApplication.HelpKeyword
 0001:0004B69C       TApplication.HideHint
 0001:0004B554       TApplication.HintMouseMessage
 0001:0004B664       TApplication.HintTimerExpired
 0001:0004A81C       TApplication.HookMainWindow
 0001:0004BEA8       TApplication.HookSynchronizeWakeup
 0001:0004B2E4       TApplication.IconChanged
 0001:0004B188       TApplication.Idle
 0001:0004A904       TApplication.Initialize
 0001:0004AD6C       TApplication.InvokeHelp
 0001:0004A594       TApplication.IsDlgMsg
 0001:0004A6C0       TApplication.IsHintMsg
 0001:0004A608       TApplication.IsKeyMsg
 0001:0004A5B8       TApplication.IsMDIMsg
 0001:0004A6F4       TApplication.IsShortCut
 0001:0004AB2C       TApplication.MessageBox
 0001:0004A35C       TApplication.Minimize
 0001:00049A1C       TApplication.ModalFinished
 0001:000499F0       TApplication.ModalStarted
 0001:00049A50       TApplication.NormalizeAllTopMosts
 0001:00049A48       TApplication.NormalizeTopMosts
 0001:0004B2A8       TApplication.NotifyForms
 0001:0004A760       TApplication.ProcessMessage
 0001:0004A40C       TApplication.Restore
 0001:00049A58       TApplication.RestoreTopMosts
 0001:0004A99C       TApplication.Run
 0001:0004B348       TApplication.SetHint
 0001:0004B05C       TApplication.SetShowHint
 0001:00049B4C       TApplication.SettingChange
 0001:0004AC94       TApplication.ShowException
 0001:0004B4E8       TApplication.StartHintTimer
 0001:0004B52C       TApplication.StopHintTimer
 0001:0004AA88       TApplication.Terminate
 0001:0004A878       TApplication.UnhookMainWindow
 0001:0004BEB8       TApplication.UnhookSynchronizeWakeup
 0001:0004BE24       TApplication.UpdateAction
 0001:0004B438       TApplication.UpdateVisible
 0001:00049ADC       TApplication.UseRightToLeftAlignment
 0001:00049AC4       TApplication.UseRightToLeftReading
 0001:0004B4C0       TApplication.ValidateHelpSystem
 0001:0004BE98       TApplication.WakeMainThread
 0001:00049C40       TApplication.WndProc
 0002:00000C28       TaskActiveWindow
 0002:00000C30       TaskFirstTopMost
 0002:00000C2C       TaskFirstWindow
 0002:00000C34       TaskWindowList
 0001:00028BC4       TBaseDragControlObject.Assign
 0001:00028BA0       TBaseDragControlObject.Create
 0001:00028BF0       TBaseDragControlObject.EndDrag
 0001:00028C1C       TBaseDragControlObject.Finished
 0001:00018F90       TBasicAction.Change
 0001:00018E2C       TBasicAction.Create
 0001:00018E70       TBasicAction.Destroy
 0001:00018EFC       TBasicAction.Execute
 0001:00018ECC       TBasicAction.ExecuteTarget
 0001:00018EC8       TBasicAction.HandlesTarget
 0001:00018ED0       TBasicAction.Notification
 0001:00018FA4       TBasicAction.RegisterChanges
 0001:00018FF0       TBasicAction.SetActionComponent
 0001:00018F34       TBasicAction.SetOnExecute
 0001:00018FB0       TBasicAction.UnRegisterChanges
 0001:00018F18       TBasicAction.Update
 0001:00018EF8       TBasicAction.UpdateTarget
 0001:00018D7C       TBasicActionLink.AssignClient
 0001:00018DB4       TBasicActionLink.Change
 0001:00018D38       TBasicActionLink.Create
 0001:00018D80       TBasicActionLink.Destroy
 0001:00018DCC       TBasicActionLink.Execute
 0001:00018E14       TBasicActionLink.IsOnExecuteLinked
 0001:00018DE8       TBasicActionLink.SetAction
 0001:00018E18       TBasicActionLink.SetOnExecute
 0001:00018E20       TBasicActionLink.Update
 0001:0001EB98       TBitmap.Assign
 0001:0001ED74       TBitmap.Changed
 0001:0001ED50       TBitmap.Changing
 0001:0001EC90       TBitmap.CopyImage
 0001:0001EAF4       TBitmap.Create
 0001:0001EB5C       TBitmap.Destroy
 0001:0001F200       TBitmap.DIBNeeded
 0001:0001ED80       TBitmap.Dormant
 0001:0001EDF4       TBitmap.Draw
 0001:0001F274       TBitmap.FreeContext
 0001:0001F044       TBitmap.FreeImage
 0001:0001F0C4       TBitmap.GetCanvas
 0001:0001F0A8       TBitmap.GetEmpty
 0001:0001F10C       TBitmap.GetHandle
 0001:0001F130       TBitmap.GetHandleType
 0001:0001F15C       TBitmap.GetHeight
 0001:0001F16C       TBitmap.GetMaskHandle
 0001:0001F180       TBitmap.GetMonochrome
 0001:0001F19C       TBitmap.GetPalette
 0001:0001F1B0       TBitmap.GetTransparentColor
 0001:0001F1F8       TBitmap.GetWidth
 0001:0001F284       TBitmap.HandleNeeded
 0001:0001F43C       TBitmap.LoadFromClipboardFormat
 0001:0001F4C0       TBitmap.LoadFromStream
 0001:0001F324       TBitmap.MaskHandleNeeded
 0001:0001F4E4       TBitmap.NewImage
 0001:0001F384       TBitmap.PaletteNeeded
 0001:0001F5E4       TBitmap.ReadData
 0001:0001F60C       TBitmap.ReadDIB
 0001:0001FB74       TBitmap.ReadStream
 0001:000202A4       TBitmap.SaveToClipboardFormat
 0001:0002029C       TBitmap.SaveToStream
 0001:0001FBE4       TBitmap.SetHandle
 0001:0001FCA8       TBitmap.SetHandleType
 0001:0001FDE0       TBitmap.SetHeight
 0001:0001FE34       TBitmap.SetMonochrome
 0001:0001FEB4       TBitmap.SetPalette
 0001:0001FF88       TBitmap.SetWidth
 0001:0001FFDC       TBitmap.WriteData
 0001:0001FFE4       TBitmap.WriteStream
 0001:0001DE58       TBitmapCanvas.Create
 0001:0001DF60       TBitmapCanvas.CreateHandle
 0001:0001DE94       TBitmapCanvas.Destroy
 0001:0001DEC0       TBitmapCanvas.FreeContext
 0001:0001E070       TBitmapImage.Destroy
 0001:0001E0CC       TBitmapImage.FreeHandle
 0001:00012F60       TBits.Destroy
 0001:00012F90       TBits.Error
 0001:00013084       TBits.OpenBit
 0001:00013058       TBits.SetBit
 0001:00012FB4       TBits.SetSize
 0001:0001BC10       TBrush.Assign
 0001:0001BBA8       TBrush.Create
 0001:0001BBE8       TBrush.Destroy
 0001:0001BD48       TBrush.GetColor
 0001:0001BCB8       TBrush.GetData
 0001:0001BD84       TBrush.GetHandle
 0001:0001BE64       TBrush.GetStyle
 0001:0001BD24       TBrush.SetBitmap
 0001:0001BD50       TBrush.SetColor
 0001:0001BCD4       TBrush.SetData
 0001:0001BE6C       TBrush.SetStyle
 0001:0001C664       TCanvas.BrushChanged
 0001:0001C538       TCanvas.Changed
 0001:0001C524       TCanvas.Changing
 0001:0001BFC0       TCanvas.CopyRect
 0001:0001BEA0       TCanvas.Create
 0001:0001C5A8       TCanvas.CreateBrush
 0001:0001C54C       TCanvas.CreateFont
 0001:0001C458       TCanvas.CreateHandle
 0001:0001C578       TCanvas.CreatePen
 0001:0001C3FC       TCanvas.DeselectHandles
 0001:0001BF64       TCanvas.Destroy
 0001:0001C048       TCanvas.Draw
 0001:0001C0F4       TCanvas.FillRect
 0001:0001C624       TCanvas.FontChanged
 0001:0001C3DC       TCanvas.GetHandle
 0001:0001C324       TCanvas.GetPenPos
 0001:0001C368       TCanvas.GetPixel
 0001:0001C130       TCanvas.LineTo
 0001:0001C168       TCanvas.Lock
 0001:0001C190       TCanvas.MoveTo
 0001:0001C644       TCanvas.PenChanged
 0001:0001C4B0       TCanvas.RequiredState
 0001:0001C318       TCanvas.SetBrush
 0001:0001C2FC       TCanvas.SetFont
 0001:0001C45C       TCanvas.SetHandle
 0001:0001C30C       TCanvas.SetPen
 0001:0001C348       TCanvas.SetPenPos
 0001:0001C394       TCanvas.SetPixel
 0001:0001C1BC       TCanvas.StretchDraw
 0001:0001C1F8       TCanvas.TextExtent
 0001:0001C258       TCanvas.TextHeight
 0001:0001C23C       TCanvas.TextWidth
 0001:0001C278       TCanvas.TryLock
 0001:0001C2D4       TCanvas.Unlock
 0001:00039338       TChangeLink.Change
 0001:00039304       TChangeLink.Destroy
 0001:00012034       TClassFinder.Create
 0001:00012160       TClassFinder.Destroy
 0001:00012190       TClassFinder.GetClass
 0001:00013384       TCollection.Add
 0001:000133A4       TCollection.Clear
 0001:00023C04       TCommonDialog.Create
 0001:00023CA8       TCommonDialog.DefaultHandler
 0001:00023C4C       TCommonDialog.Destroy
 0001:00023E4C       TCommonDialog.DoClose
 0001:00023E60       TCommonDialog.DoShow
 0001:00023CE0       TCommonDialog.MainWndProc
 0001:00023C80       TCommonDialog.MessageHook
 0001:00023D78       TCommonDialog.TaskModalDialog
 0001:00023D34       TCommonDialog.WMDestroy
 0001:00023D4C       TCommonDialog.WMInitDialog
 0001:00023D64       TCommonDialog.WMNCDestroy
 0001:00023D2C       TCommonDialog.WndProc
 0001:000185E8       TComponent.BeforeDestruction
 0001:00018B08       TComponent.ChangeName
 0001:00018524       TComponent.Create
 0001:0001889C       TComponent.DefineProperties
 0001:00018570       TComponent.Destroy
 0001:0001876C       TComponent.DestroyComponents
 0001:000187C4       TComponent.Destroying
 0001:00018C44       TComponent.ExecuteAction
 0001:00018A2C       TComponent.FindComponent
 0001:000185F4       TComponent.FreeNotification
 0001:00018930       TComponent.GetChildOwner
 0001:00018934       TComponent.GetChildParent
 0001:00018928       TComponent.GetChildren
 0001:00018B1C       TComponent.GetComponent
 0001:00018B48       TComponent.GetComponentCount
 0001:00018938       TComponent.GetNamePath
 0001:0001894C       TComponent.GetOwner
 0001:00018954       TComponent.GetParentComponent
 0001:00018924       TComponent.HasParent
 0001:00018688       TComponent.Insert
 0001:000186DC       TComponent.InsertComponent
 0001:00018D34       TComponent.IntfGetComponent
 0001:00018974       TComponent.Loaded
 0001:00018840       TComponent.Notification
 0001:00018980       TComponent.PaletteCreated
 0001:00018CB4       TComponent.QueryInterface
 0001:00018648       TComponent.ReadLeft
 0001:00018984       TComponent.ReadState
 0001:0001865C       TComponent.ReadTop
 0001:000186B4       TComponent.Remove
 0001:00018734       TComponent.RemoveComponent
 0001:00018824       TComponent.RemoveFreeNotification
 0001:00018800       TComponent.RemoveNotification
 0001:00018C94       TComponent.SafeCallException
 0001:00018950       TComponent.SetChildOrder
 0001:00018B58       TComponent.SetComponentIndex
 0001:00018BAC       TComponent.SetDesigning
 0001:00018A7C       TComponent.SetName
 0001:00018958       TComponent.SetParentComponent
 0001:00018BFC       TComponent.SetReference
 0001:00018C6C       TComponent.UpdateAction
 0001:00018968       TComponent.Updated
 0001:00018CAC       TComponent.UpdateRegistry
 0001:0001895C       TComponent.Updating
 0001:00018A14       TComponent.ValidateContainer
 0001:00018A28       TComponent.ValidateInsert
 0001:00018994       TComponent.ValidateRename
 0001:00018670       TComponent.WriteLeft
 0001:0001898C       TComponent.WriteState
 0001:0001867C       TComponent.WriteTop
 0001:00018CF4       TComponent._AddRef
 0001:00018D14       TComponent._Release
 0001:00036F04       TContainedAction.Destroy
 0001:00037070       TContainedAction.Execute
 0001:00036F38       TContainedAction.GetIndex
 0001:00036F54       TContainedAction.GetParentComponent
 0001:00036F64       TContainedAction.HasParent
 0001:00036F50       TContainedAction.IsCategoryStored
 0001:00036F74       TContainedAction.ReadState
 0001:0003701C       TContainedAction.SetActionList
 0001:00036FF0       TContainedAction.SetCategory
 0001:00036FA8       TContainedAction.SetIndex
 0001:00037044       TContainedAction.SetParentComponent
 0001:000370C8       TContainedAction.Update
 0001:0002D430       TControl.ActionChange
 0001:0002D7DC       TControl.AdjustSize
 0001:0002D610       TControl.AssignTo
 0001:0002BBEC       TControl.BeginAutoDrag
 0001:0002BC04       TControl.BeginDrag
 0001:0002B7C8       TControl.BringToFront
 0001:0002C5DC       TControl.CalcCursorPos
 0001:0002C744       TControl.CalcDockSizes
 0001:0002C4DC       TControl.CanAutoSize
 0001:0002C4E0       TControl.CanResize
 0001:0002B1B0       TControl.ChangeScale
 0001:0002CCA0       TControl.CheckNewSize
 0001:0002CA98       TControl.Click
 0001:0002B0BC       TControl.ClientToScreen
 0001:0002D1E4       TControl.CMBiDiModeChanged
 0001:0002D12C       TControl.CMColorChanged
 0001:0002D2B8       TControl.CMDesignHitTest
 0001:0002D11C       TControl.CMEnabledChanged
 0001:0002D3D0       TControl.CMFloat
 0001:0002D124       TControl.CMFontChanged
 0001:0002D828       TControl.CMHintShow
 0001:0002D280       TControl.CMHitTest
 0001:0002D288       TControl.CMMouseEnter
 0001:0002D2A0       TControl.CMMouseLeave
 0001:0002D188       TControl.CMMouseWheel
 0001:0002D164       TControl.CMParentBiDiModeChanged
 0001:0002D134       TControl.CMParentColorChanged
 0001:0002D22C       TControl.CMParentFontChanged
 0001:0002D204       TControl.CMParentShowHintChanged
 0001:0002D25C       TControl.CMSysFontChanged
 0001:0002D0F4       TControl.CMVisibleChanged
 0001:0002C5AC       TControl.ConstrainedResize
 0001:0002A6A4       TControl.Create
 0001:0002D2C0       TControl.CreateFloatingDockSite
 0001:0002CB04       TControl.DblClick
 0001:0002C018       TControl.DefaultDockImage
 0001:0002C970       TControl.DefaultHandler
 0001:0002CA48       TControl.DefineProperties
 0001:0002C608       TControl.DesignWndProc
 0001:0002A77C       TControl.Destroy
 0001:0002D52C       TControl.DoActionChange
 0001:0002C510       TControl.DoCanAutoSize
 0001:0002C57C       TControl.DoCanResize
 0001:0002ADA8       TControl.Dock
 0001:0002BE5C       TControl.DockTrackNoTarget
 0001:0002C63C       TControl.DoConstrainedResize
 0001:0002C4D0       TControl.DoConstraintsChange
 0001:0002D97C       TControl.DoContextPopup
 0001:0002AEB4       TControl.DoDock
 0001:0002C16C       TControl.DoDragMsg
 0001:0002BE70       TControl.DoEndDock
 0001:0002BD60       TControl.DoEndDrag
 0001:0002CB5C       TControl.DoMouseDown
 0001:0002CEBC       TControl.DoMouseUp
 0001:0002BEBC       TControl.DoMouseWheel
 0001:0002BF80       TControl.DoMouseWheelDown
[...]
 0001:00049AF4       TApplication.CheckIniChange
 0001:00049B4C       TApplication.SettingChange
 0001:00049BB8       Default
 0001:00049BF4       DrawAppIcon
 0001:00049C40       TApplication.WndProc
 0001:0004A340       TApplication.GetIconHandle
 0001:0004A35C       TApplication.Minimize
 0001:0004A40C       TApplication.Restore
 0001:0004A50C       TApplication.BringToFront
 0001:0004A548       TApplication.GetTitle
 0001:0004A594       TApplication.IsDlgMsg
 0001:0004A5B8       TApplication.IsMDIMsg
 0001:0004A608       TApplication.IsKeyMsg
 0001:0004A6C0       TApplication.IsHintMsg
 0001:0004A6F4       TApplication.IsShortCut
 0001:0004A760       TApplication.ProcessMessage
 0001:0004A7F8       TApplication.HandleMessage
 0001:0004A81C       TApplication.HookMainWindow
 0001:0004A878       TApplication.UnhookMainWindow
 0001:0004A904       TApplication.Initialize
 0001:0004A91C       TApplication.CreateForm
 0001:0004A99C       TApplication.Run
 0001:0004AA88       TApplication.Terminate
 0001:0004AA9C       TApplication.HandleException
 0001:0004AB2C       TApplication.MessageBox
 0001:0004AC94       TApplication.ShowException
 0001:0004AD6C       TApplication.InvokeHelp
 0001:0004AED4       DoOnHelp
 0001:0004AF3C       TApplication.HelpKeyword
 0001:0004AFCC       TApplication.HelpContext
 0001:0004B054       TApplication.HelpCommand
 0001:0004B05C       TApplication.SetShowHint
 0001:0004B0AC       TApplication.DoActionIdle
 0001:0004B110       TApplication.DoMouseIdle
 0001:0004B188       TApplication.Idle
 0001:0004B2A8       TApplication.NotifyForms
 0001:0004B2E4       TApplication.IconChanged
 0001:0004B348       TApplication.SetHint
 0001:0004B3DC       SetVisible
 0001:0004B438       TApplication.UpdateVisible
 0001:0004B4C0       TApplication.ValidateHelpSystem
 0001:0004B4E8       TApplication.StartHintTimer
 0001:0004B52C       TApplication.StopHintTimer
 0001:0004B554       TApplication.HintMouseMessage
 0001:0004B664       TApplication.HintTimerExpired
 0001:0004B69C       TApplication.HideHint
 0001:0004B6E0       TApplication.CancelHint
 0001:0004B708       FindScanline
 0001:0004B718       GetCursorHeightMargin
 0001:0004B878       ValidateHintWindow
 0001:0004B8D8       MultiLineWidth
 0001:0004B99C       TApplication.ActivateHint
 0001:0004BD30       TApplication.GetCurrentHelpFile
 0001:0004BD6C       TApplication.DispatchAction
 0001:0004BDFC       TApplication.ExecuteAction
 0001:0004BE24       TApplication.UpdateAction
 0001:0004BE4C       InitProcs
 0001:0004BE98       TApplication.WakeMainThread
 0001:0004BEA8       TApplication.HookSynchronizeWakeup
 0001:0004BEB8       TApplication.UnhookSynchronizeWakeup
 0001:0004BED8       Finalization
 0001:0004BF34       Forms
 0001:0004C0F8       TForm1.FormCreate
 0001:0004C104       Finalization
 0001:0004C134       DummyUnit
 0001:0004C13C       Finalization
 0001:0004C344       Dummy
 0002:00000000       ExitCode
 0002:00000004       ErrorAddr
 0002:00000008       FileMode
 0002:0000000C       VarClearProc
 0002:00000010       VarAddRefProc
 0002:00000014       VarCopyProc
 0002:00000018       VarToLStrProc
 0002:0000001C       VarToWStrProc
 0002:00000020       Default8087CW
 0002:00000024       HeapAllocFlags
 0002:00000028       DebugHook
 0002:0000002C       JITEnable
 0002:00000030       NoErrMsg
 0002:00000034       LibModuleList
 0002:00000038       ModuleUnloadList
 0002:0000003C       MemoryManager
 0002:00000048       reMap
 0002:00000064       errCaption
 0002:0000006C       runErrMsg
 0002:0000008C       dig
 0002:0000009C       TlsIndex
 0002:000000A0       PtrToNil
 0002:000000A4       Module
 0002:000000BC       EmptyStr
 0002:000000C0       EmptyWideStr
 0002:000000C4       Win32Platform
 0002:000000C8       Win32MajorVersion
 0002:000000CC       Win32MinorVersion
 0002:000000D0       Win32BuildNumber
 0002:000000D4       Win32CSDVersion
 0002:000000D8       TwoDigitYearCenturyWindow
 0002:000000DC       MonthDays
 0002:0000010C       LeadBytes
 0002:0000012C       HexDisplayPrefix
 0002:00000130       GetDiskFreeSpaceEx
 0002:00000134       ExitProcList
 0002:00000138       cSimpleBoolStrs
 0002:00000140       AccessMode
 0002:0000014C       ShareMode
 0002:00000160       FormatErrorStrs
 0002:00000168       FCon1E18
 0002:00000174       DCon10
 0002:00000178       CWNear
 0002:0000017C       FMSecsPerDay
 0002:00000180       IMSecsPerDay
 0002:00000184       Format
 0002:00000188       DefShortMonthNames
 0002:000001B8       DefLongMonthNames
 0002:000001E8       DefShortDayNames
 0002:00000204       DefLongDayNames
 0002:00000220       ErrorMap
 0002:00000258       ExceptMap
 0002:00000308       WesternGroups
 0002:0000030C       TerminateProcList
 0002:00000310       CResult
 0002:00000318       NullStrictConvert
 0002:0000031C       NullAsStringValue
 0002:00000320       PackVarCreation
 0002:00000324       BooleanToStringRule
 0002:00000328       CInvalidCustomVariantType
 0002:0000032C       CRangeToType
 0002:00000340       CText
 0002:00000394       CRelationshipToBoolean
 0002:000003A8       BooleanIdents
 0002:000003B0       DotSep
 0002:000003B4       AddDataModule
 0002:000003BC       RemoveDataModule
 0002:000003C4       ApplicationHandleException
 0002:000003CC       ApplicationShowException
 0002:000003D4       WakeMainThread
 0002:000003DC       FilerSignature
 0002:000003E0       NilMethod
 0002:000003E8       SyncList
 0002:000003EC       BlockCode
 0002:000003F0       UtilWindowClass
 0002:00000418       DefFontData
 0002:00000444       DDBsOnly
 0002:00000448       Colors
 0002:000005E8       FontCharsets
 0002:00000678       DefPenData
 0002:00000688       PenStyles
 0002:00000698       DefBrushData
 0002:000006A8       PenModes
 0002:000006C8       ClipboardFormats
 0002:000006CC       FileFormats
 0002:000006D0       BitmapCanvasList
 0002:000006D4       DIBPalSizes
 0002:000006D8       PalSize
 0002:000006DC       Pal16
 0002:0000071C       FPrinter
 0002:00000720       CreationControl
 0002:00000724       WndProcPtrAtom
 0002:00000728       Captions
 0002:0000073C       ButtonNames
 0002:00000768       ButtonCaptions
 0002:00000794       ColorToPretyName
 0002:0000090C       BitBtnCaptions
 0002:00000938       Values
 0002:00000940       Values
 0002:00000948       MAPIDLL
 0002:0000094C       MAPIModule
 0002:00000950       RTFConversionFormat
 0002:0000095C       TextConversionFormat
 0002:00000968       ThemeServicesClass
 0002:0000096C       Copyright
 0002:00000970       ThemeDataNames
 0002:000009D0       AnimateWindowProc
 0002:000009D4       CreationControl
 0002:000009D8       DefaultDockTreeClass
 0002:000009DC       AnchorAlign
 0002:000009E4       Cursors
 0002:00000A94       CaptureControl
 0002:00000A98       ShowFlags
 0002:00000A9C       WindowPos
 0002:00000AA0       InnerStyles
 0002:00000AB0       OuterStyles
 0002:00000AC0       EdgeStyles
 0002:00000AD0       Ctl3DStyles
 0002:00000AD8       AnimationStyle
 0002:00000AE4       OrientArray
 0002:00000AEC       MakeLast
 0002:00000AF4       TreeStreamEndFlag
 0002:00000AF8       SizeCursors
 0002:00000B00       IMM32DLL
 0002:00000B04       ModeMap
 0002:00000B0C       DrawingStyles
 0002:00000B1C       Images
 0002:00000B24       Mask
 0002:00000B2C       ValidMenuHotkeys
 0002:00000B30       cMenuAutoFlagToItem
 0002:00000B34       cItemAutoFlagToMenu
 0002:00000B38       cBooleanToItemAutoFlag
 0002:00000B3C       cItemAutoFlagToBoolean
 0002:00000B40       MenuKeyCaps
 0002:00000B88       Checks
 0002:00000B90       Enables
 0002:00000B98       Breaks
 0002:00000BA4       Separators
 0002:00000BAC       IBreaks
 0002:00000BB8       IChecks
 0002:00000BC0       IDefaults
 0002:00000BC8       IEnables
 0002:00000BD0       IRadios
 0002:00000BD8       ISeparators
 0002:00000BE0       IRTL
 0002:00000BE8       IOwnerDraw
 0002:00000BF0       Alignments
 0002:00000BF8       EdgeStyle
 0002:00000C00       Alignments
 0002:00000C08       Flags
 0002:00000C14       Buttons
 0002:00000C18       HintWindowClass
 0002:00000C1C       SetLayeredWindowAttributes
 0002:00000C20       FocusMessages
 0002:00000C24       FocusCount
 0002:00000C28       TaskActiveWindow
 0002:00000C2C       TaskFirstWindow
 0002:00000C30       TaskFirstTopMost
 0002:00000C34       TaskWindowList
 0002:00000C38       SysConsts
 0002:00000C40       SysConsts
 0002:00000C48       Props
 0002:00000C70       Styles
 0002:00000C7C       ShowCommands
 0002:00000C88       ShowCommands
 0002:00000C94       ShowCommands
 0002:00000CA0       cUseAlpha
 0002:00000CA8       cUseColorKey
 0002:00000CB0       CursorMap
 0002:00000D04       WindowClass
 0002:00000D2C       AppVisible
 0002:00000D30       ShowFlags
 0002:00002000       DispCallByIDProc
 0002:00002004       ExceptProc
 0002:00002008       ErrorProc
 0002:0000200C       ExceptClsProc
 0002:00002010       ExceptObjProc
 0002:00002014       RaiseExceptionProc
 0002:00002018       RTLUnwindProc
 0002:0000201C       ExceptionClass
 0002:00002020       AssertErrorProc
 0002:00002024       ExitProcessProc
 0002:00002028       AbstractErrorProc
 0002:0000202C       MainInstance
 0002:00002030       MainThreadID
 0002:00002034       IsLibrary
 0002:00002038       CmdShow
 0002:0000203C       CmdLine
 0002:00002040       InitProc
 0002:00002044       ExitProc
 0002:00002048       IsConsole
 0002:00002049       IsMultiThread
 0002:0000204A       Test8086
 0002:0000204C       Input
 0002:00002218       Output
 0002:000023E4       ErrOutput
 0002:000025B0       AllocMemCount
 0002:000025B4       AllocMemSize
 0002:000025B8       .5
 0002:000025BC       DefaultUserCodePage
 0002:000025C0       initialized
 0002:000025C4       heapErrorCode
 0002:000025C8       heapLock
 0002:000025E0       blockDescBlockList
 0002:000025E4       blockDescFreeList
 0002:000025E8       spaceRoot
 0002:000025F8       decommittedRoot
 0002:00002608       avail
 0002:00002614       rover
 0002:00002618       remBytes
 0002:0000261C       curAlloc
 0002:00002620       smallTab
 0002:00002624       committedRoot
 0002:00002634       InitContext
 0002:00002660       ModuleIsLib
 0002:00002661       ModuleIsCpp
 0002:00002664       HInstance
 0002:00002668       .1
 0002:0000266C       tlsBuffer
 0002:00002670       .1
 0002:00002674       .3
 0002:00002678       .1
 0002:0000267C       .1
 0002:00002680       CurrencyString
 0002:00002684       CurrencyFormat
 0002:00002685       NegCurrFormat
 0002:00002686       ThousandSeparator
 0002:00002687       DecimalSeparator
 0002:00002688       CurrencyDecimals
 0002:00002689       DateSeparator
 0002:0000268C       ShortDateFormat
 0002:00002690       LongDateFormat
 0002:00002694       TimeSeparator
 0002:00002698       TimeAMString
 0002:0000269C       TimePMString
 0002:000026A0       ShortTimeFormat
 0002:000026A4       LongTimeFormat
 0002:000026A8       ShortMonthNames
 0002:000026D8       LongMonthNames
 0002:00002708       ShortDayNames
 0002:00002724       LongDayNames
 0002:00002740       SysLocale
 0002:0000274E       ListSeparator
 0002:00002750       EraNames
 0002:0000276C       EraYearOffsets
 0002:00002788       TrueBoolStrs
 0002:0000278C       FalseBoolStrs
 0002:00002790       .35
 0002:00002794       OutOfMemory
 0002:00002798       InvalidPointer
 0002:0000279C       FLanguages
 0002:000027A0       VariantChangeTypeEx
 0002:000027A4       VarNeg
 0002:000027A8       VarNot
 0002:000027AC       VarAdd
 0002:000027B0       VarSub
 0002:000027B4       VarMul
 0002:000027B8       VarDiv
 0002:000027BC       VarIDiv
 0002:000027C0       VarMod
 0002:000027C4       VarAnd
 0002:000027C8       VarOr
 0002:000027CC       VarXor
 0002:000027D0       VarCmp
 0002:000027D4       VarI4FromStr
 0002:000027D8       VarR4FromStr
 0002:000027DC       VarR8FromStr
 0002:000027E0       VarDateFromStr
 0002:000027E4       VarCyFromStr
 0002:000027E8       VarBoolFromStr
 0002:000027EC       VarBstrFromCy
 0002:000027F0       VarBstrFromDate
 0002:000027F4       VarBstrFromBool
 0002:000027F8       .5
 0002:000027FC       EmptyParam
 0002:0000280C       VarDispProc
 0002:00002810       ClearAnyProc
 0002:00002814       ChangeAnyProc
 0002:00002818       RefAnyProc
 0002:0000281C       .81
 0002:00002820       LVarTypes
 0002:00002824       LVarTypeSync
 0002:0000283C       .1
 0002:00002840       .6
 0002:00002844       .3
 0002:00002848       GlobalNameSpace
 0002:0000284C       IsUniqueGlobalComponentNameProc
 0002:00002850       SyncEvent
 0002:00002854       .45
 0002:00002858       IntConstList
 0002:0000285C       RegGroups
 0002:00002860       FindGlobalComponentProcs
 0002:00002864       GlobalFixupList
 0002:00002868       ThreadLock
 0002:00002880       InstBlockList
 0002:00002884       InstFreeList
 0002:00002888       .1
 0002:0000288C       SystemPalette16
 0002:00002890       .12
 0002:00002894       ScreenLogPixels
 0002:00002898       StockPen
 0002:0000289C       StockBrush
 0002:000028A0       StockFont
 0002:000028A4       StockIcon
 0002:000028A8       BitmapImageLock
 0002:000028C0       CounterLock
 0002:000028D8       FontManager
 0002:000028DC       PenManager
 0002:000028E0       BrushManager
 0002:000028E4       CanvasList
 0002:000028E8       PatternManager
 0002:000028EC       .2
 0002:000028F0       .21
 0002:000028F4       .1
 0002:000028F8       GetSystemMetrics
 0002:000028FC       MonitorFromWindow
 0002:00002900       MonitorFromRect
 0002:00002904       MonitorFromPoint
 0002:00002908       GetMonitorInfo
 0002:0000290C       GetMonitorInfoA
 0002:00002910       GetMonitorInfoW
 0002:00002914       EnumDisplayMonitors
 0002:00002918       .1
 0002:0000291C       User32Dll
 0002:00002920       InitApis
 0002:00002928       MMAvailable
 0002:0000292C       .1
 0002:00002930       .2
 0002:00002934       HelpManager
 0002:00002938       .3
 0002:0000293C       .3
 0002:00002940       FlatSB_EnableScrollBar
 0002:00002944       FlatSB_ShowScrollBar
 0002:00002948       FlatSB_GetScrollRange
 0002:0000294C       FlatSB_GetScrollInfo
 0002:00002950       FlatSB_GetScrollPos
 0002:00002954       FlatSB_SetScrollPos
 0002:00002958       FlatSB_SetScrollInfo
 0002:0000295C       FlatSB_SetScrollRange
 0002:00002960       .1
 0002:00002964       _FlatSB_GetScrollProp
 0002:00002968       _FlatSB_SetScrollProp
 0002:0000296C       _InitializeFlatSB
 0002:00002970       _UninitializeFlatSB
 0002:00002974       .6
 0002:00002978       OpenThemeData
 0002:0000297C       CloseThemeData
 0002:00002980       DrawThemeBackground
 0002:00002984       DrawThemeText
 0002:00002988       GetThemeBackgroundContentRect
 0002:0000298C       GetThemeBackgroundExtent
 0002:00002990       GetThemePartSize
 0002:00002994       GetThemeTextExtent
 0002:00002998       GetThemeTextMetrics
 0002:0000299C       GetThemeBackgroundRegion
 0002:000029A0       HitTestThemeBackground
 0002:000029A4       DrawThemeEdge
 0002:000029A8       DrawThemeIcon
 0002:000029AC       IsThemePartDefined
 0002:000029B0       IsThemeBackgroundPartiallyTransparent
 0002:000029B4       GetThemeColor
 0002:000029B8       GetThemeMetric
 0002:000029BC       GetThemeString
 0002:000029C0       GetThemeBool
 0002:000029C4       GetThemeInt
 0002:000029C8       GetThemeEnumValue
 0002:000029CC       GetThemePosition
 0002:000029D0       GetThemeFont
 0002:000029D4       GetThemeRect
 0002:000029D8       GetThemeMargins
 0002:000029DC       GetThemeIntList
 0002:000029E0       GetThemePropertyOrigin
 0002:000029E4       SetWindowTheme
 0002:000029E8       GetThemeFilename
 0002:000029EC       GetThemeSysColor
 0002:000029F0       GetThemeSysColorBrush
 0002:000029F4       GetThemeSysBool
 0002:000029F8       GetThemeSysSize
 0002:000029FC       GetThemeSysFont
 0002:00002A00       GetThemeSysString
 0002:00002A04       GetThemeSysInt
 0002:00002A08       IsThemeActive
 0002:00002A0C       IsAppThemed
 0002:00002A10       GetWindowTheme
 0002:00002A14       EnableThemeDialogTexture
 0002:00002A18       IsThemeDialogTextureEnabled
 0002:00002A1C       GetThemeAppProperties
 0002:00002A20       SetThemeAppProperties
 0002:00002A24       GetCurrentThemeName
 0002:00002A28       GetThemeDocumentationProperty
 0002:00002A2C       DrawThemeParentBackground
 0002:00002A30       EnableTheming
 0002:00002A34       .1
 0002:00002A38       ThemeLibrary
 0002:00002A3C       ReferenceCount
 0002:00002A40       Lock
 0002:00002A44       .1
 0002:00002A48       .4
 0002:00002A4C       .1
 0002:00002A50       .1
 0002:00002A54       .1
 0002:00002A58       .1
 0002:00002A5C       .1
 0002:00002A60       .1
 0002:00002A64       .1
 0002:00002A68       .11
 0002:00002A6C       HelpMsg
 0002:00002A70       FindMsg
 0002:00002A74       .12
 0002:00002A78       .1
 0002:00002A7C       CF_PICTURE
 0002:00002A7E       CF_COMPONENT
 0002:00002A80       .2
 0002:00002A84       FClipboard
 0002:00002A88       .1
 0002:00002A8C       .4
 0002:00002A90       BitBtnGlyphs
 0002:00002ABC       .3
 0002:00002AC0       .8
 0002:00002AC4       .5
 0002:00002AC8       .1
 0002:00002ACC       .72
 0002:00002AD0       UrlMonHandle
 0002:00002AD4       UrlMonInitialized
 0002:00002AD8       .8
 0002:00002ADC       .36
 0002:00002AE0       ShellModule
 0002:00002AE4       FRichEditModule
 0002:00002AE8       ComCtlVersion
 0002:00002AEC       .2
 0002:00002AF0       InternalServices
 0002:00002AF4       .42
 0002:00002AF8       .73
 0002:00002AFC       WinHelpTester
 0002:00002B00       ViewerName
 0002:00002B04       .1
 0002:00002B08       HelpViewer
 0002:00002B0C       HelpViewerIntf
 0002:00002B10       Mouse
 0002:00002B14       NewStyleControls
 0002:00002B18       .72
 0002:00002B1C       WindowAtom
 0002:00002B1E       ControlAtom
 0002:00002B20       WindowAtomString
 0002:00002B24       ControlAtomString
 0002:00002B28       RM_GetObjectInstance
 0002:00002B2C       DragControl
 0002:00002B30       DragObject
 0002:00002B34       DragInternalObject
 0002:00002B38       DragCapture
 0002:00002B3C       DragStartPos
 0002:00002B44       DragSaveCursor
 0002:00002B48       DragThreshold
 0002:00002B4C       ActiveDrag
 0002:00002B50       DragImageList
 0002:00002B54       DockSiteList
 0002:00002B58       QualifyingSites
 0002:00002B5C       DragSave
 0002:00002B60       CanvasList
 0002:00002B64       _WINNLSEnableIME
 0002:00002B68       _ImmGetContext
 0002:00002B6C       _ImmReleaseContext
 0002:00002B70       _ImmGetConversionStatus
 0002:00002B74       _ImmSetConversionStatus
 0002:00002B78       _ImmSetOpenStatus
 0002:00002B7C       _ImmSetCompositionWindow
 0002:00002B80       _ImmSetCompositionFont
 0002:00002B84       _ImmGetCompositionString
 0002:00002B88       _ImmIsIME
 0002:00002B8C       _ImmNotifyIME
 0002:00002B90       .8
 0002:00002B94       .3
 0002:00002B98       CachedComCtrlVer
 0002:00002B9C       ImageListWriteExProc
 0002:00002BA0       PopupList
 0002:00002BA4       ShortCutItems
 0002:00002BA8       .9
 0002:00002BAC       CommandPool
 0002:00002BB0       Application
 0002:00002BB4       Screen
 0002:00002BB8       .41
 0002:00002BBC       RM_TaskbarCreated
 0002:00002BC0       HintThreadID
 0002:00002BC4       HintDoneEvent
 0002:00002BC8       HintHook
 0002:00002BCC       HintThread
 0002:00002BD0       Form1
 0002:00002BD4       .2


Line numbers for DummyUnit(DummyUnit.pas) segment .text

    28 0001:0004C0F8    29 0001:0004C0F9    30 0001:0004C0FA    31 0001:0004C0FB
    34 0001:0004C0FC    36 0001:0004C100    40 0001:0004C102    42 0001:0004C103
    44 0001:0004C134    44 0001:0004C13B

Line numbers for Dummy(C:\Projetos\Delphi\DIscover\test\Dummy\Dummy.dpr) segment .text

     9 0001:0004C344    10 0001:0004C354    11 0001:0004C360    12 0001:0004C378
    13 0001:0004C384

Bound resource files

c:\program files (x86)\delphi7se\Lib\Buttons.res
c:\program files (x86)\delphi7se\Lib\ExtDlgs.res
c:\program files (x86)\delphi7se\Lib\Controls.res
DummyUnit.dfm
Dummy.res
Dummy.drf


Program entry point at 0001:0004C344
