
 Start         Length     Name                   Class
 0001:00000000 00011C5CH .text                   CODE
 0002:00000000 0000058CH .data                   DATA
 0002:0000058C 00000881H .bss                    BSS


Detailed map of segments

 0001:00000000 00004DB7 C=CODE     S=.text    G=(none)   M=System   ACBP=A9
 0001:00004DB8 000001CC C=CODE     S=.text    G=(none)   M=SysInit  ACBP=A9
 0001:00004F84 00000038 C=CODE     S=.text    G=(none)   M=Types    ACBP=A9
 0001:00004FBC 00000180 C=CODE     S=.text    G=(none)   M=Windows  ACBP=A9
 0001:0000513C 00000308 C=CODE     S=.text    G=(none)   M=SysConst ACBP=A9
 0001:00005444 00005FD8 C=CODE     S=.text    G=(none)   M=SysUtils ACBP=A9
 0001:0000B41C 00000038 C=CODE     S=.text    G=(none)   M=Messages ACBP=A9
 0001:0000B454 000007FB C=CODE     S=.text    G=(none)   M=VarUtils ACBP=A9
 0001:0000BC50 0000280E C=CODE     S=.text    G=(none)   M=Variants ACBP=A9
 0001:0000E460 00000098 C=CODE     S=.text    G=(none)   M=RTLConsts ACBP=A9
 0001:0000E4F8 00000084 C=CODE     S=.text    G=(none)   M=TypInfo  ACBP=A9
 0001:0000E57C 00000038 C=CODE     S=.text    G=(none)   M=ActiveX  ACBP=A9
 0001:0000E5B4 00003466 C=CODE     S=.text    G=(none)   M=Classes  ACBP=A9
 0001:00011A1C 000000A8 C=CODE     S=.text    G=(none)   M=StrUtils ACBP=A9
 0001:00011AC4 00000198 C=CODE     S=.text    G=(none)   M=ModuleDummy ACBP=A9
 0002:00000000 0000009C C=DATA     S=.data    G=DGROUP   M=System   ACBP=A9
 0002:0000009C 0000002C C=DATA     S=.data    G=DGROUP   M=SysInit  ACBP=A9
 0002:000000C8 00000250 C=DATA     S=.data    G=DGROUP   M=SysUtils ACBP=A9
 0002:00000318 00000008 C=DATA     S=.data    G=DGROUP   M=VarUtils ACBP=A9
 0002:00000320 00000076 C=DATA     S=.data    G=DGROUP   M=Variants ACBP=A9
 0002:00000398 0000000C C=DATA     S=.data    G=DGROUP   M=TypInfo  ACBP=A9
 0002:000003A4 00000004 C=DATA     S=.data    G=DGROUP   M=Classes  ACBP=A9
 0002:00001000 0000065C C=BSS      S=.bss     G=DGROUP   M=System   ACBP=A9
 0002:0000165C 00000014 C=BSS      S=.bss     G=DGROUP   M=SysInit  ACBP=A9
 0002:00001670 00000004 C=BSS      S=.bss     G=DGROUP   M=Types    ACBP=A9
 0002:00001674 00000004 C=BSS      S=.bss     G=DGROUP   M=Windows  ACBP=A9
 0002:00001678 00000004 C=BSS      S=.bss     G=DGROUP   M=SysConst ACBP=A9
 0002:0000167C 00000120 C=BSS      S=.bss     G=DGROUP   M=SysUtils ACBP=A9
 0002:0000179C 00000004 C=BSS      S=.bss     G=DGROUP   M=Messages ACBP=A9
 0002:000017A0 0000005C C=BSS      S=.bss     G=DGROUP   M=VarUtils ACBP=A9
 0002:000017FC 00000040 C=BSS      S=.bss     G=DGROUP   M=Variants ACBP=A9
 0002:0000183C 00000004 C=BSS      S=.bss     G=DGROUP   M=RTLConsts ACBP=A9
 0002:00001840 00000004 C=BSS      S=.bss     G=DGROUP   M=TypInfo  ACBP=A9
 0002:00001844 00000004 C=BSS      S=.bss     G=DGROUP   M=ActiveX  ACBP=A9
 0002:00001848 00000034 C=BSS      S=.bss     G=DGROUP   M=Classes  ACBP=A9
 0002:0000187C 00000004 C=BSS      S=.bss     G=DGROUP   M=StrUtils ACBP=A9


  Address         Publics by Name

 0002:0000183C       .1
 0002:00001678       .1
 0002:0000187C       .1
 0002:00001670       .1
 0002:00001668       .1
 0002:0000179C       .1
 0002:00001844       .3
 0002:00001674       .3
 0002:0000178C       .35
 0002:00001850       .45
 0002:000015B4       .5
 0002:000017F8       .5
 0002:00001840       .6
 0002:0000181C       .81
 0001:00001BAC       @AbstractError
 0001:000028E0       @AfterConstruction
 0001:000028F0       @BeforeDestruction
 0001:00002820       @CallDynaInst
 0001:00002888       @ClassCreate
 0001:000028D8       @ClassDestroy
 0001:00001EE4       @Close
 0001:00001B08       @Copy
 0001:00003CE8       @CopyArray
 0001:00003BCC       @CopyRecord
 0001:00003DDC       @DispCallByIDError
 0001:0000C6F0       @DispInvokeError
 0001:00002BD0       @DoneExcept
 0001:0000402C       @DynArrayAsg
 0001:00003FF0       @DynArrayClear
 0001:00003E10       @DynArrayHigh
 0001:00003E08       @DynArrayLength
 0001:00003FE4       @DynArraySetLength
 0001:00002CB8       @ExceptionHandler
 0001:00001F3C       @FillChar
 0001:00003BA8       @Finalize
 0001:00003ABC       @FinalizeArray
 0001:00003A70       @FinalizeRecord
 0001:00001ED8       @Flush
 0001:00002594       @FpuInit
 0001:000024D0       @FpuMaskInit
 0001:00001A04       @FreeMem
 0001:000019D4       @GetMem
 0001:00004EB8       @GetTls
 0001:0000318C       @Halt
 0001:000030AC       @Halt0
 0001:000029F0       @HandleAnyException
 0001:00002B1C       @HandleFinally
 0001:00002F70       @InitImports
 0001:00004F04       @InitLib
 0001:00002F48       @InitResStringImports
 0001:0000473C       @IntfClear
 0001:00004754       @IntfCopy
 0001:000027CC       @IsClass
 0001:000024A0       @isNECWindows
 0001:000031C8       @LStrArrayClr
 0001:000031F8       @LStrAsg
 0001:00003448       @LStrCat
 0001:0000348C       @LStrCat3
 0001:00003500       @LStrCatN
 0001:000031A4       @LStrClr
 0001:0000358C       @LStrCmp
 0001:00003688       @LStrCopy
 0001:00003414       @LStrFromArray
 0001:0000338C       @LStrFromChar
 0001:0000339C       @LStrFromPChar
 0001:00003294       @LStrFromPCharLen
 0001:000033CC       @LStrFromPWChar
 0001:00003300       @LStrFromPWCharLen
 0001:00003408       @LStrFromString
 0001:0000342C       @LStrFromWStr
 0001:0000323C       @LStrLAsg
 0001:00003440       @LStrLen
 0001:000036C8       @LStrPos
 0001:00003710       @LStrSetLength
 0001:00003630       @LStrToPChar
 0001:00003268       @NewAnsiString
 0001:000037B8       @NewWideString
 0001:000021B4       @Pow10
 0001:00002B7C       @RaiseAgain
 0001:00002B54       @RaiseExcept
 0001:00001A24       @ReallocMem
 0001:00001C20       @RewritText
 0001:00003198       @RunError
 0001:00002198       @SetEq
 0001:00002E80       @StartLib
 0001:00000248       @strlen
 0001:00002C00       @TryFinallyExit
 0001:00003680       @UniqueStringA
 0001:00001F5C       @ValLong
 0001:0000DCA4       @VarAddRef
 0001:0000C9C8       @VarClear
 0001:0000C9DC       @VarClr
 0001:00003AA4       @VarClr
 0001:00003BB4       @VarCopy
 0001:0000CD04       @VarCopy
 0001:0000D030       @VarToLStr
 0001:0000D750       @VarToWStr
 0001:00003774       @Write0LString
 0001:00002074       @WriteBytes
 0001:00002144       @WriteLn
 0001:00003790       @WriteLString
 0001:000020C8       @WriteSpaces
 0001:000037F8       @WStrArrayClr
 0001:0000381C       @WStrAsg
 0001:000037E0       @WStrClr
 0001:00003958       @WStrCmp
 0001:000039DC       @WStrCopy
 0001:0000392C       @WStrFromLStr
 0001:00003840       @WStrFromPCharLen
 0001:000038F0       @WStrFromPWChar
 0001:000038CC       @WStrFromPWCharLen
 0001:0000394C       @WStrLen
 0001:00003A28       @WStrSetLength
 0001:0000393C       @WStrToPWChar
 0001:00001AD8       @_IOTest
 0001:00003DE4       @_llmul
 0001:00009A14       AbstractErrorHandler
 0002:00001028       AbstractErrorProc
 0002:00000148       AccessMode
 0001:0000E5AC       ActiveX
 0001:000003A8       AddBlockAfter
 0001:00004594       AddModuleUnloadProc
 0001:000045A4       AddModuleUnloadProc
 0001:00004FBC       AllocConsole
 0001:00006020       AllocMem
 0002:000015AC       AllocMemCount
 0002:000015B0       AllocMemSize
 0001:00004DE8       AllocTlsBuffer
 0001:0000618C       AnsiCompareStr
 0001:000061C4       AnsiCompareText
 0001:00011A1C       AnsiContainsText
 0001:0000A220       AnsiPos
 0001:000061FC       AnsiSameText
 0001:0000A25C       AnsiStrPos
 0001:0000A31C       AnsiStrRScan
 0001:0000A364       AnsiStrScan
 0001:00004B74       AnsiToUtf8
 0001:00006158       AnsiUpperCase
 0001:000079CC       AppendChars
 0001:00007D98       AppendFormat
 0001:00007A30       AppendNumber
 0001:00007A10       AppendString
 0001:000099F8       AssertErrorHandler
 0002:00001020       AssertErrorProc
 0002:00001604       avail
 0001:000067B8       BackfillGetDiskFreeSpaceEx
 0001:0000B6E4       BackupVarBoolFromStr
 0001:0000B844       BackupVarBStrFromBool
 0001:0000B764       BackupVarBStrFromCy
 0001:0000B7D4       BackupVarBStrFromDate
 0001:0000B678       BackupVarCyFromStr
 0001:0000B60C       BackupVarDateFromStr
 0001:0000B4C8       BackupVarI4FromStr
 0001:0000B474       BackupVariantChangeTypeEx
 0001:0000B534       BackupVarR4FromStr
 0001:0000B5A0       BackupVarR8FromStr
 0001:0000B4B0       BiUnimplemented
 0002:000015DC       blockDescBlockList
 0002:000015E0       blockDescFreeList
 0002:00000398       BooleanIdents
 0002:00000328       BooleanToStringRule
 0001:0000658C       BoolToStr
 0001:0000CDB8       BoolToWStrViaOS
 0001:00009FC4       ByteToCharIndex
 0001:00009F9C       ByteToCharLen
 0001:00009F60       ByteType
 0001:00009EE8       ByteTypeTest
 0002:00001814       ChangeAnyProc
 0001:000032C4       CharFromWChar
 0001:0000A1A8       CharLength
 0001:000050D4       CharNext
 0001:000001C0       CharNext
 0001:0000A0B0       CharToByteIndex
 0001:0000A114       CharToByteLen
 0001:000050DC       CharToOemA
 0001:000050E4       CharUpperBuff
 0001:0000296C       CheckJmp
 0002:0000032C       CInvalidCustomVariantType
 0001:00011988       Classes
 0002:00001810       ClearAnyProc
 0001:0000DFE0       ClearVariantTypeList
 0001:00004FC4       CloseHandle
 0001:00000160       CloseHandle
 0002:0000103C       CmdLine
 0002:00001038       CmdShow
 0001:0000B4BC       CmpUnimplemented
 0001:00000728       Commit
 0002:00001620       committedRoot
 0001:00004FCC       CompareString
 0001:000060E0       CompareText
 0001:000064B4       CompareWith
 0001:00009444       ConvertAddr
 0001:00007B24       ConvertEraString
 0001:00005FFC       ConvertErrorFmt
 0001:00007C90       ConvertYearString
 0001:00003E18       CopyArray
 0001:0000A020       CountChars
 0001:0000993C       CreateAssertException
 0001:00009AC4       CreateAVObject
 0001:00004FD4       CreateEvent
 0001:00004FDC       CreateFile
 0001:00000168       CreateFileA
 0001:00009868       CreateInOutError
 0002:00000384       CRelationshipToBoolean
 0002:00000318       CResult
 0002:00000140       cSimpleBoolStrs
 0002:00000330       CText
 0002:00001618       curAlloc
 0002:00001684       CurrencyDecimals
 0002:00001680       CurrencyFormat
 0002:0000167C       CurrencyString
 0001:000079B8       CurrentYear
 0001:00007544       CurrToStr
 0001:0000CD48       CurrToWStrViaOS
 0001:00006264       CvtInt
 0001:000062D0       CvtInt64
 0002:00000180       CWNear
 0002:00001685       DateSeparator
 0001:000085CC       DateTimeToStr
 0001:00008570       DateTimeToString
 0001:00007604       DateTimeToTimeStamp
 0001:0000CD80       DateToWStrViaOS
 0001:00007990       DayOfWeek
 0002:0000017C       DCon10
 0002:00000024       DebugHook
 0002:00001683       DecimalSeparator
 0001:00007970       DecodeDate
 0001:00007820       DecodeDateFully
 0001:000076B8       DecodeTime
 0001:000007E8       Decommit
 0001:00000F14       DecommitFree
 0002:000015F4       decommittedRoot
 0002:00000020       Default8087CW
 0002:00000030       DefaultTextLineBreakStyle
 0002:000015B8       DefaultUserCodePage
 0002:0000020C       DefLongDayNames
 0002:000001C0       DefLongMonthNames
 0002:000001F0       DefShortDayNames
 0002:00000190       DefShortMonthNames
 0001:0000407C       DelayLoadResourceModule
 0001:00000404       DeleteBlock
 0001:00004FE4       DeleteCriticalSection
 0001:00000314       DeleteCriticalSection
 0001:00000CFC       DeleteFree
 0002:0000008C       dig
 0002:00001000       DispCallByIDProc
 0001:00005FE0       DivMod
 0002:00001664       DllProc
 0001:00009DF8       DoneExceptions
 0001:0001184C       DoneThreadSynchronization
 0002:000003A0       DotSep
 0001:0000F8D4       DoWrite
 0001:00003E30       DynArrayClear
 0001:00003E38       DynArraySetLength
 0001:0000983C       EHeapException.FreeInstance
 0002:000017FC       EmptyParam
 0002:000000C8       EmptyStr
 0002:000000CC       EmptyWideStr
 0001:00004FEC       EnterCriticalSection
 0001:00000304       EnterCriticalSection
 0001:00004FF4       EnumCalendarInfoA
 0001:000090B8       EnumEraNames
 0001:000090F4       EnumEraYearOffsets
 0002:0000174C       EraNames
 0001:00008844       EraToYear
 0002:00001768       EraYearOffsets
 0002:00000064       errCaption
 0001:00001ACC       Error
 0002:00000004       ErrorAddr
 0001:00001A80       ErrorAt
 0001:000098E8       ErrorHandler
 0002:00000228       ErrorMap
 0002:00001008       ErrorProc
 0002:000013E0       ErrOutput
 0002:0000100C       ExceptClsProc
 0001:00009D64       ExceptHandler
 0001:000096B0       Exception.Create
 0001:000096EC       Exception.CreateFmt
 0001:0000976C       Exception.CreateRes
 0001:000097A8       Exception.CreateResFmt
 0002:0000101C       ExceptionClass
 0001:00009450       ExceptionErrorMessage
 0002:00000260       ExceptMap
 0002:00001010       ExceptObjProc
 0002:00001004       ExceptProc
 0002:00000000       ExitCode
 0001:00002FF0       ExitDll
 0002:00001040       ExitProc
 0001:000001C8       ExitProcess
 0002:00001024       ExitProcessProc
 0001:00004E94       ExitProcessTLS
 0001:00004E6C       ExitThreadTLS
 0001:0000677C       ExpandFileName
 0001:00006744       ExtractFileName
 0002:00001788       FalseBoolStrs
 0002:00000170       FCon1E18
 0001:000066EC       FileClose
 0001:00006630       FileCreate
 0001:00006654       FileCreate
 0002:00000008       FileMode
 0001:00001C68       FileNOPProc
 0001:000065D8       FileOpen
 0001:0000665C       FileRead
 0001:000066B4       FileSeek
 0001:00006688       FileWrite
 0001:00000E34       FillAfterGap
 0001:00000DD4       FillBeforeGap
 0001:00000ED4       FillerSizeAfterGap
 0001:00000E5C       FillerSizeBeforeGap
 0001:0000E524       Finalization
 0001:0000E33C       Finalization
 0001:00004C90       Finalization
 0001:0000BC10       Finalization
 0001:000118D8       Finalization
 0001:00005104       Finalization
 0001:00011AC4       Finalization
 0001:0000540C       Finalization
 0001:0000B21C       Finalization
 0001:00004F4C       Finalization
 0001:0000B41C       Finalization
 0001:00011A8C       Finalization
 0001:00004F84       Finalization
 0001:0000E57C       Finalization
 0001:0000E4C0       Finalization
 0001:00003E28       FinalizeArray
 0001:00002DA0       FinalizeUnits
 0001:0000410C       FindBS
 0001:000001D8       FindClose
 0001:00000D90       FindCommitted
 0001:0000E284       FindCustomVariantType
 0001:000001E0       FindFirstFile
 0002:0000185C       FindGlobalComponentProcs
 0001:00004054       FindHInstance
 0001:0000B8D8       FindProc
 0001:000040C4       FindResourceHInstance
 0002:00001798       FLanguages
 0001:000071D4       FloatToDecimal
 0001:00007514       FloatToStr
 0001:00006F00       FloatToText
 0001:00001ECC       Flush
 0002:00000184       FMSecsPerDay
 0001:00006DF4       FmtStr
 0001:00006DE0       Format
 0002:0000018C       Format
 0001:00006A1C       FormatBuf
 0001:00006A10       FormatClearStr
 0001:00006994       FormatError
 0002:00000168       FormatErrorStrs
 0001:00004FFC       FormatMessage
 0001:000069EC       FormatVarToStr
 0001:000021AC       FPower10
 0001:0000AF3C       FreeAndNil
 0001:00000A90       FreeCommitted
 0001:000010C8       FreeCurAlloc
 0001:00011864       FreeIntConstList
 0001:000001E8       FreeLibrary
 0001:00000660       FreeSpace
 0001:0000AA3C       FreeTerminateProcs
 0001:00005004       GetACP
 0001:0000031C       GetBlockDesc
 0001:000002B8       GetCmdShow
 0001:000001F0       GetCommandLine
 0001:000008A4       GetCommitted
 0001:0000094C       GetCommittedAt
 0001:00007A7C       GetCount
 0001:0000500C       GetCPInfo
 0001:000002A8       GetCurrentThreadId
 0001:00005014       GetCurrentThreadId
 0001:00007AAC       GetDate
 0001:0000501C       GetDateFormat
 0001:0000875C       GetDateOrder
 0001:00005024       GetDiskFreeSpaceA
 0002:0000013C       GetDiskFreeSpaceEx
 0001:000027F0       GetDynaMethod
 0001:0000916C       GetEraNamesAndYearOffsets
 0001:000087F0       GetEraYearOffset
 0001:00009AAC       GetExceptionClass
 0001:00009C98       GetExceptionObject
 0001:00000178       GetFileSize
 0001:00000170       GetFileType
 0001:0000A610       GetFormatSettings
 0001:0000502C       GetFullPathName
 0001:00002498       GetKeyboardType
 0001:00005034       GetLastError
 0001:000001F8       GetLastError
 0001:00008F30       GetLocaleChar
 0001:00000200       GetLocaleInfo
 0001:00005044       GetLocaleInfo
 0001:00008EE4       GetLocaleStr
 0001:0000503C       GetLocalTime
 0001:00000208       GetModuleFileName
 0001:0000504C       GetModuleFileName
 0001:00005054       GetModuleHandle
 0001:00000210       GetModuleHandle
 0001:00008F94       GetMonthDayNames
 0001:0000505C       GetProcAddress
 0001:00000218       GetProcAddress
 0001:00000584       GetSpace
 0001:000005E8       GetSpaceAt
 0001:00000220       GetStartupInfo
 0001:00000180       GetStdHandle
 0001:00005064       GetStdHandle
 0001:0000506C       GetStringTypeEx
 0001:000050EC       GetSystemMetrics
 0001:00000228       GetThreadLocale
 0001:00005074       GetThreadLocale
 0001:00007AE4       GetTime
 0001:00004DF4       GetTlsSize
 0001:000002B0       GetVersion
 0001:0000507C       GetVersionEx
 0002:00001860       GlobalFixupList
 0002:00001848       GlobalNameSpace
 0002:000015C0       heapErrorCode
 0002:000015C4       heapLock
 0002:00000138       HexDisplayPrefix
 0002:00001660       HInstance
 0002:00000188       IMSecsPerDay
 0001:0000C744       InBounds
 0001:0000C9E4       InBounds
 0001:0000C774       Increment
 0001:0000CA14       Increment
 0001:00000B24       InitAllocator
 0002:00001630       InitContext
 0001:0000AA68       InitDriveSpacePtr
 0001:00009D74       InitExceptions
 0001:00005084       InitializeCriticalSection
 0001:000002FC       InitializeCriticalSection
 0002:000015BC       initialized
 0001:00004EF8       InitializeModule
 0001:0000B904       InitializeVarUtils
 0001:0000A420       InitLeadBytes
 0001:00009E78       InitPlatformId
 0001:00004E40       InitProcessTLS
 0001:0000A498       InitSysLocale
 0001:00011818       InitThreadSynchronization
 0001:00004DFC       InitThreadTLS
 0001:00002E10       InitUnits
 0002:00001048       Input
 0001:00000FD0       InsertFree
 0002:00001854       IntConstList
 0001:0000AAD0       InterlockedDecrement
 0001:000002A0       InterlockedDecrement
 0001:0000AADC       InterlockedExchange
 0001:0000AAE4       InterlockedExchangeAdd
 0001:00000298       InterlockedIncrement
 0001:0000AAC4       InterlockedIncrement
 0001:00001CA8       InternalClose
 0001:00001E84       InternalFlush
 0001:00000E10       InternalFreeMem
 0001:0000363C       InternalUniqueString
 0001:000063C4       IntToHex
 0001:000062B0       IntToStr
 0001:0000639C       IntToStr
 0002:00001794       InvalidPointer
 0001:000026B8       InvokeImplGetter
 0001:00001B4C       IOResult
 0002:00001044       IsConsole
 0001:00007714       IsLeapYear
 0002:00001034       IsLibrary
 0002:00001045       IsMultiThread
 0001:0000A480       IsWesternGroup
 0002:00000028       JITEnable
 0001:000066F4       LastDelimiter
 0001:0000A3AC       LCIDToCodePage
 0001:00004C1C       LCIDToCodePage
 0002:00000118       LeadBytes
 0001:0000030C       LeaveCriticalSection
 0001:0000508C       LeaveCriticalSection
 0002:00000034       LibModuleList
 0002:0000174A       ListSeparator
 0001:00000230       LoadLibraryEx
 0001:00004310       LoadResourceModule
 0001:00004BC4       LoadResString
 0001:00000238       LoadString
 0001:000050F4       LoadString
 0001:000002DC       LocalAlloc
 0001:00004DB8       LocalAlloc
 0001:00004DC0       LocalFree
 0001:000002E4       LocalFree
 0001:00008F58       LocalGetLocaleStr
 0002:0000168C       LongDateFormat
 0002:00001720       LongDayNames
 0002:000016D4       LongMonthNames
 0002:000016A0       LongTimeFormat
 0001:00006090       LowerCase
 0001:00000240       lstrcpyn
 0002:00001820       LVarTypes
 0002:00001824       LVarTypeSync
 0002:0000102C       MainInstance
 0002:00001030       MainThreadID
 0001:000003A0       MakeEmpty
 0001:00002F94       MakeErrorMessage
 0001:00009A2C       MapException
 0001:00002C18       MapToRunError
 0002:0000003C       MemoryManager
 0001:00000438       MergeBlockAfter
 0001:00001114       MergeCommit
 0001:000001D0       MessageBox
 0001:000050FC       MessageBox
 0001:0000B44C       Messages
 0002:000000A0       Module
 0001:00011B6C       ModuleDummy
 0002:0000165D       ModuleIsCpp
 0002:0000165C       ModuleIsLib
 0001:000118D0       ModuleUnload
 0002:00000038       ModuleUnloadList
 0002:000000E8       MonthDays
 0001:00001B6C       Move
 0001:00000250       MultiByteToWideChar
 0002:00001681       NegCurrFormat
 0001:000011A0       NewCommit
 0001:000011CC       NewCommitAt
 0001:0000A1E4       NextCharIndex
 0002:0000002C       NoErrMsg
 0001:00002958       NotifyAnyExcept
 0001:00002940       NotifyExcept
 0001:0000298C       NotifyExceptFinally
 0001:0000464C       NotifyModuleUnload
 0001:0000291C       NotifyNonDelphiException
 0001:00002900       NotifyReRaise
 0001:000029B4       NotifyTerminate
 0001:000029D0       NotifyUnhandled
 0002:00000324       NullAsStringValue
 0002:00000320       NullStrictConvert
 0001:00001BC8       OpenText
 0002:00001790       OutOfMemory
 0002:00001214       Output
 0001:0000EF84       PointerInModule
 0001:000110A0       PropValueError
 0001:00006EBC       PutExponent
 0001:000099E8       RaiseAssertException
 0001:00010B50       RaiseException
 0001:00000188       RaiseException
 0002:00001014       RaiseExceptionProc
 0001:0000A990       RaiseLastOSError
 0001:00011088       ReadError
 0001:00005094       ReadFile
 0001:00000190       ReadFile
 0002:00001818       RefAnyProc
 0001:00000258       RegCloseKey
 0002:00001858       RegGroups
 0001:000046A8       RegisterModule
 0001:00000260       RegOpenKeyEx
 0001:00000268       RegQueryValueEx
 0002:00000048       reMap
 0002:00001614       remBytes
 0001:000004C0       RemoveBlock
 0001:00010F58       RemoveFixupReferences
 0001:00011004       RemoveFixups
 0001:0000459C       RemoveModuleUnloadProc
 0001:000045C4       RemoveModuleUnloadProc
 0001:0000509C       ResetEvent
 0001:00001704       ResizeInPlace
 0001:0000FA34       ReturnAddr
 0001:0000F298       ReturnAddr
 0002:00001610       rover
 0001:0000E4F0       RTLConsts
 0001:00000198       RtlUnwind
 0002:00001018       RTLUnwindProc
 0002:0000006C       runErrMsg
 0001:00001A74       RunErrorAt
 0001:0000B8B8       SafeArrayCreate
 0001:0000B8C0       SafeArrayGetLBound
 0001:0000B8C8       SafeArrayGetUBound
 0001:0000B8D0       SafeArrayPtrOfIndex
 0001:00006134       SameText
 0001:000085E0       ScanBlanks
 0001:00008724       ScanChar
 0001:000088A0       ScanDate
 0001:00008604       ScanNumber
 0001:00008698       ScanString
 0001:00008BE4       ScanTime
 0001:000087A8       ScanToNumber
 0001:00001200       SearchSmallBlocks
 0001:0000DFB0       SetClearVarToEmptyParam
 0001:000050A4       SetEndOfFile
 0001:000001A0       SetEndOfFile
 0001:000050AC       SetEvent
 0001:00002D58       SetExceptionHandler
 0001:000050B4       SetFilePointer
 0001:000001A8       SetFilePointer
 0001:00001AF8       SetInOutRes
 0001:0000DF98       SetVarAsError
 0002:00000154       ShareMode
 0002:00001688       ShortDateFormat
 0002:00001704       ShortDayNames
 0002:000016A4       ShortMonthNames
 0002:0000169C       ShortTimeFormat
 0001:000095E8       ShowException
 0001:000113EC       SkipBinary
 0001:0001141C       SkipCollection
 0001:000113C4       SkipList
 0001:0000A988       Sleep
 0002:0000161C       smallTab
 0002:000015E4       spaceRoot
 0001:0000694C       StrAlloc
 0001:00009F84       StrByteType
 0001:0000A174       StrCharLength
 0001:00010A14       StringListCompareStrings
 0001:00006860       StrLCopy
 0001:00006838       StrLen
 0001:00006D94       StrLFmt
 0001:00006894       StrLIComp
 0001:00006850       StrMove
 0001:00006960       StrNew
 0001:0000A194       StrNextChar
 0001:000068F8       StrPos
 0001:000068D8       StrScan
 0001:000063EC       StrToIntDef
 0001:00011ABC       StrUtils
 0002:0000184C       SyncEvent
 0002:000003A4       SyncList
 0001:00000280       SysAllocStringLen
 0001:0000543C       SysConst
 0001:00008E98       SysErrorMessage
 0001:0000152C       SysFreeMem
 0001:00000290       SysFreeString
 0001:00001380       SysGetMem
 0001:00004F7C       SysInit
 0002:0000173C       SysLocale
 0001:00001908       SysReallocMem
 0001:00000288       SysReAllocStringLen
 0001:00004CE4       System
 0001:0000B39C       SysUtils
 0001:0000E04C       TCustomVariantType.BinaryOp
 0001:0000E058       TCustomVariantType.Cast
 0001:0000E090       TCustomVariantType.CastTo
 0001:0000E11C       TCustomVariantType.CastToOle
 0001:0000E0D8       TCustomVariantType.Compare
 0001:0000E0E4       TCustomVariantType.CompareOp
 0001:0000E158       TCustomVariantType.Destroy
 0001:0000E238       TCustomVariantType.DispInvoke
 0001:0000E1E4       TCustomVariantType.IsClear
 0001:0000E1E8       TCustomVariantType.LeftPromotion
 0001:0000E1FC       TCustomVariantType.OlePromotion
 0001:0000E25C       TCustomVariantType.QueryInterface
 0001:0000E204       TCustomVariantType.RaiseCastError
 0001:0000E214       TCustomVariantType.RaiseDispError
 0001:0000E20C       TCustomVariantType.RaiseInvalidOp
 0001:0000E21C       TCustomVariantType.RightPromotion
 0001:0000E230       TCustomVariantType.UnaryOp
 0001:0000E244       TCustomVariantType._AddRef
 0001:0000E250       TCustomVariantType._Release
 0002:00000314       TerminateProcList
 0002:00001046       Test8086
 0001:00001CB8       TextClose
 0001:00001C2C       TextIn
 0001:00001CD8       TextOpen
 0001:00001C6C       TextOut
 0001:00007400       TextToFloat
 0001:00010DD0       TFileStream.Create
 0001:00010D8C       TFileStream.Create
 0001:00010F24       TFileStream.Destroy
 0001:00010CC8       THandleStream.Create
 0001:00010D04       THandleStream.Read
 0001:00010D24       THandleStream.Seek
 0001:00010D50       THandleStream.SetSize
 0001:00010D64       THandleStream.SetSize
 0001:00010D14       THandleStream.Write
 0002:00001682       ThousandSeparator
 0002:00001864       ThreadLock
 0002:00001694       TimeAMString
 0002:00001698       TimePMString
 0002:00001690       TimeSeparator
 0001:00004780       TInterfacedObject.AfterConstruction
 0001:0000478C       TInterfacedObject.BeforeDestruction
 0001:0000479C       TInterfacedObject.NewInstance
 0001:000047AC       TInterfacedObject.QueryInterface
 0001:000047D4       TInterfacedObject._AddRef
 0001:000047E8       TInterfacedObject._Release
 0001:0000F1EC       TList.Add
 0001:0000F220       TList.Clear
 0001:0000F238       TList.Delete
 0001:0000F1CC       TList.Destroy
 0001:0000F2D4       TList.Error
 0001:0000F29C       TList.Error
 0001:0000F328       TList.Get
 0001:0000F350       TList.Grow
 0001:0000F430       TList.Notify
 0001:0000F384       TList.SetCapacity
 0001:0000F3C0       TList.SetCount
 0001:00004DC8       TlsAlloc
 0002:0000166C       tlsBuffer
 0001:00004DD0       TlsFree
 0001:00004DD8       TlsGetValue
 0002:0000009C       TlsIndex
 0002:FFBED00C       TlsLast
 0002:000000B8       TlsProc
 0001:00004DE0       TlsSetValue
 0001:0000AE64       TMultiReadExclusiveWriteSynchronizer.BeginRead
 0001:0000AD68       TMultiReadExclusiveWriteSynchronizer.BeginWrite
 0001:0000AD24       TMultiReadExclusiveWriteSynchronizer.BlockReaders
 0001:0000AC68       TMultiReadExclusiveWriteSynchronizer.Create
 0001:0000ACDC       TMultiReadExclusiveWriteSynchronizer.Destroy
 0001:0000AED4       TMultiReadExclusiveWriteSynchronizer.EndRead
 0001:0000AE14       TMultiReadExclusiveWriteSynchronizer.EndWrite
 0001:0000AD3C       TMultiReadExclusiveWriteSynchronizer.UnblockOneWriter
 0001:0000AD30       TMultiReadExclusiveWriteSynchronizer.UnblockReaders
 0001:0000AD48       TMultiReadExclusiveWriteSynchronizer.WaitForReadSignal
 0001:0000AD58       TMultiReadExclusiveWriteSynchronizer.WaitForWriteSignal
 0001:00002858       TObject.AfterConstruction
 0001:0000285C       TObject.BeforeDestruction
 0001:000025AC       TObject.ClassName
 0001:000025C0       TObject.ClassParent
 0001:000025A0       TObject.ClassType
 0001:00002698       TObject.CleanupInstance
 0001:00002604       TObject.Create
 0001:00002854       TObject.DefaultHandler
 0001:00002624       TObject.Destroy
 0001:00002860       TObject.Dispatch
 0001:00002634       TObject.Free
 0001:000025E8       TObject.FreeInstance
 0001:000026E8       TObject.GetInterface
 0001:00002788       TObject.GetInterfaceEntry
 0001:00002838       TObject.InheritsFrom
 0001:00002640       TObject.InitInstance
 0001:000025FC       TObject.InstanceSize
 0001:000025CC       TObject.NewInstance
 0001:0000284C       TObject.SafeCallException
 0001:00004138       ToLongPath
 0001:0000F550       TPersistent.Assign
 0001:0000F564       TPersistent.AssignError
 0001:0000F634       TPersistent.AssignTo
 0001:0000F63C       TPersistent.DefineProperties
 0001:0000F524       TPersistent.Destroy
 0001:0000F640       TPersistent.GetNamePath
 0001:0000F6F0       TPersistent.GetOwner
 0001:0000921C       TranslateDateFormat
 0001:0000C45C       TranslateResult
 0001:000110AC       TReader.CheckValue
 0001:000110D0       TReader.EndOfList
 0001:000110E4       TReader.NextValue
 0001:000110F4       TReader.Read
 0001:00011140       TReader.ReadBuffer
 0001:0001117C       TReader.ReadListBegin
 0001:00011184       TReader.ReadListEnd
 0001:0001118C       TReader.ReadStr
 0001:000111C8       TReader.ReadString
 0001:00011368       TReader.ReadValue
 0001:00011284       TReader.ReadWideString
 0001:0001165C       TReader.SkipBytes
 0001:00011614       TReader.SkipProperty
 0001:0001137C       TReader.SkipSetBody
 0001:00011478       TReader.SkipValue
 0001:0000EEC8       TRegGroup.Create
 0001:0000EF44       TRegGroup.Destroy
 0001:0000EFA4       TRegGroup.UnregisterModuleClasses
 0001:0000F048       TRegGroups.Create
 0001:0000F0BC       TRegGroups.Destroy
 0001:0000F118       TRegGroups.Lock
 0001:0000F124       TRegGroups.Unlock
 0001:0000F130       TRegGroups.UnregisterModuleClasses
 0001:00006214       Trim
 0002:00001784       TrueBoolStrs
 0001:00007750       TryEncodeDate
 0001:00007648       TryEncodeTime
 0001:00001238       TryHarder
 0001:00002030       TryOpenForOutput
 0001:000064F0       TryStrToBool
 0001:000075E8       TryStrToCurr
 0001:00008E0C       TryStrToDateTime
 0001:000075BC       TryStrToFloat
 0001:00007590       TryStrToFloat
 0001:00007574       TryStrToFloat
 0001:00006404       TryStrToInt
 0001:00008DD8       TryStrToTime
 0001:00010A8C       TStream.GetPosition
 0001:00010AAC       TStream.GetSize
 0001:00010C20       TStream.Seek
 0001:00010B9C       TStream.Seek
 0001:00010AFC       TStream.SetSize
 0001:00010AF8       TStream.SetSize
 0001:00010C90       TStream.WriteBuffer
 0001:000104B4       TStringList.Add
 0001:000104C0       TStringList.AddObject
 0001:00010524       TStringList.Changed
 0001:00010540       TStringList.Changing
 0001:0001055C       TStringList.Clear
 0001:00010A70       TStringList.CompareStrings
 0001:00010A38       TStringList.CustomSort
 0001:0001059C       TStringList.Delete
 0001:00010458       TStringList.Destroy
 0001:00010608       TStringList.Exchange
 0001:00010664       TStringList.ExchangeItems
 0001:00010688       TStringList.Find
 0001:00010700       TStringList.Get
 0001:00010734       TStringList.GetCapacity
 0001:00010738       TStringList.GetCount
 0001:0001073C       TStringList.GetObject
 0001:00010764       TStringList.Grow
 0001:00010798       TStringList.IndexOf
 0001:000107D4       TStringList.Insert
 0001:00010838       TStringList.InsertItem
 0001:000107E4       TStringList.InsertObject
 0001:000108B0       TStringList.Put
 0001:0001090C       TStringList.PutObject
 0001:0001094C       TStringList.QuickSort
 0001:000109E0       TStringList.SetCapacity
 0001:000109FC       TStringList.SetUpdateState
 0001:00010A28       TStringList.Sort
 0001:0000F724       TStrings.Add
 0001:0000F748       TStrings.AddObject
 0001:0000F76C       TStrings.AddStrings
 0001:0000F824       TStrings.Assign
 0001:0000F8BC       TStrings.BeginUpdate
 0001:00010418       TStrings.CompareStrings
 0001:0000F92C       TStrings.DefineProperties
 0001:0000F6F4       TStrings.Destroy
 0001:0000F978       TStrings.EndUpdate
 0001:0000F98C       TStrings.Equals
 0001:0000FA38       TStrings.Error
 0001:0000FA70       TStrings.Error
 0001:0000FAC8       TStrings.Exchange
 0001:0000FBB0       TStrings.GetCapacity
 0001:00010424       TStrings.GetNameValueSeparator
 0001:0000FBB8       TStrings.GetObject
 0001:0000FBBC       TStrings.GetText
 0001:0000FC10       TStrings.GetTextStr
 0001:0000FD38       TStrings.IndexOf
 0001:0000FDC4       TStrings.IndexOfName
 0001:0000FE98       TStrings.IndexOfObject
 0001:0000FECC       TStrings.InsertObject
 0001:0000FEFC       TStrings.LoadFromFile
 0001:0000FF50       TStrings.LoadFromStream
 0001:0000FFFC       TStrings.Move
 0001:000100AC       TStrings.Put
 0001:000100E0       TStrings.PutObject
 0001:000100E4       TStrings.ReadData
 0001:00010194       TStrings.SaveToFile
 0001:000101EC       TStrings.SaveToStream
 0001:00010248       TStrings.SetCapacity
 0001:0001043C       TStrings.SetNameValueSeparator
 0001:0001024C       TStrings.SetStringsAdapter
 0001:00010280       TStrings.SetText
 0001:000102D0       TStrings.SetTextStr
 0001:00010390       TStrings.SetUpdateState
 0001:00010394       TStrings.WriteData
 0001:0000F434       TThreadList.Create
 0001:0000F488       TThreadList.Destroy
 0001:0000F504       TThreadList.LockList
 0001:0000F518       TThreadList.UnlockList
 0001:0000AC04       TThreadLocalCounter.Delete
 0001:0000AAEC       TThreadLocalCounter.Destroy
 0001:0000AB58       TThreadLocalCounter.HashIndex
 0001:0000AB70       TThreadLocalCounter.Open
 0001:0000AC14       TThreadLocalCounter.Recycle
 0002:000000E4       TwoDigitYearCenturyWindow
 0001:000116A4       TWriter.Write
 0001:000116F0       TWriter.WriteBuffer
 0001:00011708       TWriter.WriteListBegin
 0001:00011710       TWriter.WriteListEnd
 0001:00011718       TWriter.WriteMinStr
 0001:000117B0       TWriter.WriteString
 0001:00011804       TWriter.WriteValue
 0001:00004FB4       Types
 0001:0000E574       TypInfo
 0001:000001B0       UnhandledExceptionFilter
 0001:00004810       UnicodeToUtf8
 0001:00000BFC       UninitAllocator
 0001:0000B4A4       UniUnimplemented
 0001:000046B8       UnregisterModule
 0001:0000F180       UnRegisterModuleClasses
 0001:00002D78       UnsetExceptionHandler
 0001:00006040       UpperCase
 0001:00004AD0       UTF8Decode
 0001:00004A24       UTF8Encode
 0001:000048EC       Utf8ToUnicode
 0002:000017AC       VarAdd
 0002:00000010       VarAddRefProc
 0002:000017C4       VarAnd
 0001:0000C7D0       VarArrayClear
 0001:0000CA70       VarArrayCopyForEach
 0001:0000C408       VarArrayCreateError
 0002:000017E8       VarBoolFromStr
 0002:000017F4       VarBstrFromBool
 0002:000017EC       VarBstrFromCy
 0002:000017F0       VarBstrFromDate
 0001:0000C228       VarCastError
 0001:0000C27C       VarCastError
 0001:0000C94C       VarClearDeep
 0002:0000000C       VarClearProc
 0002:000017D0       VarCmp
 0001:0000CC50       VarCopyCopyProc
 0001:0000CC58       VarCopyDeep
 0002:00000014       VarCopyProc
 0002:000017E4       VarCyFromStr
 0002:000017E0       VarDateFromStr
 0002:0000180C       VarDispProc
 0002:000017B8       VarDiv
 0002:000017D4       VarI4FromStr
 0001:0000B46C       VariantChangeType
 0002:000017A0       VariantChangeTypeEx
 0001:0000B45C       VariantClear
 0001:0000B464       VariantCopy
 0001:0000B454       VariantInit
 0001:0000E3B4       Variants
 0002:000017BC       VarIDiv
 0001:0000C318       VarInvalidOp
 0002:000017C0       VarMod
 0002:000017B4       VarMul
 0002:000017A4       VarNeg
 0002:000017A8       VarNot
 0002:000017C8       VarOr
 0001:0000C36C       VarOverflowError
 0002:000017D8       VarR4FromStr
 0002:000017DC       VarR8FromStr
 0001:0000C6BC       VarResultCheck
 0001:0000C6B0       VarResultCheck
 0002:000017B0       VarSub
 0001:0000CF48       VarToLStrAny
 0001:0000CFAC       VarToLStrCustom
 0002:00000018       VarToLStrProc
 0001:0000CE7C       VarToLStrViaOS
 0001:0000D624       VarToWStrAny
 0001:0000D688       VarToWStrCustom
 0002:0000001C       VarToWStrProc
 0001:0000D56C       VarToWStrViaOS
 0001:0000DE28       VarTypeAsText
 0001:0000BC40       VarUtils
 0002:000017CC       VarXor
 0001:00006424       VerifyBoolStrArray
 0001:000002EC       VirtualAlloc
 0001:000002F4       VirtualFree
 0001:000050BC       VirtualQuery
 0001:00000278       VirtualQuery
 0001:000050C4       WaitForSingleObject
 0001:000032E4       WCharFromChar
 0002:00000310       WesternGroups
 0001:00000270       WideCharToMultiByte
 0002:000000DC       Win32BuildNumber
 0001:0000AA2C       Win32Check
 0002:000000E0       Win32CSDVersion
 0002:000000D4       Win32MajorVersion
 0002:000000D8       Win32MinorVersion
 0002:000000D0       Win32Platform
 0001:00005134       Windows
 0001:00003020       WriteErrorMessage
 0001:000001B8       WriteFile
 0001:000050CC       WriteFile
 0001:000037B0       WStrError
 0001:000037D0       WStrSet


  Address         Publics by Value

 0002:FFBED00C       TlsLast
 0001:00000160       CloseHandle
 0001:00000168       CreateFileA
 0001:00000170       GetFileType
 0001:00000178       GetFileSize
 0001:00000180       GetStdHandle
 0001:00000188       RaiseException
 0001:00000190       ReadFile
 0001:00000198       RtlUnwind
 0001:000001A0       SetEndOfFile
 0001:000001A8       SetFilePointer
 0001:000001B0       UnhandledExceptionFilter
 0001:000001B8       WriteFile
 0001:000001C0       CharNext
 0001:000001C8       ExitProcess
 0001:000001D0       MessageBox
 0001:000001D8       FindClose
 0001:000001E0       FindFirstFile
 0001:000001E8       FreeLibrary
 0001:000001F0       GetCommandLine
 0001:000001F8       GetLastError
 0001:00000200       GetLocaleInfo
 0001:00000208       GetModuleFileName
 0001:00000210       GetModuleHandle
 0001:00000218       GetProcAddress
 0001:00000220       GetStartupInfo
 0001:00000228       GetThreadLocale
 0001:00000230       LoadLibraryEx
 0001:00000238       LoadString
 0001:00000240       lstrcpyn
 0001:00000248       @strlen
 0001:00000250       MultiByteToWideChar
 0001:00000258       RegCloseKey
 0001:00000260       RegOpenKeyEx
 0001:00000268       RegQueryValueEx
 0001:00000270       WideCharToMultiByte
 0001:00000278       VirtualQuery
 0001:00000280       SysAllocStringLen
 0001:00000288       SysReAllocStringLen
 0001:00000290       SysFreeString
 0001:00000298       InterlockedIncrement
 0001:000002A0       InterlockedDecrement
 0001:000002A8       GetCurrentThreadId
 0001:000002B0       GetVersion
 0001:000002B8       GetCmdShow
 0001:000002DC       LocalAlloc
 0001:000002E4       LocalFree
 0001:000002EC       VirtualAlloc
 0001:000002F4       VirtualFree
 0001:000002FC       InitializeCriticalSection
 0001:00000304       EnterCriticalSection
 0001:0000030C       LeaveCriticalSection
 0001:00000314       DeleteCriticalSection
 0001:0000031C       GetBlockDesc
 0001:000003A0       MakeEmpty
 0001:000003A8       AddBlockAfter
 0001:00000404       DeleteBlock
 0001:00000438       MergeBlockAfter
 0001:000004C0       RemoveBlock
 0001:00000584       GetSpace
 0001:000005E8       GetSpaceAt
 0001:00000660       FreeSpace
 0001:00000728       Commit
 0001:000007E8       Decommit
 0001:000008A4       GetCommitted
 0001:0000094C       GetCommittedAt
 0001:00000A90       FreeCommitted
 0001:00000B24       InitAllocator
 0001:00000BFC       UninitAllocator
 0001:00000CFC       DeleteFree
 0001:00000D90       FindCommitted
 0001:00000DD4       FillBeforeGap
 0001:00000E10       InternalFreeMem
 0001:00000E34       FillAfterGap
 0001:00000E5C       FillerSizeBeforeGap
 0001:00000ED4       FillerSizeAfterGap
 0001:00000F14       DecommitFree
 0001:00000FD0       InsertFree
 0001:000010C8       FreeCurAlloc
 0001:00001114       MergeCommit
 0001:000011A0       NewCommit
 0001:000011CC       NewCommitAt
 0001:00001200       SearchSmallBlocks
 0001:00001238       TryHarder
 0001:00001380       SysGetMem
 0001:0000152C       SysFreeMem
 0001:00001704       ResizeInPlace
 0001:00001908       SysReallocMem
 0001:000019D4       @GetMem
 0001:00001A04       @FreeMem
 0001:00001A24       @ReallocMem
 0001:00001A74       RunErrorAt
 0001:00001A80       ErrorAt
 0001:00001ACC       Error
 0001:00001AD8       @_IOTest
 0001:00001AF8       SetInOutRes
 0001:00001B08       @Copy
 0001:00001B4C       IOResult
 0001:00001B6C       Move
 0001:00001BAC       @AbstractError
 0001:00001BC8       OpenText
 0001:00001C20       @RewritText
 0001:00001C2C       TextIn
 0001:00001C68       FileNOPProc
 0001:00001C6C       TextOut
 0001:00001CA8       InternalClose
 0001:00001CB8       TextClose
 0001:00001CD8       TextOpen
 0001:00001E84       InternalFlush
 0001:00001ECC       Flush
 0001:00001ED8       @Flush
 0001:00001EE4       @Close
 0001:00001F3C       @FillChar
 0001:00001F5C       @ValLong
 0001:00002030       TryOpenForOutput
 0001:00002074       @WriteBytes
 0001:000020C8       @WriteSpaces
 0001:00002144       @WriteLn
 0001:00002198       @SetEq
 0001:000021AC       FPower10
 0001:000021B4       @Pow10
 0001:00002498       GetKeyboardType
 0001:000024A0       @isNECWindows
 0001:000024D0       @FpuMaskInit
 0001:00002594       @FpuInit
 0001:000025A0       TObject.ClassType
 0001:000025AC       TObject.ClassName
 0001:000025C0       TObject.ClassParent
 0001:000025CC       TObject.NewInstance
 0001:000025E8       TObject.FreeInstance
 0001:000025FC       TObject.InstanceSize
 0001:00002604       TObject.Create
 0001:00002624       TObject.Destroy
 0001:00002634       TObject.Free
 0001:00002640       TObject.InitInstance
 0001:00002698       TObject.CleanupInstance
 0001:000026B8       InvokeImplGetter
 0001:000026E8       TObject.GetInterface
 0001:00002788       TObject.GetInterfaceEntry
 0001:000027CC       @IsClass
 0001:000027F0       GetDynaMethod
 0001:00002820       @CallDynaInst
 0001:00002838       TObject.InheritsFrom
 0001:0000284C       TObject.SafeCallException
 0001:00002854       TObject.DefaultHandler
 0001:00002858       TObject.AfterConstruction
 0001:0000285C       TObject.BeforeDestruction
 0001:00002860       TObject.Dispatch
 0001:00002888       @ClassCreate
 0001:000028D8       @ClassDestroy
 0001:000028E0       @AfterConstruction
 0001:000028F0       @BeforeDestruction
 0001:00002900       NotifyReRaise
 0001:0000291C       NotifyNonDelphiException
 0001:00002940       NotifyExcept
 0001:00002958       NotifyAnyExcept
 0001:0000296C       CheckJmp
 0001:0000298C       NotifyExceptFinally
 0001:000029B4       NotifyTerminate
 0001:000029D0       NotifyUnhandled
 0001:000029F0       @HandleAnyException
 0001:00002B1C       @HandleFinally
 0001:00002B54       @RaiseExcept
 0001:00002B7C       @RaiseAgain
 0001:00002BD0       @DoneExcept
 0001:00002C00       @TryFinallyExit
 0001:00002C18       MapToRunError
 0001:00002CB8       @ExceptionHandler
 0001:00002D58       SetExceptionHandler
 0001:00002D78       UnsetExceptionHandler
 0001:00002DA0       FinalizeUnits
 0001:00002E10       InitUnits
 0001:00002E80       @StartLib
 0001:00002F48       @InitResStringImports
 0001:00002F70       @InitImports
 0001:00002F94       MakeErrorMessage
 0001:00002FF0       ExitDll
 0001:00003020       WriteErrorMessage
 0001:000030AC       @Halt0
 0001:0000318C       @Halt
 0001:00003198       @RunError
 0001:000031A4       @LStrClr
 0001:000031C8       @LStrArrayClr
 0001:000031F8       @LStrAsg
 0001:0000323C       @LStrLAsg
 0001:00003268       @NewAnsiString
 0001:00003294       @LStrFromPCharLen
 0001:000032C4       CharFromWChar
 0001:000032E4       WCharFromChar
 0001:00003300       @LStrFromPWCharLen
 0001:0000338C       @LStrFromChar
 0001:0000339C       @LStrFromPChar
 0001:000033CC       @LStrFromPWChar
 0001:00003408       @LStrFromString
 0001:00003414       @LStrFromArray
 0001:0000342C       @LStrFromWStr
 0001:00003440       @LStrLen
 0001:00003448       @LStrCat
 0001:0000348C       @LStrCat3
 0001:00003500       @LStrCatN
 0001:0000358C       @LStrCmp
 0001:00003630       @LStrToPChar
 0001:0000363C       InternalUniqueString
 0001:00003680       @UniqueStringA
 0001:00003688       @LStrCopy
 0001:000036C8       @LStrPos
 0001:00003710       @LStrSetLength
 0001:00003774       @Write0LString
 0001:00003790       @WriteLString
 0001:000037B0       WStrError
 0001:000037B8       @NewWideString
 0001:000037D0       WStrSet
 0001:000037E0       @WStrClr
 0001:000037F8       @WStrArrayClr
 0001:0000381C       @WStrAsg
 0001:00003840       @WStrFromPCharLen
 0001:000038CC       @WStrFromPWCharLen
 0001:000038F0       @WStrFromPWChar
 0001:0000392C       @WStrFromLStr
 0001:0000393C       @WStrToPWChar
 0001:0000394C       @WStrLen
 0001:00003958       @WStrCmp
 0001:000039DC       @WStrCopy
 0001:00003A28       @WStrSetLength
 0001:00003A70       @FinalizeRecord
 0001:00003AA4       @VarClr
 0001:00003ABC       @FinalizeArray
 0001:00003BA8       @Finalize
 0001:00003BB4       @VarCopy
 0001:00003BCC       @CopyRecord
 0001:00003CE8       @CopyArray
 0001:00003DDC       @DispCallByIDError
 0001:00003DE4       @_llmul
 0001:00003E08       @DynArrayLength
 0001:00003E10       @DynArrayHigh
 0001:00003E18       CopyArray
 0001:00003E28       FinalizeArray
 0001:00003E30       DynArrayClear
 0001:00003E38       DynArraySetLength
 0001:00003FE4       @DynArraySetLength
 0001:00003FF0       @DynArrayClear
 0001:0000402C       @DynArrayAsg
 0001:00004054       FindHInstance
 0001:0000407C       DelayLoadResourceModule
 0001:000040C4       FindResourceHInstance
 0001:0000410C       FindBS
 0001:00004138       ToLongPath
 0001:00004310       LoadResourceModule
 0001:00004594       AddModuleUnloadProc
 0001:0000459C       RemoveModuleUnloadProc
 0001:000045A4       AddModuleUnloadProc
 0001:000045C4       RemoveModuleUnloadProc
 0001:0000464C       NotifyModuleUnload
 0001:000046A8       RegisterModule
 0001:000046B8       UnregisterModule
 0001:0000473C       @IntfClear
 0001:00004754       @IntfCopy
 0001:00004780       TInterfacedObject.AfterConstruction
 0001:0000478C       TInterfacedObject.BeforeDestruction
 0001:0000479C       TInterfacedObject.NewInstance
 0001:000047AC       TInterfacedObject.QueryInterface
 0001:000047D4       TInterfacedObject._AddRef
 0001:000047E8       TInterfacedObject._Release
 0001:00004810       UnicodeToUtf8
 0001:000048EC       Utf8ToUnicode
 0001:00004A24       UTF8Encode
 0001:00004AD0       UTF8Decode
 0001:00004B74       AnsiToUtf8
 0001:00004BC4       LoadResString
 0001:00004C1C       LCIDToCodePage
 0001:00004C90       Finalization
 0001:00004CE4       System
 0001:00004DB8       LocalAlloc
 0001:00004DC0       LocalFree
 0001:00004DC8       TlsAlloc
 0001:00004DD0       TlsFree
 0001:00004DD8       TlsGetValue
 0001:00004DE0       TlsSetValue
 0001:00004DE8       AllocTlsBuffer
 0001:00004DF4       GetTlsSize
 0001:00004DFC       InitThreadTLS
 0001:00004E40       InitProcessTLS
 0001:00004E6C       ExitThreadTLS
 0001:00004E94       ExitProcessTLS
 0001:00004EB8       @GetTls
 0001:00004EF8       InitializeModule
 0001:00004F04       @InitLib
 0001:00004F4C       Finalization
 0001:00004F7C       SysInit
 0001:00004F84       Finalization
 0001:00004FB4       Types
 0001:00004FBC       AllocConsole
 0001:00004FC4       CloseHandle
 0001:00004FCC       CompareString
 0001:00004FD4       CreateEvent
 0001:00004FDC       CreateFile
 0001:00004FE4       DeleteCriticalSection
 0001:00004FEC       EnterCriticalSection
 0001:00004FF4       EnumCalendarInfoA
 0001:00004FFC       FormatMessage
 0001:00005004       GetACP
 0001:0000500C       GetCPInfo
 0001:00005014       GetCurrentThreadId
 0001:0000501C       GetDateFormat
 0001:00005024       GetDiskFreeSpaceA
 0001:0000502C       GetFullPathName
 0001:00005034       GetLastError
 0001:0000503C       GetLocalTime
 0001:00005044       GetLocaleInfo
 0001:0000504C       GetModuleFileName
 0001:00005054       GetModuleHandle
 0001:0000505C       GetProcAddress
 0001:00005064       GetStdHandle
 0001:0000506C       GetStringTypeEx
 0001:00005074       GetThreadLocale
 0001:0000507C       GetVersionEx
 0001:00005084       InitializeCriticalSection
 0001:0000508C       LeaveCriticalSection
 0001:00005094       ReadFile
 0001:0000509C       ResetEvent
 0001:000050A4       SetEndOfFile
 0001:000050AC       SetEvent
 0001:000050B4       SetFilePointer
 0001:000050BC       VirtualQuery
 0001:000050C4       WaitForSingleObject
 0001:000050CC       WriteFile
 0001:000050D4       CharNext
 0001:000050DC       CharToOemA
 0001:000050E4       CharUpperBuff
 0001:000050EC       GetSystemMetrics
 0001:000050F4       LoadString
 0001:000050FC       MessageBox
 0001:00005104       Finalization
 0001:00005134       Windows
 0001:0000540C       Finalization
 0001:0000543C       SysConst
 0001:00005FE0       DivMod
 0001:00005FFC       ConvertErrorFmt
 0001:00006020       AllocMem
 0001:00006040       UpperCase
 0001:00006090       LowerCase
 0001:000060E0       CompareText
 0001:00006134       SameText
 0001:00006158       AnsiUpperCase
 0001:0000618C       AnsiCompareStr
 0001:000061C4       AnsiCompareText
 0001:000061FC       AnsiSameText
 0001:00006214       Trim
 0001:00006264       CvtInt
 0001:000062B0       IntToStr
 0001:000062D0       CvtInt64
 0001:0000639C       IntToStr
 0001:000063C4       IntToHex
 0001:000063EC       StrToIntDef
 0001:00006404       TryStrToInt
 0001:00006424       VerifyBoolStrArray
 0001:000064B4       CompareWith
 0001:000064F0       TryStrToBool
 0001:0000658C       BoolToStr
 0001:000065D8       FileOpen
 0001:00006630       FileCreate
 0001:00006654       FileCreate
 0001:0000665C       FileRead
 0001:00006688       FileWrite
 0001:000066B4       FileSeek
 0001:000066EC       FileClose
 0001:000066F4       LastDelimiter
 0001:00006744       ExtractFileName
 0001:0000677C       ExpandFileName
 0001:000067B8       BackfillGetDiskFreeSpaceEx
 0001:00006838       StrLen
 0001:00006850       StrMove
 0001:00006860       StrLCopy
 0001:00006894       StrLIComp
 0001:000068D8       StrScan
 0001:000068F8       StrPos
 0001:0000694C       StrAlloc
 0001:00006960       StrNew
 0001:00006994       FormatError
 0001:000069EC       FormatVarToStr
 0001:00006A10       FormatClearStr
 0001:00006A1C       FormatBuf
 0001:00006D94       StrLFmt
 0001:00006DE0       Format
 0001:00006DF4       FmtStr
 0001:00006EBC       PutExponent
 0001:00006F00       FloatToText
 0001:000071D4       FloatToDecimal
 0001:00007400       TextToFloat
 0001:00007514       FloatToStr
 0001:00007544       CurrToStr
 0001:00007574       TryStrToFloat
 0001:00007590       TryStrToFloat
 0001:000075BC       TryStrToFloat
 0001:000075E8       TryStrToCurr
 0001:00007604       DateTimeToTimeStamp
 0001:00007648       TryEncodeTime
 0001:000076B8       DecodeTime
 0001:00007714       IsLeapYear
 0001:00007750       TryEncodeDate
 0001:00007820       DecodeDateFully
 0001:00007970       DecodeDate
 0001:00007990       DayOfWeek
 0001:000079B8       CurrentYear
 0001:000079CC       AppendChars
 0001:00007A10       AppendString
 0001:00007A30       AppendNumber
 0001:00007A7C       GetCount
 0001:00007AAC       GetDate
 0001:00007AE4       GetTime
 0001:00007B24       ConvertEraString
 0001:00007C90       ConvertYearString
 0001:00007D98       AppendFormat
 0001:00008570       DateTimeToString
 0001:000085CC       DateTimeToStr
 0001:000085E0       ScanBlanks
 0001:00008604       ScanNumber
 0001:00008698       ScanString
 0001:00008724       ScanChar
 0001:0000875C       GetDateOrder
 0001:000087A8       ScanToNumber
 0001:000087F0       GetEraYearOffset
 0001:00008844       EraToYear
 0001:000088A0       ScanDate
 0001:00008BE4       ScanTime
 0001:00008DD8       TryStrToTime
 0001:00008E0C       TryStrToDateTime
 0001:00008E98       SysErrorMessage
 0001:00008EE4       GetLocaleStr
 0001:00008F30       GetLocaleChar
 0001:00008F58       LocalGetLocaleStr
 0001:00008F94       GetMonthDayNames
 0001:000090B8       EnumEraNames
 0001:000090F4       EnumEraYearOffsets
 0001:0000916C       GetEraNamesAndYearOffsets
 0001:0000921C       TranslateDateFormat
 0001:00009444       ConvertAddr
 0001:00009450       ExceptionErrorMessage
 0001:000095E8       ShowException
 0001:000096B0       Exception.Create
 0001:000096EC       Exception.CreateFmt
 0001:0000976C       Exception.CreateRes
 0001:000097A8       Exception.CreateResFmt
 0001:0000983C       EHeapException.FreeInstance
 0001:00009868       CreateInOutError
 0001:000098E8       ErrorHandler
 0001:0000993C       CreateAssertException
 0001:000099E8       RaiseAssertException
 0001:000099F8       AssertErrorHandler
 0001:00009A14       AbstractErrorHandler
 0001:00009A2C       MapException
 0001:00009AAC       GetExceptionClass
 0001:00009AC4       CreateAVObject
 0001:00009C98       GetExceptionObject
 0001:00009D64       ExceptHandler
 0001:00009D74       InitExceptions
 0001:00009DF8       DoneExceptions
 0001:00009E78       InitPlatformId
 0001:00009EE8       ByteTypeTest
 0001:00009F60       ByteType
 0001:00009F84       StrByteType
 0001:00009F9C       ByteToCharLen
 0001:00009FC4       ByteToCharIndex
 0001:0000A020       CountChars
 0001:0000A0B0       CharToByteIndex
 0001:0000A114       CharToByteLen
 0001:0000A174       StrCharLength
 0001:0000A194       StrNextChar
 0001:0000A1A8       CharLength
 0001:0000A1E4       NextCharIndex
 0001:0000A220       AnsiPos
 0001:0000A25C       AnsiStrPos
 0001:0000A31C       AnsiStrRScan
 0001:0000A364       AnsiStrScan
 0001:0000A3AC       LCIDToCodePage
 0001:0000A420       InitLeadBytes
 0001:0000A480       IsWesternGroup
 0001:0000A498       InitSysLocale
 0001:0000A610       GetFormatSettings
 0001:0000A988       Sleep
 0001:0000A990       RaiseLastOSError
 0001:0000AA2C       Win32Check
 0001:0000AA3C       FreeTerminateProcs
 0001:0000AA68       InitDriveSpacePtr
 0001:0000AAC4       InterlockedIncrement
 0001:0000AAD0       InterlockedDecrement
 0001:0000AADC       InterlockedExchange
 0001:0000AAE4       InterlockedExchangeAdd
 0001:0000AAEC       TThreadLocalCounter.Destroy
 0001:0000AB58       TThreadLocalCounter.HashIndex
 0001:0000AB70       TThreadLocalCounter.Open
 0001:0000AC04       TThreadLocalCounter.Delete
 0001:0000AC14       TThreadLocalCounter.Recycle
 0001:0000AC68       TMultiReadExclusiveWriteSynchronizer.Create
 0001:0000ACDC       TMultiReadExclusiveWriteSynchronizer.Destroy
 0001:0000AD24       TMultiReadExclusiveWriteSynchronizer.BlockReaders
 0001:0000AD30       TMultiReadExclusiveWriteSynchronizer.UnblockReaders
 0001:0000AD3C       TMultiReadExclusiveWriteSynchronizer.UnblockOneWriter
 0001:0000AD48       TMultiReadExclusiveWriteSynchronizer.WaitForReadSignal
 0001:0000AD58       TMultiReadExclusiveWriteSynchronizer.WaitForWriteSignal
 0001:0000AD68       TMultiReadExclusiveWriteSynchronizer.BeginWrite
 0001:0000AE14       TMultiReadExclusiveWriteSynchronizer.EndWrite
 0001:0000AE64       TMultiReadExclusiveWriteSynchronizer.BeginRead
 0001:0000AED4       TMultiReadExclusiveWriteSynchronizer.EndRead
 0001:0000AF3C       FreeAndNil
 0001:0000B21C       Finalization
 0001:0000B39C       SysUtils
 0001:0000B41C       Finalization
 0001:0000B44C       Messages
 0001:0000B454       VariantInit
 0001:0000B45C       VariantClear
 0001:0000B464       VariantCopy
 0001:0000B46C       VariantChangeType
 0001:0000B474       BackupVariantChangeTypeEx
 0001:0000B4A4       UniUnimplemented
 0001:0000B4B0       BiUnimplemented
 0001:0000B4BC       CmpUnimplemented
 0001:0000B4C8       BackupVarI4FromStr
 0001:0000B534       BackupVarR4FromStr
 0001:0000B5A0       BackupVarR8FromStr
 0001:0000B60C       BackupVarDateFromStr
 0001:0000B678       BackupVarCyFromStr
 0001:0000B6E4       BackupVarBoolFromStr
 0001:0000B764       BackupVarBStrFromCy
 0001:0000B7D4       BackupVarBStrFromDate
 0001:0000B844       BackupVarBStrFromBool
 0001:0000B8B8       SafeArrayCreate
 0001:0000B8C0       SafeArrayGetLBound
 0001:0000B8C8       SafeArrayGetUBound
 0001:0000B8D0       SafeArrayPtrOfIndex
 0001:0000B8D8       FindProc
 0001:0000B904       InitializeVarUtils
 0001:0000BC10       Finalization
 0001:0000BC40       VarUtils
 0001:0000C228       VarCastError
 0001:0000C27C       VarCastError
 0001:0000C318       VarInvalidOp
 0001:0000C36C       VarOverflowError
 0001:0000C408       VarArrayCreateError
 0001:0000C45C       TranslateResult
 0001:0000C6B0       VarResultCheck
 0001:0000C6BC       VarResultCheck
 0001:0000C6F0       @DispInvokeError
 0001:0000C744       InBounds
 0001:0000C774       Increment
 0001:0000C7D0       VarArrayClear
 0001:0000C94C       VarClearDeep
 0001:0000C9C8       @VarClear
 0001:0000C9DC       @VarClr
 0001:0000C9E4       InBounds
 0001:0000CA14       Increment
 0001:0000CA70       VarArrayCopyForEach
 0001:0000CC50       VarCopyCopyProc
 0001:0000CC58       VarCopyDeep
 0001:0000CD04       @VarCopy
 0001:0000CD48       CurrToWStrViaOS
 0001:0000CD80       DateToWStrViaOS
 0001:0000CDB8       BoolToWStrViaOS
 0001:0000CE7C       VarToLStrViaOS
 0001:0000CF48       VarToLStrAny
 0001:0000CFAC       VarToLStrCustom
 0001:0000D030       @VarToLStr
 0001:0000D56C       VarToWStrViaOS
 0001:0000D624       VarToWStrAny
 0001:0000D688       VarToWStrCustom
 0001:0000D750       @VarToWStr
 0001:0000DCA4       @VarAddRef
 0001:0000DE28       VarTypeAsText
 0001:0000DF98       SetVarAsError
 0001:0000DFB0       SetClearVarToEmptyParam
 0001:0000DFE0       ClearVariantTypeList
 0001:0000E04C       TCustomVariantType.BinaryOp
 0001:0000E058       TCustomVariantType.Cast
 0001:0000E090       TCustomVariantType.CastTo
 0001:0000E0D8       TCustomVariantType.Compare
 0001:0000E0E4       TCustomVariantType.CompareOp
 0001:0000E11C       TCustomVariantType.CastToOle
 0001:0000E158       TCustomVariantType.Destroy
 0001:0000E1E4       TCustomVariantType.IsClear
 0001:0000E1E8       TCustomVariantType.LeftPromotion
 0001:0000E1FC       TCustomVariantType.OlePromotion
 0001:0000E204       TCustomVariantType.RaiseCastError
 0001:0000E20C       TCustomVariantType.RaiseInvalidOp
 0001:0000E214       TCustomVariantType.RaiseDispError
 0001:0000E21C       TCustomVariantType.RightPromotion
 0001:0000E230       TCustomVariantType.UnaryOp
 0001:0000E238       TCustomVariantType.DispInvoke
 0001:0000E244       TCustomVariantType._AddRef
 0001:0000E250       TCustomVariantType._Release
 0001:0000E25C       TCustomVariantType.QueryInterface
 0001:0000E284       FindCustomVariantType
 0001:0000E33C       Finalization
 0001:0000E3B4       Variants
 0001:0000E4C0       Finalization
 0001:0000E4F0       RTLConsts
 0001:0000E524       Finalization
 0001:0000E574       TypInfo
 0001:0000E57C       Finalization
 0001:0000E5AC       ActiveX
 0001:0000EEC8       TRegGroup.Create
 0001:0000EF44       TRegGroup.Destroy
 0001:0000EF84       PointerInModule
 0001:0000EFA4       TRegGroup.UnregisterModuleClasses
 0001:0000F048       TRegGroups.Create
 0001:0000F0BC       TRegGroups.Destroy
 0001:0000F118       TRegGroups.Lock
 0001:0000F124       TRegGroups.Unlock
 0001:0000F130       TRegGroups.UnregisterModuleClasses
 0001:0000F180       UnRegisterModuleClasses
 0001:0000F1CC       TList.Destroy
 0001:0000F1EC       TList.Add
 0001:0000F220       TList.Clear
 0001:0000F238       TList.Delete
 0001:0000F298       ReturnAddr
 0001:0000F29C       TList.Error
 0001:0000F2D4       TList.Error
 0001:0000F328       TList.Get
 0001:0000F350       TList.Grow
 0001:0000F384       TList.SetCapacity
 0001:0000F3C0       TList.SetCount
 0001:0000F430       TList.Notify
 0001:0000F434       TThreadList.Create
 0001:0000F488       TThreadList.Destroy
 0001:0000F504       TThreadList.LockList
 0001:0000F518       TThreadList.UnlockList
 0001:0000F524       TPersistent.Destroy
 0001:0000F550       TPersistent.Assign
 0001:0000F564       TPersistent.AssignError
 0001:0000F634       TPersistent.AssignTo
 0001:0000F63C       TPersistent.DefineProperties
 0001:0000F640       TPersistent.GetNamePath
 0001:0000F6F0       TPersistent.GetOwner
 0001:0000F6F4       TStrings.Destroy
 0001:0000F724       TStrings.Add
 0001:0000F748       TStrings.AddObject
 0001:0000F76C       TStrings.AddStrings
 0001:0000F824       TStrings.Assign
 0001:0000F8BC       TStrings.BeginUpdate
 0001:0000F8D4       DoWrite
 0001:0000F92C       TStrings.DefineProperties
 0001:0000F978       TStrings.EndUpdate
 0001:0000F98C       TStrings.Equals
 0001:0000FA34       ReturnAddr
 0001:0000FA38       TStrings.Error
 0001:0000FA70       TStrings.Error
 0001:0000FAC8       TStrings.Exchange
 0001:0000FBB0       TStrings.GetCapacity
 0001:0000FBB8       TStrings.GetObject
 0001:0000FBBC       TStrings.GetText
 0001:0000FC10       TStrings.GetTextStr
 0001:0000FD38       TStrings.IndexOf
 0001:0000FDC4       TStrings.IndexOfName
 0001:0000FE98       TStrings.IndexOfObject
 0001:0000FECC       TStrings.InsertObject
 0001:0000FEFC       TStrings.LoadFromFile
 0001:0000FF50       TStrings.LoadFromStream
 0001:0000FFFC       TStrings.Move
 0001:000100AC       TStrings.Put
 0001:000100E0       TStrings.PutObject
 0001:000100E4       TStrings.ReadData
 0001:00010194       TStrings.SaveToFile
 0001:000101EC       TStrings.SaveToStream
 0001:00010248       TStrings.SetCapacity
 0001:0001024C       TStrings.SetStringsAdapter
 0001:00010280       TStrings.SetText
 0001:000102D0       TStrings.SetTextStr
 0001:00010390       TStrings.SetUpdateState
 0001:00010394       TStrings.WriteData
 0001:00010418       TStrings.CompareStrings
 0001:00010424       TStrings.GetNameValueSeparator
 0001:0001043C       TStrings.SetNameValueSeparator
 0001:00010458       TStringList.Destroy
 0001:000104B4       TStringList.Add
 0001:000104C0       TStringList.AddObject
 0001:00010524       TStringList.Changed
 0001:00010540       TStringList.Changing
 0001:0001055C       TStringList.Clear
 0001:0001059C       TStringList.Delete
 0001:00010608       TStringList.Exchange
 0001:00010664       TStringList.ExchangeItems
 0001:00010688       TStringList.Find
 0001:00010700       TStringList.Get
 0001:00010734       TStringList.GetCapacity
 0001:00010738       TStringList.GetCount
 0001:0001073C       TStringList.GetObject
 0001:00010764       TStringList.Grow
 0001:00010798       TStringList.IndexOf
 0001:000107D4       TStringList.Insert
 0001:000107E4       TStringList.InsertObject
 0001:00010838       TStringList.InsertItem
 0001:000108B0       TStringList.Put
 0001:0001090C       TStringList.PutObject
 0001:0001094C       TStringList.QuickSort
 0001:000109E0       TStringList.SetCapacity
 0001:000109FC       TStringList.SetUpdateState
 0001:00010A14       StringListCompareStrings
 0001:00010A28       TStringList.Sort
 0001:00010A38       TStringList.CustomSort
 0001:00010A70       TStringList.CompareStrings
 0001:00010A8C       TStream.GetPosition
 0001:00010AAC       TStream.GetSize
 0001:00010AF8       TStream.SetSize
 0001:00010AFC       TStream.SetSize
 0001:00010B50       RaiseException
 0001:00010B9C       TStream.Seek
 0001:00010C20       TStream.Seek
 0001:00010C90       TStream.WriteBuffer
 0001:00010CC8       THandleStream.Create
 0001:00010D04       THandleStream.Read
 0001:00010D14       THandleStream.Write
 0001:00010D24       THandleStream.Seek
 0001:00010D50       THandleStream.SetSize
 0001:00010D64       THandleStream.SetSize
 0001:00010D8C       TFileStream.Create
 0001:00010DD0       TFileStream.Create
 0001:00010F24       TFileStream.Destroy
 0001:00010F58       RemoveFixupReferences
 0001:00011004       RemoveFixups
 0001:00011088       ReadError
 0001:000110A0       PropValueError
 0001:000110AC       TReader.CheckValue
 0001:000110D0       TReader.EndOfList
 0001:000110E4       TReader.NextValue
 0001:000110F4       TReader.Read
 0001:00011140       TReader.ReadBuffer
 0001:0001117C       TReader.ReadListBegin
 0001:00011184       TReader.ReadListEnd
 0001:0001118C       TReader.ReadStr
 0001:000111C8       TReader.ReadString
 0001:00011284       TReader.ReadWideString
 0001:00011368       TReader.ReadValue
 0001:0001137C       TReader.SkipSetBody
 0001:000113C4       SkipList
 0001:000113EC       SkipBinary
 0001:0001141C       SkipCollection
 0001:00011478       TReader.SkipValue
 0001:00011614       TReader.SkipProperty
 0001:0001165C       TReader.SkipBytes
 0001:000116A4       TWriter.Write
 0001:000116F0       TWriter.WriteBuffer
 0001:00011708       TWriter.WriteListBegin
 0001:00011710       TWriter.WriteListEnd
 0001:00011718       TWriter.WriteMinStr
 0001:000117B0       TWriter.WriteString
 0001:00011804       TWriter.WriteValue
 0001:00011818       InitThreadSynchronization
 0001:0001184C       DoneThreadSynchronization
 0001:00011864       FreeIntConstList
 0001:000118D0       ModuleUnload
 0001:000118D8       Finalization
 0001:00011988       Classes
 0001:00011A1C       AnsiContainsText
 0001:00011A8C       Finalization
 0001:00011ABC       StrUtils
 0001:00011AC4       Finalization
 0001:00011B6C       ModuleDummy
 0002:00000000       ExitCode
 0002:00000004       ErrorAddr
 0002:00000008       FileMode
 0002:0000000C       VarClearProc
 0002:00000010       VarAddRefProc
 0002:00000014       VarCopyProc
 0002:00000018       VarToLStrProc
 0002:0000001C       VarToWStrProc
 0002:00000020       Default8087CW
 0002:00000024       DebugHook
 0002:00000028       JITEnable
 0002:0000002C       NoErrMsg
 0002:00000030       DefaultTextLineBreakStyle
 0002:00000034       LibModuleList
 0002:00000038       ModuleUnloadList
 0002:0000003C       MemoryManager
 0002:00000048       reMap
 0002:00000064       errCaption
 0002:0000006C       runErrMsg
 0002:0000008C       dig
 0002:0000009C       TlsIndex
 0002:000000A0       Module
 0002:000000B8       TlsProc
 0002:000000C8       EmptyStr
 0002:000000CC       EmptyWideStr
 0002:000000D0       Win32Platform
 0002:000000D4       Win32MajorVersion
 0002:000000D8       Win32MinorVersion
 0002:000000DC       Win32BuildNumber
 0002:000000E0       Win32CSDVersion
 0002:000000E4       TwoDigitYearCenturyWindow
 0002:000000E8       MonthDays
 0002:00000118       LeadBytes
 0002:00000138       HexDisplayPrefix
 0002:0000013C       GetDiskFreeSpaceEx
 0002:00000140       cSimpleBoolStrs
 0002:00000148       AccessMode
 0002:00000154       ShareMode
 0002:00000168       FormatErrorStrs
 0002:00000170       FCon1E18
 0002:0000017C       DCon10
 0002:00000180       CWNear
 0002:00000184       FMSecsPerDay
 0002:00000188       IMSecsPerDay
 0002:0000018C       Format
 0002:00000190       DefShortMonthNames
 0002:000001C0       DefLongMonthNames
 0002:000001F0       DefShortDayNames
 0002:0000020C       DefLongDayNames
 0002:00000228       ErrorMap
 0002:00000260       ExceptMap
 0002:00000310       WesternGroups
 0002:00000314       TerminateProcList
 0002:00000318       CResult
 0002:00000320       NullStrictConvert
 0002:00000324       NullAsStringValue
 0002:00000328       BooleanToStringRule
 0002:0000032C       CInvalidCustomVariantType
 0002:00000330       CText
 0002:00000384       CRelationshipToBoolean
 0002:00000398       BooleanIdents
 0002:000003A0       DotSep
 0002:000003A4       SyncList
 0002:00001000       DispCallByIDProc
 0002:00001004       ExceptProc
 0002:00001008       ErrorProc
 0002:0000100C       ExceptClsProc
 0002:00001010       ExceptObjProc
 0002:00001014       RaiseExceptionProc
 0002:00001018       RTLUnwindProc
 0002:0000101C       ExceptionClass
 0002:00001020       AssertErrorProc
 0002:00001024       ExitProcessProc
 0002:00001028       AbstractErrorProc
 0002:0000102C       MainInstance
 0002:00001030       MainThreadID
 0002:00001034       IsLibrary
 0002:00001038       CmdShow
 0002:0000103C       CmdLine
 0002:00001040       ExitProc
 0002:00001044       IsConsole
 0002:00001045       IsMultiThread
 0002:00001046       Test8086
 0002:00001048       Input
 0002:00001214       Output
 0002:000013E0       ErrOutput
 0002:000015AC       AllocMemCount
 0002:000015B0       AllocMemSize
 0002:000015B4       .5
 0002:000015B8       DefaultUserCodePage
 0002:000015BC       initialized
 0002:000015C0       heapErrorCode
 0002:000015C4       heapLock
 0002:000015DC       blockDescBlockList
 0002:000015E0       blockDescFreeList
 0002:000015E4       spaceRoot
 0002:000015F4       decommittedRoot
 0002:00001604       avail
 0002:00001610       rover
 0002:00001614       remBytes
 0002:00001618       curAlloc
 0002:0000161C       smallTab
 0002:00001620       committedRoot
 0002:00001630       InitContext
 0002:0000165C       ModuleIsLib
 0002:0000165D       ModuleIsCpp
 0002:00001660       HInstance
 0002:00001664       DllProc
 0002:00001668       .1
 0002:0000166C       tlsBuffer
 0002:00001670       .1
 0002:00001674       .3
 0002:00001678       .1
 0002:0000167C       CurrencyString
 0002:00001680       CurrencyFormat
 0002:00001681       NegCurrFormat
 0002:00001682       ThousandSeparator
 0002:00001683       DecimalSeparator
 0002:00001684       CurrencyDecimals
 0002:00001685       DateSeparator
 0002:00001688       ShortDateFormat
 0002:0000168C       LongDateFormat
 0002:00001690       TimeSeparator
 0002:00001694       TimeAMString
 0002:00001698       TimePMString
 0002:0000169C       ShortTimeFormat
 0002:000016A0       LongTimeFormat
 0002:000016A4       ShortMonthNames
 0002:000016D4       LongMonthNames
 0002:00001704       ShortDayNames
 0002:00001720       LongDayNames
 0002:0000173C       SysLocale
 0002:0000174A       ListSeparator
 0002:0000174C       EraNames
 0002:00001768       EraYearOffsets
 0002:00001784       TrueBoolStrs
 0002:00001788       FalseBoolStrs
 0002:0000178C       .35
 0002:00001790       OutOfMemory
 0002:00001794       InvalidPointer
 0002:00001798       FLanguages
 0002:0000179C       .1
 0002:000017A0       VariantChangeTypeEx
 0002:000017A4       VarNeg
 0002:000017A8       VarNot
 0002:000017AC       VarAdd
 0002:000017B0       VarSub
 0002:000017B4       VarMul
 0002:000017B8       VarDiv
 0002:000017BC       VarIDiv
 0002:000017C0       VarMod
 0002:000017C4       VarAnd
 0002:000017C8       VarOr
 0002:000017CC       VarXor
 0002:000017D0       VarCmp
 0002:000017D4       VarI4FromStr
 0002:000017D8       VarR4FromStr
 0002:000017DC       VarR8FromStr
 0002:000017E0       VarDateFromStr
 0002:000017E4       VarCyFromStr
 0002:000017E8       VarBoolFromStr
 0002:000017EC       VarBstrFromCy
 0002:000017F0       VarBstrFromDate
 0002:000017F4       VarBstrFromBool
 0002:000017F8       .5
 0002:000017FC       EmptyParam
 0002:0000180C       VarDispProc
 0002:00001810       ClearAnyProc
 0002:00001814       ChangeAnyProc
 0002:00001818       RefAnyProc
 0002:0000181C       .81
 0002:00001820       LVarTypes
 0002:00001824       LVarTypeSync
 0002:0000183C       .1
 0002:00001840       .6
 0002:00001844       .3
 0002:00001848       GlobalNameSpace
 0002:0000184C       SyncEvent
 0002:00001850       .45
 0002:00001854       IntConstList
 0002:00001858       RegGroups
 0002:0000185C       FindGlobalComponentProcs
 0002:00001860       GlobalFixupList
 0002:00001864       ThreadLock
 0002:0000187C       .1


Line numbers for ModuleDummy(C:\Projetos\Delphi\DIscover\test\ModuleDummy\ModuleDummy.dpr) segment .text

    11 0001:00011B6C    12 0001:00011B7C    13 0001:00011B81    15 0001:00011B9A
    16 0001:00011BAD    18 0001:00011BC8    19 0001:00011BE1

Bound resource files

ModuleDummy.res
ModuleDummy.drf


Program entry point at 0001:00011B6C
